oniodel@Pablo-Portatil:~$ ssh niley-dev@108.181.193.15
niley-dev@108.181.193.15's password:
Welcome to Ubuntu 20.04.6 LTS (GNU/Linux 5.4.0-164-generic x86_64)

 * Documentation:  https://help.ubuntu.com
 * Management:     https://landscape.canonical.com
 * Support:        https://ubuntu.com/advantage

  System information as of Tue 24 Oct 2023 08:53:14 PM UTC

  System load:  0.36                Processes:                420
  Usage of /:   84.6% of 214.08GB   Users logged in:          1
  Memory usage: 19%                 IPv4 address for docker0: 172.17.0.1
  Swap usage:   0%                  IPv4 address for eno1:    108.181.193.15
  Temperature:  46.0 C

 * Strictly confined Kubernetes makes edge and IoT secure. Learn how MicroK8s
   just raised the bar for easy, resilient and secure K8s cluster deployment.

   https://ubuntu.com/engage/secure-kubernetes-at-the-edge

Expanded Security Maintenance for Applications is not enabled.

0 updates can be applied immediately.

12 additional security updates can be applied with ESM Apps.
Learn more about enabling ESM Apps service at https://ubuntu.com/esm

New release '22.04.3 LTS' available.
Run 'do-release-upgrade' to upgrade to it.


*** System restart required ***

The programs included with the Ubuntu system are free software;
the exact distribution terms for each program are described in the
individual files in /usr/share/doc/*/copyright.

Ubuntu comes with ABSOLUTELY NO WARRANTY, to the extent permitted by
applicable law.

(base) niley-dev@A1server:~$ conda create pyannote
usage: conda create [-h] [--clone ENV] (-n ENVIRONMENT | -p PATH) [-c CHANNEL] [--use-local] [--override-channels] [--repodata-fn REPODATA_FNS] [--experimental {jlap,lock}] [--no-lock]
                    [--strict-channel-priority] [--no-channel-priority] [--no-deps | --only-deps] [--no-pin] [--copy] [-C] [-k] [--offline] [--json] [-v] [-q] [-d] [-y] [--download-only]
                    [--show-channel-urls] [--file FILE] [--no-default-packages] [--solver {classic,libmamba}] [--dev]
                    [package_spec ...]
conda create: error: one of the arguments -n/--name -p/--prefix is required
(base) niley-dev@A1server:~$ conda create -name pyannote
Collecting package metadata (current_repodata.json): done
Solving environment: unsuccessful attempt using repodata from current_repodata.json, retrying with next repodata source.
Collecting package metadata (repodata.json): done
Solving environment: failed

PackagesNotFoundError: The following packages are not available from current channels:

  - pyannote

Current channels:

  - https://repo.anaconda.com/pkgs/main/linux-64
  - https://repo.anaconda.com/pkgs/main/noarch
  - https://repo.anaconda.com/pkgs/r/linux-64
  - https://repo.anaconda.com/pkgs/r/noarch

To search for alternate channels that may provide the conda package you're
looking for, navigate to

    https://anaconda.org

and use the search bar at the top of the page.


(base) niley-dev@A1server:~$ python
Python 3.11.5 (main, Sep 11 2023, 13:54:46) [GCC 11.2.0] on linux
Type "help", "copyright", "credits" or "license" for more information.
>>> import pytorch
Traceback (most recent call last):
  File "<stdin>", line 1, in <module>
ModuleNotFoundError: No module named 'pytorch'
>>> exit
Use exit() or Ctrl-D (i.e. EOF) to exit
>>>
(base) niley-dev@A1server:~$ conda create tr
usage: conda create [-h] [--clone ENV] (-n ENVIRONMENT | -p PATH) [-c CHANNEL] [--use-local] [--override-channels] [--repodata-fn REPODATA_FNS] [--experimental {jlap,lock}] [--no-lock]
                    [--strict-channel-priority] [--no-channel-priority] [--no-deps | --only-deps] [--no-pin] [--copy] [-C] [-k] [--offline] [--json] [-v] [-q] [-d] [-y] [--download-only]
                    [--show-channel-urls] [--file FILE] [--no-default-packages] [--solver {classic,libmamba}] [--dev]
                    [package_spec ...]
conda create: error: one of the arguments -n/--name -p/--prefix is required
(base) niley-dev@A1server:~$ ffmepeg

Command 'ffmepeg' not found, did you mean:

  command 'ffmpeg' from snap ffmpeg (4.3.1)
  command 'ffmpeg' from deb ffmpeg (7:4.2.7-0ubuntu0.1)

See 'snap info <snapname>' for additional versions.

(base) niley-dev@A1server:~$ ffmpeg

Command 'ffmpeg' not found, but can be installed with:

sudo snap install ffmpeg  # version 4.3.1, or
sudo apt  install ffmpeg  # version 7:4.2.7-0ubuntu0.1

See 'snap info ffmpeg' for additional versions.

(base) niley-dev@A1server:~$ sudo apt  install ffmpeg
[sudo] password for niley-dev:
Sorry, try again.
[sudo] password for niley-dev:
Reading package lists... Done
Building dependency tree
Reading state information... Done
The following additional packages will be installed:
  i965-va-driver intel-media-va-driver libaacs0 libaom0 libass9 libavcodec58 libavdevice58 libavfilter7 libavformat58 libavresample4 libavutil56 libbdplus0 libbluray2 libbs2b0
  libcdio-cdda2 libcdio-paranoia2 libcdio18 libchromaprint1 libcodec2-0.9 libdc1394-22 libfftw3-double3 libflite1 libgme0 libgsm1 libigdgmm11 liblilv-0-0 libmysofa1 libnorm1
  libopenal-data libopenal1 libopenmpt0 libpgm-5.2-0 libpostproc55 librubberband2 libsdl2-2.0-0 libserd-0-0 libshine3 libsnappy1v5 libsndio7.0 libsord-0-0 libsratom-0-0 libssh-gcrypt-4
  libswresample3 libswscale5 libva-drm2 libva-x11-2 libva2 libvidstab1.1 libwebpmux3 libx264-155 libx265-179 libxvidcore4 libzmq5 libzvbi-common libzvbi0 mesa-va-drivers va-driver-all
Suggested packages:
  ffmpeg-doc i965-va-driver-shaders libbluray-bdj libfftw3-bin libfftw3-dev libportaudio2 serdi sndiod sordi
The following NEW packages will be installed:
  ffmpeg i965-va-driver intel-media-va-driver libaacs0 libaom0 libass9 libavcodec58 libavdevice58 libavfilter7 libavformat58 libavresample4 libavutil56 libbdplus0 libbluray2 libbs2b0
  libcdio-cdda2 libcdio-paranoia2 libcdio18 libchromaprint1 libcodec2-0.9 libdc1394-22 libfftw3-double3 libflite1 libgme0 libgsm1 libigdgmm11 liblilv-0-0 libmysofa1 libnorm1
  libopenal-data libopenal1 libopenmpt0 libpgm-5.2-0 libpostproc55 librubberband2 libsdl2-2.0-0 libserd-0-0 libshine3 libsnappy1v5 libsndio7.0 libsord-0-0 libsratom-0-0 libssh-gcrypt-4
  libswresample3 libswscale5 libva-drm2 libva-x11-2 libva2 libvidstab1.1 libwebpmux3 libx264-155 libx265-179 libxvidcore4 libzmq5 libzvbi-common libzvbi0 mesa-va-drivers va-driver-all
0 upgraded, 58 newly installed, 0 to remove and 0 not upgraded.
Need to get 43.1 MB of archives.
After this operation, 158 MB of additional disk space will be used.
Do you want to continue? [Y/n] y
Get:1 http://ca.archive.ubuntu.com/ubuntu focal-updates/universe amd64 libaom0 amd64 1.0.0.errata1-3+deb11u1build0.20.04.1 [1,161 kB]
Get:2 http://ca.archive.ubuntu.com/ubuntu focal/universe amd64 libva2 amd64 2.7.0-2 [53.5 kB]
Get:3 http://ca.archive.ubuntu.com/ubuntu focal/universe amd64 libva-drm2 amd64 2.7.0-2 [7,044 B]
Get:4 http://ca.archive.ubuntu.com/ubuntu focal/universe amd64 libva-x11-2 amd64 2.7.0-2 [11.9 kB]
Get:5 http://ca.archive.ubuntu.com/ubuntu focal-updates/universe amd64 libavutil56 amd64 7:4.2.7-0ubuntu0.1 [241 kB]
Get:6 http://ca.archive.ubuntu.com/ubuntu focal/universe amd64 libcodec2-0.9 amd64 0.9.2-2 [7,886 kB]
Get:7 http://ca.archive.ubuntu.com/ubuntu focal/universe amd64 libgsm1 amd64 1.0.18-2 [24.4 kB]
Get:8 http://ca.archive.ubuntu.com/ubuntu focal/universe amd64 libshine3 amd64 3.1.1-2 [23.2 kB]
Get:9 http://ca.archive.ubuntu.com/ubuntu focal/main amd64 libsnappy1v5 amd64 1.1.8-1build1 [16.7 kB]
Get:10 http://ca.archive.ubuntu.com/ubuntu focal-updates/universe amd64 libswresample3 amd64 7:4.2.7-0ubuntu0.1 [57.1 kB]
Get:11 http://ca.archive.ubuntu.com/ubuntu focal-updates/main amd64 libwebpmux3 amd64 0.6.1-2ubuntu0.20.04.3 [19.5 kB]
Get:12 http://ca.archive.ubuntu.com/ubuntu focal/universe amd64 libx264-155 amd64 2:0.155.2917+git0a84d98-2 [521 kB]
Get:13 http://ca.archive.ubuntu.com/ubuntu focal/universe amd64 libx265-179 amd64 3.2.1-1build1 [1,060 kB]
Get:14 http://ca.archive.ubuntu.com/ubuntu focal/universe amd64 libxvidcore4 amd64 2:1.3.7-1 [201 kB]
Get:15 http://ca.archive.ubuntu.com/ubuntu focal/universe amd64 libzvbi-common all 0.2.35-17 [32.5 kB]
Get:16 http://ca.archive.ubuntu.com/ubuntu focal/universe amd64 libzvbi0 amd64 0.2.35-17 [237 kB]
Get:17 http://ca.archive.ubuntu.com/ubuntu focal-updates/universe amd64 libavcodec58 amd64 7:4.2.7-0ubuntu0.1 [4,878 kB]
Get:18 http://ca.archive.ubuntu.com/ubuntu focal/universe amd64 libass9 amd64 1:0.14.0-2 [88.0 kB]
Get:19 http://ca.archive.ubuntu.com/ubuntu focal/universe amd64 libbluray2 amd64 1:1.2.0-1 [138 kB]
Get:20 http://ca.archive.ubuntu.com/ubuntu focal/universe amd64 libchromaprint1 amd64 1.4.3-3build1 [37.6 kB]
Get:21 http://ca.archive.ubuntu.com/ubuntu focal/universe amd64 libgme0 amd64 0.6.2-1build1 [123 kB]
Get:22 http://ca.archive.ubuntu.com/ubuntu focal/universe amd64 libopenmpt0 amd64 0.4.11-1build1 [599 kB]
Get:23 http://ca.archive.ubuntu.com/ubuntu focal-updates/main amd64 libssh-gcrypt-4 amd64 0.9.3-2ubuntu2.3 [202 kB]
Get:24 http://ca.archive.ubuntu.com/ubuntu focal-updates/universe amd64 libavformat58 amd64 7:4.2.7-0ubuntu0.1 [985 kB]
Get:25 http://ca.archive.ubuntu.com/ubuntu focal/universe amd64 libbs2b0 amd64 3.1.0+dfsg-2.2build1 [10.2 kB]
Get:26 http://ca.archive.ubuntu.com/ubuntu focal/universe amd64 libflite1 amd64 2.1-release-3 [12.8 MB]
Get:27 http://ca.archive.ubuntu.com/ubuntu focal/universe amd64 libserd-0-0 amd64 0.30.2-1 [46.6 kB]
Get:28 http://ca.archive.ubuntu.com/ubuntu focal/universe amd64 libsord-0-0 amd64 0.16.4-1 [19.5 kB]
Get:29 http://ca.archive.ubuntu.com/ubuntu focal/universe amd64 libsratom-0-0 amd64 0.6.4-1 [16.9 kB]
Get:30 http://ca.archive.ubuntu.com/ubuntu focal-updates/universe amd64 liblilv-0-0 amd64 0.24.6-1ubuntu0.1 [40.6 kB]
Get:31 http://ca.archive.ubuntu.com/ubuntu focal/universe amd64 libmysofa1 amd64 1.0~dfsg0-1 [39.2 kB]
Get:32 http://ca.archive.ubuntu.com/ubuntu focal-updates/universe amd64 libpostproc55 amd64 7:4.2.7-0ubuntu0.1 [55.0 kB]
Get:33 http://ca.archive.ubuntu.com/ubuntu focal/main amd64 libfftw3-double3 amd64 3.3.8-2ubuntu1 [728 kB]
Get:34 http://ca.archive.ubuntu.com/ubuntu focal/universe amd64 librubberband2 amd64 1.8.2-1build1 [89.4 kB]
Get:35 http://ca.archive.ubuntu.com/ubuntu focal-updates/universe amd64 libswscale5 amd64 7:4.2.7-0ubuntu0.1 [157 kB]
Get:36 http://ca.archive.ubuntu.com/ubuntu focal/universe amd64 libvidstab1.1 amd64 1.1.0-2 [35.0 kB]
Get:37 http://ca.archive.ubuntu.com/ubuntu focal/universe amd64 libnorm1 amd64 1.5.8+dfsg2-2build1 [290 kB]
Get:38 http://ca.archive.ubuntu.com/ubuntu focal/universe amd64 libpgm-5.2-0 amd64 5.2.122~dfsg-3ubuntu1 [158 kB]
Get:39 http://ca.archive.ubuntu.com/ubuntu focal/universe amd64 libzmq5 amd64 4.3.2-2ubuntu1 [242 kB]
Get:40 http://ca.archive.ubuntu.com/ubuntu focal-updates/universe amd64 libavfilter7 amd64 7:4.2.7-0ubuntu0.1 [1,085 kB]
Get:41 http://ca.archive.ubuntu.com/ubuntu focal/main amd64 libcdio18 amd64 2.0.0-2 [58.6 kB]
Get:42 http://ca.archive.ubuntu.com/ubuntu focal/main amd64 libcdio-cdda2 amd64 10.2+2.0.0-1 [17.6 kB]
Get:43 http://ca.archive.ubuntu.com/ubuntu focal/main amd64 libcdio-paranoia2 amd64 10.2+2.0.0-1 [16.2 kB]
Get:44 http://ca.archive.ubuntu.com/ubuntu focal/universe amd64 libdc1394-22 amd64 2.2.5-2.1 [79.6 kB]
Get:45 http://ca.archive.ubuntu.com/ubuntu focal/universe amd64 libopenal-data all 1:1.19.1-1 [162 kB]
Get:46 http://ca.archive.ubuntu.com/ubuntu focal/universe amd64 libsndio7.0 amd64 1.5.0-3 [24.5 kB]
Get:47 http://ca.archive.ubuntu.com/ubuntu focal/universe amd64 libopenal1 amd64 1:1.19.1-1 [492 kB]
Get:48 http://ca.archive.ubuntu.com/ubuntu focal/universe amd64 libsdl2-2.0-0 amd64 2.0.10+dfsg1-3 [407 kB]
Get:49 http://ca.archive.ubuntu.com/ubuntu focal-updates/universe amd64 libavdevice58 amd64 7:4.2.7-0ubuntu0.1 [74.3 kB]
Get:50 http://ca.archive.ubuntu.com/ubuntu focal-updates/universe amd64 libavresample4 amd64 7:4.2.7-0ubuntu0.1 [54.2 kB]
Get:51 http://ca.archive.ubuntu.com/ubuntu focal-updates/universe amd64 ffmpeg amd64 7:4.2.7-0ubuntu0.1 [1,453 kB]
Get:52 http://ca.archive.ubuntu.com/ubuntu focal/universe amd64 libigdgmm11 amd64 20.1.1+ds1-1 [111 kB]
Get:53 http://ca.archive.ubuntu.com/ubuntu focal/universe amd64 intel-media-va-driver amd64 20.1.1+dfsg1-1 [1,764 kB]
Get:54 http://ca.archive.ubuntu.com/ubuntu focal/universe amd64 libaacs0 amd64 0.9.0-2 [50.1 kB]
Get:55 http://ca.archive.ubuntu.com/ubuntu focal/universe amd64 libbdplus0 amd64 0.1.2-3 [47.3 kB]
Get:56 http://ca.archive.ubuntu.com/ubuntu focal-updates/universe amd64 mesa-va-drivers amd64 21.2.6-0ubuntu0.1~20.04.2 [2,970 kB]
Get:57 http://ca.archive.ubuntu.com/ubuntu focal/universe amd64 i965-va-driver amd64 2.4.0-0ubuntu1 [924 kB]
Get:58 http://ca.archive.ubuntu.com/ubuntu focal/universe amd64 va-driver-all amd64 2.7.0-2 [4,020 B]
Fetched 43.1 MB in 4s (10.2 MB/s)
Extracting templates from packages: 100%
Selecting previously unselected package libaom0:amd64.
(Reading database ... 197532 files and directories currently installed.)
Preparing to unpack .../00-libaom0_1.0.0.errata1-3+deb11u1build0.20.04.1_amd64.deb ...
Unpacking libaom0:amd64 (1.0.0.errata1-3+deb11u1build0.20.04.1) ...
Selecting previously unselected package libva2:amd64.
Preparing to unpack .../01-libva2_2.7.0-2_amd64.deb ...
Unpacking libva2:amd64 (2.7.0-2) ...
Selecting previously unselected package libva-drm2:amd64.
Preparing to unpack .../02-libva-drm2_2.7.0-2_amd64.deb ...
Unpacking libva-drm2:amd64 (2.7.0-2) ...
Selecting previously unselected package libva-x11-2:amd64.
Preparing to unpack .../03-libva-x11-2_2.7.0-2_amd64.deb ...
Unpacking libva-x11-2:amd64 (2.7.0-2) ...
Selecting previously unselected package libavutil56:amd64.
Preparing to unpack .../04-libavutil56_7%3a4.2.7-0ubuntu0.1_amd64.deb ...
Unpacking libavutil56:amd64 (7:4.2.7-0ubuntu0.1) ...
Selecting previously unselected package libcodec2-0.9:amd64.
Preparing to unpack .../05-libcodec2-0.9_0.9.2-2_amd64.deb ...
Unpacking libcodec2-0.9:amd64 (0.9.2-2) ...
Selecting previously unselected package libgsm1:amd64.
Preparing to unpack .../06-libgsm1_1.0.18-2_amd64.deb ...
Unpacking libgsm1:amd64 (1.0.18-2) ...
Selecting previously unselected package libshine3:amd64.
Preparing to unpack .../07-libshine3_3.1.1-2_amd64.deb ...
Unpacking libshine3:amd64 (3.1.1-2) ...
Selecting previously unselected package libsnappy1v5:amd64.
Preparing to unpack .../08-libsnappy1v5_1.1.8-1build1_amd64.deb ...
Unpacking libsnappy1v5:amd64 (1.1.8-1build1) ...
Selecting previously unselected package libswresample3:amd64.
Preparing to unpack .../09-libswresample3_7%3a4.2.7-0ubuntu0.1_amd64.deb ...
Unpacking libswresample3:amd64 (7:4.2.7-0ubuntu0.1) ...
Selecting previously unselected package libwebpmux3:amd64.
Preparing to unpack .../10-libwebpmux3_0.6.1-2ubuntu0.20.04.3_amd64.deb ...
Unpacking libwebpmux3:amd64 (0.6.1-2ubuntu0.20.04.3) ...
Selecting previously unselected package libx264-155:amd64.
Preparing to unpack .../11-libx264-155_2%3a0.155.2917+git0a84d98-2_amd64.deb ...
Unpacking libx264-155:amd64 (2:0.155.2917+git0a84d98-2) ...
Selecting previously unselected package libx265-179:amd64.
Preparing to unpack .../12-libx265-179_3.2.1-1build1_amd64.deb ...
Unpacking libx265-179:amd64 (3.2.1-1build1) ...
Selecting previously unselected package libxvidcore4:amd64.
Preparing to unpack .../13-libxvidcore4_2%3a1.3.7-1_amd64.deb ...
Unpacking libxvidcore4:amd64 (2:1.3.7-1) ...
Selecting previously unselected package libzvbi-common.
Preparing to unpack .../14-libzvbi-common_0.2.35-17_all.deb ...
Unpacking libzvbi-common (0.2.35-17) ...
Selecting previously unselected package libzvbi0:amd64.
Preparing to unpack .../15-libzvbi0_0.2.35-17_amd64.deb ...
Unpacking libzvbi0:amd64 (0.2.35-17) ...
Selecting previously unselected package libavcodec58:amd64.
Preparing to unpack .../16-libavcodec58_7%3a4.2.7-0ubuntu0.1_amd64.deb ...
Unpacking libavcodec58:amd64 (7:4.2.7-0ubuntu0.1) ...
Selecting previously unselected package libass9:amd64.
Preparing to unpack .../17-libass9_1%3a0.14.0-2_amd64.deb ...
Unpacking libass9:amd64 (1:0.14.0-2) ...
Selecting previously unselected package libbluray2:amd64.
Preparing to unpack .../18-libbluray2_1%3a1.2.0-1_amd64.deb ...
Unpacking libbluray2:amd64 (1:1.2.0-1) ...
Selecting previously unselected package libchromaprint1:amd64.
Preparing to unpack .../19-libchromaprint1_1.4.3-3build1_amd64.deb ...
Unpacking libchromaprint1:amd64 (1.4.3-3build1) ...
Selecting previously unselected package libgme0:amd64.
Preparing to unpack .../20-libgme0_0.6.2-1build1_amd64.deb ...
Unpacking libgme0:amd64 (0.6.2-1build1) ...
Selecting previously unselected package libopenmpt0:amd64.
Preparing to unpack .../21-libopenmpt0_0.4.11-1build1_amd64.deb ...
Unpacking libopenmpt0:amd64 (0.4.11-1build1) ...
Selecting previously unselected package libssh-gcrypt-4:amd64.
Preparing to unpack .../22-libssh-gcrypt-4_0.9.3-2ubuntu2.3_amd64.deb ...
Unpacking libssh-gcrypt-4:amd64 (0.9.3-2ubuntu2.3) ...
Selecting previously unselected package libavformat58:amd64.
Preparing to unpack .../23-libavformat58_7%3a4.2.7-0ubuntu0.1_amd64.deb ...
Unpacking libavformat58:amd64 (7:4.2.7-0ubuntu0.1) ...
Selecting previously unselected package libbs2b0:amd64.
Preparing to unpack .../24-libbs2b0_3.1.0+dfsg-2.2build1_amd64.deb ...
Unpacking libbs2b0:amd64 (3.1.0+dfsg-2.2build1) ...
Selecting previously unselected package libflite1:amd64.
Preparing to unpack .../25-libflite1_2.1-release-3_amd64.deb ...
Unpacking libflite1:amd64 (2.1-release-3) ...
Selecting previously unselected package libserd-0-0:amd64.
Preparing to unpack .../26-libserd-0-0_0.30.2-1_amd64.deb ...
Unpacking libserd-0-0:amd64 (0.30.2-1) ...
Selecting previously unselected package libsord-0-0:amd64.
Preparing to unpack .../27-libsord-0-0_0.16.4-1_amd64.deb ...
Unpacking libsord-0-0:amd64 (0.16.4-1) ...
Selecting previously unselected package libsratom-0-0:amd64.
Preparing to unpack .../28-libsratom-0-0_0.6.4-1_amd64.deb ...
Unpacking libsratom-0-0:amd64 (0.6.4-1) ...
Selecting previously unselected package liblilv-0-0:amd64.
Preparing to unpack .../29-liblilv-0-0_0.24.6-1ubuntu0.1_amd64.deb ...
Unpacking liblilv-0-0:amd64 (0.24.6-1ubuntu0.1) ...
Selecting previously unselected package libmysofa1:amd64.
Preparing to unpack .../30-libmysofa1_1.0~dfsg0-1_amd64.deb ...
Unpacking libmysofa1:amd64 (1.0~dfsg0-1) ...
Selecting previously unselected package libpostproc55:amd64.
Preparing to unpack .../31-libpostproc55_7%3a4.2.7-0ubuntu0.1_amd64.deb ...
Unpacking libpostproc55:amd64 (7:4.2.7-0ubuntu0.1) ...
Selecting previously unselected package libfftw3-double3:amd64.
Preparing to unpack .../32-libfftw3-double3_3.3.8-2ubuntu1_amd64.deb ...
Unpacking libfftw3-double3:amd64 (3.3.8-2ubuntu1) ...
Selecting previously unselected package librubberband2:amd64.
Preparing to unpack .../33-librubberband2_1.8.2-1build1_amd64.deb ...
Unpacking librubberband2:amd64 (1.8.2-1build1) ...
Selecting previously unselected package libswscale5:amd64.
Preparing to unpack .../34-libswscale5_7%3a4.2.7-0ubuntu0.1_amd64.deb ...
Unpacking libswscale5:amd64 (7:4.2.7-0ubuntu0.1) ...
Selecting previously unselected package libvidstab1.1:amd64.
Preparing to unpack .../35-libvidstab1.1_1.1.0-2_amd64.deb ...
Unpacking libvidstab1.1:amd64 (1.1.0-2) ...
Selecting previously unselected package libnorm1:amd64.
Preparing to unpack .../36-libnorm1_1.5.8+dfsg2-2build1_amd64.deb ...
Unpacking libnorm1:amd64 (1.5.8+dfsg2-2build1) ...
Selecting previously unselected package libpgm-5.2-0:amd64.
Preparing to unpack .../37-libpgm-5.2-0_5.2.122~dfsg-3ubuntu1_amd64.deb ...
Unpacking libpgm-5.2-0:amd64 (5.2.122~dfsg-3ubuntu1) ...
Selecting previously unselected package libzmq5:amd64.
Preparing to unpack .../38-libzmq5_4.3.2-2ubuntu1_amd64.deb ...
Unpacking libzmq5:amd64 (4.3.2-2ubuntu1) ...
Selecting previously unselected package libavfilter7:amd64.
Preparing to unpack .../39-libavfilter7_7%3a4.2.7-0ubuntu0.1_amd64.deb ...
Unpacking libavfilter7:amd64 (7:4.2.7-0ubuntu0.1) ...
Selecting previously unselected package libcdio18:amd64.
Preparing to unpack .../40-libcdio18_2.0.0-2_amd64.deb ...
Unpacking libcdio18:amd64 (2.0.0-2) ...
Selecting previously unselected package libcdio-cdda2:amd64.
Preparing to unpack .../41-libcdio-cdda2_10.2+2.0.0-1_amd64.deb ...
Unpacking libcdio-cdda2:amd64 (10.2+2.0.0-1) ...
Selecting previously unselected package libcdio-paranoia2:amd64.
Preparing to unpack .../42-libcdio-paranoia2_10.2+2.0.0-1_amd64.deb ...
Unpacking libcdio-paranoia2:amd64 (10.2+2.0.0-1) ...
Selecting previously unselected package libdc1394-22:amd64.
Preparing to unpack .../43-libdc1394-22_2.2.5-2.1_amd64.deb ...
Unpacking libdc1394-22:amd64 (2.2.5-2.1) ...
Selecting previously unselected package libopenal-data.
Preparing to unpack .../44-libopenal-data_1%3a1.19.1-1_all.deb ...
Unpacking libopenal-data (1:1.19.1-1) ...
Selecting previously unselected package libsndio7.0:amd64.
Preparing to unpack .../45-libsndio7.0_1.5.0-3_amd64.deb ...
Unpacking libsndio7.0:amd64 (1.5.0-3) ...
Selecting previously unselected package libopenal1:amd64.
Preparing to unpack .../46-libopenal1_1%3a1.19.1-1_amd64.deb ...
Unpacking libopenal1:amd64 (1:1.19.1-1) ...
Selecting previously unselected package libsdl2-2.0-0:amd64.
Preparing to unpack .../47-libsdl2-2.0-0_2.0.10+dfsg1-3_amd64.deb ...
Unpacking libsdl2-2.0-0:amd64 (2.0.10+dfsg1-3) ...
Selecting previously unselected package libavdevice58:amd64.
Preparing to unpack .../48-libavdevice58_7%3a4.2.7-0ubuntu0.1_amd64.deb ...
Unpacking libavdevice58:amd64 (7:4.2.7-0ubuntu0.1) ...
Selecting previously unselected package libavresample4:amd64.
Preparing to unpack .../49-libavresample4_7%3a4.2.7-0ubuntu0.1_amd64.deb ...
Unpacking libavresample4:amd64 (7:4.2.7-0ubuntu0.1) ...
Selecting previously unselected package ffmpeg.
Preparing to unpack .../50-ffmpeg_7%3a4.2.7-0ubuntu0.1_amd64.deb ...
Unpacking ffmpeg (7:4.2.7-0ubuntu0.1) ...
Selecting previously unselected package libigdgmm11:amd64.
Preparing to unpack .../51-libigdgmm11_20.1.1+ds1-1_amd64.deb ...
Unpacking libigdgmm11:amd64 (20.1.1+ds1-1) ...
Selecting previously unselected package intel-media-va-driver:amd64.
Preparing to unpack .../52-intel-media-va-driver_20.1.1+dfsg1-1_amd64.deb ...
Unpacking intel-media-va-driver:amd64 (20.1.1+dfsg1-1) ...
Selecting previously unselected package libaacs0:amd64.
Preparing to unpack .../53-libaacs0_0.9.0-2_amd64.deb ...
Unpacking libaacs0:amd64 (0.9.0-2) ...
Selecting previously unselected package libbdplus0:amd64.
Preparing to unpack .../54-libbdplus0_0.1.2-3_amd64.deb ...
Unpacking libbdplus0:amd64 (0.1.2-3) ...
Selecting previously unselected package mesa-va-drivers:amd64.
Preparing to unpack .../55-mesa-va-drivers_21.2.6-0ubuntu0.1~20.04.2_amd64.deb ...
Unpacking mesa-va-drivers:amd64 (21.2.6-0ubuntu0.1~20.04.2) ...
Selecting previously unselected package i965-va-driver:amd64.
Preparing to unpack .../56-i965-va-driver_2.4.0-0ubuntu1_amd64.deb ...
Unpacking i965-va-driver:amd64 (2.4.0-0ubuntu1) ...
Selecting previously unselected package va-driver-all:amd64.
Preparing to unpack .../57-va-driver-all_2.7.0-2_amd64.deb ...
Unpacking va-driver-all:amd64 (2.7.0-2) ...
Setting up libgme0:amd64 (0.6.2-1build1) ...
Setting up libssh-gcrypt-4:amd64 (0.9.3-2ubuntu2.3) ...
Setting up libshine3:amd64 (3.1.1-2) ...
Setting up libgsm1:amd64 (1.0.18-2) ...
Setting up libx264-155:amd64 (2:0.155.2917+git0a84d98-2) ...
Setting up libx265-179:amd64 (3.2.1-1build1) ...
Setting up libaom0:amd64 (1.0.0.errata1-3+deb11u1build0.20.04.1) ...
Setting up libnorm1:amd64 (1.5.8+dfsg2-2build1) ...
Setting up libmysofa1:amd64 (1.0~dfsg0-1) ...
Setting up libdc1394-22:amd64 (2.2.5-2.1) ...
Setting up libcdio18:amd64 (2.0.0-2) ...
Setting up libxvidcore4:amd64 (2:1.3.7-1) ...
Setting up libsnappy1v5:amd64 (1.1.8-1build1) ...
Setting up libass9:amd64 (1:0.14.0-2) ...
Setting up libva2:amd64 (2.7.0-2) ...
Setting up libigdgmm11:amd64 (20.1.1+ds1-1) ...
Setting up libcodec2-0.9:amd64 (0.9.2-2) ...
Setting up intel-media-va-driver:amd64 (20.1.1+dfsg1-1) ...
Setting up libaacs0:amd64 (0.9.0-2) ...
Setting up libfftw3-double3:amd64 (3.3.8-2ubuntu1) ...
Setting up librubberband2:amd64 (1.8.2-1build1) ...
Setting up libsndio7.0:amd64 (1.5.0-3) ...
Setting up libbdplus0:amd64 (0.1.2-3) ...
Setting up libvidstab1.1:amd64 (1.1.0-2) ...
Setting up libflite1:amd64 (2.1-release-3) ...
Setting up libva-drm2:amd64 (2.7.0-2) ...
Setting up libbs2b0:amd64 (3.1.0+dfsg-2.2build1) ...
Setting up libopenal-data (1:1.19.1-1) ...
Setting up mesa-va-drivers:amd64 (21.2.6-0ubuntu0.1~20.04.2) ...
Setting up libbluray2:amd64 (1:1.2.0-1) ...
Setting up libsdl2-2.0-0:amd64 (2.0.10+dfsg1-3) ...
Setting up libva-x11-2:amd64 (2.7.0-2) ...
Setting up libwebpmux3:amd64 (0.6.1-2ubuntu0.20.04.3) ...
Setting up libopenmpt0:amd64 (0.4.11-1build1) ...
Setting up libzvbi-common (0.2.35-17) ...
Setting up i965-va-driver:amd64 (2.4.0-0ubuntu1) ...
Setting up libpgm-5.2-0:amd64 (5.2.122~dfsg-3ubuntu1) ...
Setting up libserd-0-0:amd64 (0.30.2-1) ...
Setting up libzvbi0:amd64 (0.2.35-17) ...
Setting up libzmq5:amd64 (4.3.2-2ubuntu1) ...
Setting up libcdio-cdda2:amd64 (10.2+2.0.0-1) ...
Setting up libcdio-paranoia2:amd64 (10.2+2.0.0-1) ...
Setting up libopenal1:amd64 (1:1.19.1-1) ...
Setting up libavutil56:amd64 (7:4.2.7-0ubuntu0.1) ...
Setting up va-driver-all:amd64 (2.7.0-2) ...
Setting up libpostproc55:amd64 (7:4.2.7-0ubuntu0.1) ...
Setting up libsord-0-0:amd64 (0.16.4-1) ...
Setting up libsratom-0-0:amd64 (0.6.4-1) ...
Setting up libswscale5:amd64 (7:4.2.7-0ubuntu0.1) ...
Setting up liblilv-0-0:amd64 (0.24.6-1ubuntu0.1) ...
Setting up libswresample3:amd64 (7:4.2.7-0ubuntu0.1) ...
Setting up libavresample4:amd64 (7:4.2.7-0ubuntu0.1) ...
Setting up libavcodec58:amd64 (7:4.2.7-0ubuntu0.1) ...
Setting up libchromaprint1:amd64 (1.4.3-3build1) ...
Setting up libavformat58:amd64 (7:4.2.7-0ubuntu0.1) ...
Setting up libavfilter7:amd64 (7:4.2.7-0ubuntu0.1) ...
Setting up libavdevice58:amd64 (7:4.2.7-0ubuntu0.1) ...
Setting up ffmpeg (7:4.2.7-0ubuntu0.1) ...
Processing triggers for man-db (2.9.1-1) ...
Processing triggers for libc-bin (2.31-0ubuntu9.12) ...
(base) niley-dev@A1server:~$ conda create -n TR python=3.8
Collecting package metadata (current_repodata.json): done
Solving environment: done

## Package Plan ##

  environment location: /home/niley-dev/miniconda3/envs/TR

  added / updated specs:
    - python=3.8


The following packages will be downloaded:

    package                    |            build
    ---------------------------|-----------------
    pip-23.3                   |   py38h06a4308_0         2.6 MB
    python-3.8.18              |       h955ad1f_0        25.3 MB
    setuptools-68.0.0          |   py38h06a4308_0         927 KB
    wheel-0.41.2               |   py38h06a4308_0         108 KB
    ------------------------------------------------------------
                                           Total:        28.9 MB

The following NEW packages will be INSTALLED:

  _libgcc_mutex      pkgs/main/linux-64::_libgcc_mutex-0.1-main
  _openmp_mutex      pkgs/main/linux-64::_openmp_mutex-5.1-1_gnu
  ca-certificates    pkgs/main/linux-64::ca-certificates-2023.08.22-h06a4308_0
  ld_impl_linux-64   pkgs/main/linux-64::ld_impl_linux-64-2.38-h1181459_1
  libffi             pkgs/main/linux-64::libffi-3.4.4-h6a678d5_0
  libgcc-ng          pkgs/main/linux-64::libgcc-ng-11.2.0-h1234567_1
  libgomp            pkgs/main/linux-64::libgomp-11.2.0-h1234567_1
  libstdcxx-ng       pkgs/main/linux-64::libstdcxx-ng-11.2.0-h1234567_1
  ncurses            pkgs/main/linux-64::ncurses-6.4-h6a678d5_0
  openssl            pkgs/main/linux-64::openssl-3.0.11-h7f8727e_2
  pip                pkgs/main/linux-64::pip-23.3-py38h06a4308_0
  python             pkgs/main/linux-64::python-3.8.18-h955ad1f_0
  readline           pkgs/main/linux-64::readline-8.2-h5eee18b_0
  setuptools         pkgs/main/linux-64::setuptools-68.0.0-py38h06a4308_0
  sqlite             pkgs/main/linux-64::sqlite-3.41.2-h5eee18b_0
  tk                 pkgs/main/linux-64::tk-8.6.12-h1ccaba5_0
  wheel              pkgs/main/linux-64::wheel-0.41.2-py38h06a4308_0
  xz                 pkgs/main/linux-64::xz-5.4.2-h5eee18b_0
  zlib               pkgs/main/linux-64::zlib-1.2.13-h5eee18b_0


Proceed ([y]/n)? Y


Downloading and Extracting Packages:

Preparing transaction: done
Verifying transaction: done
Executing transaction: done
#
# To activate this environment, use
#
#     $ conda activate TR
#
# To deactivate an active environment, use
#
#     $ conda deactivate

(base) niley-dev@A1server:~$ conda activate PR

EnvironmentNameNotFound: Could not find conda environment: PR
You can list all discoverable environments with `conda info --envs`.


(base) niley-dev@A1server:~$ conda activate TR
(TR) niley-dev@A1server:~$ git clone https://github.com/pabloantoniodel/TranlatorIA/
Cloning into 'TranlatorIA'...
Username for 'https://github.com': pabloantoniodel@gmail.com
Password for 'https://pabloantoniodel@gmail.com@github.com':
remote: Enumerating objects: 646, done.
remote: Counting objects: 100% (208/208), done.
remote: Compressing objects: 100% (139/139), done.
remote: Total 646 (delta 105), reused 130 (delta 57), pack-reused 438
Receiving objects: 100% (646/646), 4.09 MiB | 7.23 MiB/s, done.
Resolving deltas: 100% (175/175), done.
(TR) niley-dev@A1server:~$ cd TR
-bash: cd: TR: No such file or directory
(TR) niley-dev@A1server:~$ cd T*
(TR) niley-dev@A1server:~/TranlatorIA$ ls
data  __init__.py  omega-byte-379616-2271910f9b2b.json  README.md  requirements.txt  src
(TR) niley-dev@A1server:~/TranlatorIA$ conda install pytorch torchvision torchaudio pytorch-cuda=11.8 -c pytorch -c nvidia
Collecting package metadata (current_repodata.json): done
Solving environment: unsuccessful initial attempt using frozen solve. Retrying with flexible solve.
Solving environment: unsuccessful attempt using repodata from current_repodata.json, retrying with next repodata source.
Collecting package metadata (repodata.json): done
Solving environment: done

## Package Plan ##

  environment location: /home/niley-dev/miniconda3/envs/TR

  added / updated specs:
    - pytorch
    - pytorch-cuda=11.8
    - torchaudio
    - torchvision


The following packages will be downloaded:

    package                    |            build
    ---------------------------|-----------------
    blas-1.0                   |              mkl           6 KB
    brotlipy-0.7.0             |py38h27cfd23_1003         323 KB
    certifi-2023.7.22          |   py38h06a4308_0         153 KB
    cffi-1.15.1                |   py38h5eee18b_3         241 KB
    cryptography-41.0.3        |   py38hdda0065_0         2.0 MB
    cuda-cudart-11.8.89        |                0         197 KB  nvidia
    cuda-cupti-11.8.87         |                0        25.3 MB  nvidia
    cuda-libraries-11.8.0      |                0           1 KB  nvidia
    cuda-nvrtc-11.8.89         |                0        19.1 MB  nvidia
    cuda-nvtx-11.8.86          |                0          57 KB  nvidia
    cuda-runtime-11.8.0        |                0           1 KB  nvidia
    ffmpeg-4.3                 |       hf484d3e_0         9.9 MB  pytorch
    filelock-3.9.0             |   py38h06a4308_0          18 KB
    freetype-2.12.1            |       h4a9f257_0         626 KB
    giflib-5.2.1               |       h5eee18b_3          80 KB
    gmp-6.2.1                  |       h295c915_3         544 KB
    gmpy2-2.1.2                |   py38heeb90bb_0         191 KB
    gnutls-3.6.15              |       he1e5248_0         1.0 MB
    idna-3.4                   |   py38h06a4308_0          93 KB
    intel-openmp-2023.1.0      |   hdb19cb5_46305        17.1 MB
    jinja2-3.1.2               |   py38h06a4308_0         211 KB
    jpeg-9e                    |       h5eee18b_1         262 KB
    lame-3.100                 |       h7b6447c_0         323 KB
    lcms2-2.12                 |       h3be6417_0         312 KB
    lerc-3.0                   |       h295c915_0         196 KB
    libcublas-11.11.3.6        |                0       364.0 MB  nvidia
    libcufft-10.9.0.58         |                0       142.8 MB  nvidia
    libcufile-1.8.0.34         |                0         1.0 MB  nvidia
    libcurand-10.3.4.52        |                0        51.8 MB  nvidia
    libcusolver-11.4.1.48      |                0        96.5 MB  nvidia
    libcusparse-11.7.5.86      |                0       176.3 MB  nvidia
    libdeflate-1.17            |       h5eee18b_1          64 KB
    libiconv-1.16              |       h7f8727e_2         736 KB
    libidn2-2.3.4              |       h5eee18b_0         146 KB
    libjpeg-turbo-2.0.0        |       h9bf148f_0         950 KB  pytorch
    libnpp-11.8.0.86           |                0       147.8 MB  nvidia
    libnvjpeg-11.9.0.86        |                0         2.4 MB  nvidia
    libpng-1.6.39              |       h5eee18b_0         304 KB
    libtasn1-4.19.0            |       h5eee18b_0          63 KB
    libtiff-4.5.1              |       h6a678d5_0         533 KB
    libunistring-0.9.10        |       h27cfd23_0         536 KB
    libwebp-1.3.2              |       h11a3e52_0          87 KB
    libwebp-base-1.3.2         |       h5eee18b_0         387 KB
    llvm-openmp-14.0.6         |       h9e868ea_0         4.4 MB
    markupsafe-2.1.1           |   py38h7f8727e_0          21 KB
    mkl-2023.1.0               |   h213fc3f_46343       171.6 MB
    mkl-service-2.4.0          |   py38h5eee18b_1          54 KB
    mkl_fft-1.3.8              |   py38h5eee18b_0         221 KB
    mkl_random-1.2.4           |   py38hdb19cb5_0         327 KB
    mpc-1.1.0                  |       h10f8cd9_1          90 KB
    mpfr-4.0.2                 |       hb69a4c5_1         487 KB
    mpmath-1.3.0               |   py38h06a4308_0         832 KB
    nettle-3.7.3               |       hbbd107a_1         809 KB
    networkx-3.1               |   py38h06a4308_0         2.7 MB
    numpy-1.24.3               |   py38hf6e8229_1          10 KB
    numpy-base-1.24.3          |   py38h060ed82_1         6.2 MB
    openh264-2.1.1             |       h4ff587b_0         711 KB
    openjpeg-2.4.0             |       h3ad879b_0         331 KB
    pillow-10.0.1              |   py38ha6cbd5a_0         742 KB
    pyopenssl-23.2.0           |   py38h06a4308_0          96 KB
    pysocks-1.7.1              |   py38h06a4308_0          31 KB
    pytorch-2.1.0              |py3.8_cuda11.8_cudnn8.7.0_0        1.46 GB  pytorch
    pytorch-cuda-11.8          |       h7e8668a_5           3 KB  pytorch
    pytorch-mutex-1.0          |             cuda           3 KB  pytorch
    pyyaml-6.0.1               |   py38h5eee18b_0         192 KB
    requests-2.31.0            |   py38h06a4308_0          96 KB
    sympy-1.11.1               |   py38h06a4308_0        11.7 MB
    tbb-2021.8.0               |       hdb19cb5_0         1.6 MB
    torchaudio-2.1.0           |       py38_cu118         6.0 MB  pytorch
    torchtriton-2.1.0          |             py38        90.9 MB  pytorch
    torchvision-0.16.0         |       py38_cu118        12.7 MB  pytorch
    typing_extensions-4.7.1    |   py38h06a4308_0          55 KB
    urllib3-1.26.16            |   py38h06a4308_0         200 KB
    yaml-0.2.5                 |       h7b6447c_0          75 KB
    ------------------------------------------------------------
                                           Total:        2.81 GB

The following NEW packages will be INSTALLED:

  blas               pkgs/main/linux-64::blas-1.0-mkl
  brotlipy           pkgs/main/linux-64::brotlipy-0.7.0-py38h27cfd23_1003
  bzip2              pkgs/main/linux-64::bzip2-1.0.8-h7b6447c_0
  certifi            pkgs/main/linux-64::certifi-2023.7.22-py38h06a4308_0
  cffi               pkgs/main/linux-64::cffi-1.15.1-py38h5eee18b_3
  charset-normalizer pkgs/main/noarch::charset-normalizer-2.0.4-pyhd3eb1b0_0
  cryptography       pkgs/main/linux-64::cryptography-41.0.3-py38hdda0065_0
  cuda-cudart        nvidia/linux-64::cuda-cudart-11.8.89-0
  cuda-cupti         nvidia/linux-64::cuda-cupti-11.8.87-0
  cuda-libraries     nvidia/linux-64::cuda-libraries-11.8.0-0
  cuda-nvrtc         nvidia/linux-64::cuda-nvrtc-11.8.89-0
  cuda-nvtx          nvidia/linux-64::cuda-nvtx-11.8.86-0
  cuda-runtime       nvidia/linux-64::cuda-runtime-11.8.0-0
  ffmpeg             pytorch/linux-64::ffmpeg-4.3-hf484d3e_0
  filelock           pkgs/main/linux-64::filelock-3.9.0-py38h06a4308_0
  freetype           pkgs/main/linux-64::freetype-2.12.1-h4a9f257_0
  giflib             pkgs/main/linux-64::giflib-5.2.1-h5eee18b_3
  gmp                pkgs/main/linux-64::gmp-6.2.1-h295c915_3
  gmpy2              pkgs/main/linux-64::gmpy2-2.1.2-py38heeb90bb_0
  gnutls             pkgs/main/linux-64::gnutls-3.6.15-he1e5248_0
  idna               pkgs/main/linux-64::idna-3.4-py38h06a4308_0
  intel-openmp       pkgs/main/linux-64::intel-openmp-2023.1.0-hdb19cb5_46305
  jinja2             pkgs/main/linux-64::jinja2-3.1.2-py38h06a4308_0
  jpeg               pkgs/main/linux-64::jpeg-9e-h5eee18b_1
  lame               pkgs/main/linux-64::lame-3.100-h7b6447c_0
  lcms2              pkgs/main/linux-64::lcms2-2.12-h3be6417_0
  lerc               pkgs/main/linux-64::lerc-3.0-h295c915_0
  libcublas          nvidia/linux-64::libcublas-11.11.3.6-0
  libcufft           nvidia/linux-64::libcufft-10.9.0.58-0
  libcufile          nvidia/linux-64::libcufile-1.8.0.34-0
  libcurand          nvidia/linux-64::libcurand-10.3.4.52-0
  libcusolver        nvidia/linux-64::libcusolver-11.4.1.48-0
  libcusparse        nvidia/linux-64::libcusparse-11.7.5.86-0
  libdeflate         pkgs/main/linux-64::libdeflate-1.17-h5eee18b_1
  libiconv           pkgs/main/linux-64::libiconv-1.16-h7f8727e_2
  libidn2            pkgs/main/linux-64::libidn2-2.3.4-h5eee18b_0
  libjpeg-turbo      pytorch/linux-64::libjpeg-turbo-2.0.0-h9bf148f_0
  libnpp             nvidia/linux-64::libnpp-11.8.0.86-0
  libnvjpeg          nvidia/linux-64::libnvjpeg-11.9.0.86-0
  libpng             pkgs/main/linux-64::libpng-1.6.39-h5eee18b_0
  libtasn1           pkgs/main/linux-64::libtasn1-4.19.0-h5eee18b_0
  libtiff            pkgs/main/linux-64::libtiff-4.5.1-h6a678d5_0
  libunistring       pkgs/main/linux-64::libunistring-0.9.10-h27cfd23_0
  libwebp            pkgs/main/linux-64::libwebp-1.3.2-h11a3e52_0
  libwebp-base       pkgs/main/linux-64::libwebp-base-1.3.2-h5eee18b_0
  llvm-openmp        pkgs/main/linux-64::llvm-openmp-14.0.6-h9e868ea_0
  lz4-c              pkgs/main/linux-64::lz4-c-1.9.4-h6a678d5_0
  markupsafe         pkgs/main/linux-64::markupsafe-2.1.1-py38h7f8727e_0
  mkl                pkgs/main/linux-64::mkl-2023.1.0-h213fc3f_46343
  mkl-service        pkgs/main/linux-64::mkl-service-2.4.0-py38h5eee18b_1
  mkl_fft            pkgs/main/linux-64::mkl_fft-1.3.8-py38h5eee18b_0
  mkl_random         pkgs/main/linux-64::mkl_random-1.2.4-py38hdb19cb5_0
  mpc                pkgs/main/linux-64::mpc-1.1.0-h10f8cd9_1
  mpfr               pkgs/main/linux-64::mpfr-4.0.2-hb69a4c5_1
  mpmath             pkgs/main/linux-64::mpmath-1.3.0-py38h06a4308_0
  nettle             pkgs/main/linux-64::nettle-3.7.3-hbbd107a_1
  networkx           pkgs/main/linux-64::networkx-3.1-py38h06a4308_0
  numpy              pkgs/main/linux-64::numpy-1.24.3-py38hf6e8229_1
  numpy-base         pkgs/main/linux-64::numpy-base-1.24.3-py38h060ed82_1
  openh264           pkgs/main/linux-64::openh264-2.1.1-h4ff587b_0
  openjpeg           pkgs/main/linux-64::openjpeg-2.4.0-h3ad879b_0
  pillow             pkgs/main/linux-64::pillow-10.0.1-py38ha6cbd5a_0
  pycparser          pkgs/main/noarch::pycparser-2.21-pyhd3eb1b0_0
  pyopenssl          pkgs/main/linux-64::pyopenssl-23.2.0-py38h06a4308_0
  pysocks            pkgs/main/linux-64::pysocks-1.7.1-py38h06a4308_0
  pytorch            pytorch/linux-64::pytorch-2.1.0-py3.8_cuda11.8_cudnn8.7.0_0
  pytorch-cuda       pytorch/linux-64::pytorch-cuda-11.8-h7e8668a_5
  pytorch-mutex      pytorch/noarch::pytorch-mutex-1.0-cuda
  pyyaml             pkgs/main/linux-64::pyyaml-6.0.1-py38h5eee18b_0
  requests           pkgs/main/linux-64::requests-2.31.0-py38h06a4308_0
  sympy              pkgs/main/linux-64::sympy-1.11.1-py38h06a4308_0
  tbb                pkgs/main/linux-64::tbb-2021.8.0-hdb19cb5_0
  torchaudio         pytorch/linux-64::torchaudio-2.1.0-py38_cu118
  torchtriton        pytorch/linux-64::torchtriton-2.1.0-py38
  torchvision        pytorch/linux-64::torchvision-0.16.0-py38_cu118
  typing_extensions  pkgs/main/linux-64::typing_extensions-4.7.1-py38h06a4308_0
  urllib3            pkgs/main/linux-64::urllib3-1.26.16-py38h06a4308_0
  yaml               pkgs/main/linux-64::yaml-0.2.5-h7b6447c_0
  zstd               pkgs/main/linux-64::zstd-1.5.5-hc292b87_0


Proceed ([y]/n)? y


Downloading and Extracting Packages:
torchtriton-2.1.0    | 90.9 MB   | ################################################################################################################################################# | 100%^
Preparing transaction: done
Verifying transaction: done
Executing transaction: done
(TR) niley-dev@A1server:~/TranlatorIA$ python3
Python 3.8.18 (default, Sep 11 2023, 13:40:15)
[GCC 11.2.0] :: Anaconda, Inc. on linux
Type "help", "copyright", "credits" or "license" for more information.
>>> import torch
>>> torch.cuda.isavailable()
Traceback (most recent call last):
  File "<stdin>", line 1, in <module>
AttributeError: module 'torch.cuda' has no attribute 'isavailable'
>>> torch.cuda.is_available()
True
>>>
>>>
>>>
(TR) niley-dev@A1server:~/TranlatorIA$ cd src/app
(TR) niley-dev@A1server:~/TranlatorIA/src/app$ pip install -qq https://github.com/pyannote/pyannote-audio/archive/develop.zip
(TR) niley-dev@A1server:~/TranlatorIA/src/app$ python3 manage.py runserver 108.181.193.15:8000
Traceback (most recent call last):
  File "manage.py", line 11, in main
    from django.core.management import execute_from_command_line
ModuleNotFoundError: No module named 'django'

The above exception was the direct cause of the following exception:

Traceback (most recent call last):
  File "manage.py", line 22, in <module>
    main()
  File "manage.py", line 13, in main
    raise ImportError(
ImportError: Couldn't import Django. Are you sure it's installed and available on your PYTHONPATH environment variable? Did you forget to activate a virtual environment?
(TR) niley-dev@A1server:~/TranlatorIA/src/app$ pip3 install django
Collecting django
  Downloading Django-4.2.6-py3-none-any.whl.metadata (4.1 kB)
Collecting asgiref<4,>=3.6.0 (from django)
  Downloading asgiref-3.7.2-py3-none-any.whl.metadata (9.2 kB)
Collecting sqlparse>=0.3.1 (from django)
  Downloading sqlparse-0.4.4-py3-none-any.whl (41 kB)
     ━━━━━━━━━━━━━━━━━━━━━━━━━━━━━━━━━━━━━━━━ 41.2/41.2 kB 3.2 MB/s eta 0:00:00
Collecting backports.zoneinfo (from django)
  Downloading backports.zoneinfo-0.2.1-cp38-cp38-manylinux1_x86_64.whl (74 kB)
     ━━━━━━━━━━━━━━━━━━━━━━━━━━━━━━━━━━━━━━━━ 74.0/74.0 kB 6.0 MB/s eta 0:00:00
Requirement already satisfied: typing-extensions>=4 in /home/niley-dev/miniconda3/envs/TR/lib/python3.8/site-packages (from asgiref<4,>=3.6.0->django) (4.7.1)
Downloading Django-4.2.6-py3-none-any.whl (8.0 MB)
   ━━━━━━━━━━━━━━━━━━━━━━━━━━━━━━━━━━━━━━━━ 8.0/8.0 MB 11.2 MB/s eta 0:00:00
Downloading asgiref-3.7.2-py3-none-any.whl (24 kB)
Installing collected packages: sqlparse, backports.zoneinfo, asgiref, django
Successfully installed asgiref-3.7.2 backports.zoneinfo-0.2.1 django-4.2.6 sqlparse-0.4.4
(TR) niley-dev@A1server:~/TranlatorIA/src/app$ python3 manage.py runserver 108.181.193.15:8000
Watching for file changes with StatReloader
Exception in thread django-main-thread:
Traceback (most recent call last):
  File "/home/niley-dev/miniconda3/envs/TR/lib/python3.8/site-packages/django/db/backends/mysql/base.py", line 15, in <module>
    import MySQLdb as Database
ModuleNotFoundError: No module named 'MySQLdb'

The above exception was the direct cause of the following exception:

Traceback (most recent call last):
  File "/home/niley-dev/miniconda3/envs/TR/lib/python3.8/threading.py", line 932, in _bootstrap_inner
    self.run()
  File "/home/niley-dev/miniconda3/envs/TR/lib/python3.8/threading.py", line 870, in run
    self._target(*self._args, **self._kwargs)
  File "/home/niley-dev/miniconda3/envs/TR/lib/python3.8/site-packages/django/utils/autoreload.py", line 64, in wrapper
    fn(*args, **kwargs)
  File "/home/niley-dev/miniconda3/envs/TR/lib/python3.8/site-packages/django/core/management/commands/runserver.py", line 125, in inner_run
    autoreload.raise_last_exception()
  File "/home/niley-dev/miniconda3/envs/TR/lib/python3.8/site-packages/django/utils/autoreload.py", line 87, in raise_last_exception
    raise _exception[1]
  File "/home/niley-dev/miniconda3/envs/TR/lib/python3.8/site-packages/django/core/management/__init__.py", line 394, in execute
    autoreload.check_errors(django.setup)()
  File "/home/niley-dev/miniconda3/envs/TR/lib/python3.8/site-packages/django/utils/autoreload.py", line 64, in wrapper
    fn(*args, **kwargs)
  File "/home/niley-dev/miniconda3/envs/TR/lib/python3.8/site-packages/django/__init__.py", line 24, in setup
    apps.populate(settings.INSTALLED_APPS)
  File "/home/niley-dev/miniconda3/envs/TR/lib/python3.8/site-packages/django/apps/registry.py", line 116, in populate
    app_config.import_models()
  File "/home/niley-dev/miniconda3/envs/TR/lib/python3.8/site-packages/django/apps/config.py", line 269, in import_models
    self.models_module = import_module(models_module_name)
  File "/home/niley-dev/miniconda3/envs/TR/lib/python3.8/importlib/__init__.py", line 127, in import_module
    return _bootstrap._gcd_import(name[level:], package, level)
  File "<frozen importlib._bootstrap>", line 1014, in _gcd_import
  File "<frozen importlib._bootstrap>", line 991, in _find_and_load
  File "<frozen importlib._bootstrap>", line 975, in _find_and_load_unlocked
  File "<frozen importlib._bootstrap>", line 671, in _load_unlocked
  File "<frozen importlib._bootstrap_external>", line 843, in exec_module
  File "<frozen importlib._bootstrap>", line 219, in _call_with_frames_removed
  File "/home/niley-dev/miniconda3/envs/TR/lib/python3.8/site-packages/django/contrib/auth/models.py", line 3, in <module>
    from django.contrib.auth.base_user import AbstractBaseUser, BaseUserManager
  File "/home/niley-dev/miniconda3/envs/TR/lib/python3.8/site-packages/django/contrib/auth/base_user.py", line 57, in <module>
    class AbstractBaseUser(models.Model):
  File "/home/niley-dev/miniconda3/envs/TR/lib/python3.8/site-packages/django/db/models/base.py", line 143, in __new__
    new_class.add_to_class("_meta", Options(meta, app_label))
  File "/home/niley-dev/miniconda3/envs/TR/lib/python3.8/site-packages/django/db/models/base.py", line 371, in add_to_class
    value.contribute_to_class(cls, name)
  File "/home/niley-dev/miniconda3/envs/TR/lib/python3.8/site-packages/django/db/models/options.py", line 243, in contribute_to_class
    self.db_table, connection.ops.max_name_length()
  File "/home/niley-dev/miniconda3/envs/TR/lib/python3.8/site-packages/django/utils/connection.py", line 15, in __getattr__
    return getattr(self._connections[self._alias], item)
  File "/home/niley-dev/miniconda3/envs/TR/lib/python3.8/site-packages/django/utils/connection.py", line 62, in __getitem__
    conn = self.create_connection(alias)
  File "/home/niley-dev/miniconda3/envs/TR/lib/python3.8/site-packages/django/db/utils.py", line 193, in create_connection
    backend = load_backend(db["ENGINE"])
  File "/home/niley-dev/miniconda3/envs/TR/lib/python3.8/site-packages/django/db/utils.py", line 113, in load_backend
    return import_module("%s.base" % backend_name)
  File "/home/niley-dev/miniconda3/envs/TR/lib/python3.8/importlib/__init__.py", line 127, in import_module
    return _bootstrap._gcd_import(name[level:], package, level)
  File "/home/niley-dev/miniconda3/envs/TR/lib/python3.8/site-packages/django/db/backends/mysql/base.py", line 17, in <module>
    raise ImproperlyConfigured(
django.core.exceptions.ImproperlyConfigured: Error loading MySQLdb module.
Did you install mysqlclient?
^C(TR) niley-dev@A1server:~/TranlatorIA/src/app$ pip3 install mysqlclient
Collecting mysqlclient
  Downloading mysqlclient-2.2.0.tar.gz (89 kB)
     ━━━━━━━━━━━━━━━━━━━━━━━━━━━━━━━━━━━━━━━━ 89.5/89.5 kB 4.9 MB/s eta 0:00:00
  Installing build dependencies ... done
  Getting requirements to build wheel ... done
  Installing backend dependencies ... done
  Preparing metadata (pyproject.toml) ... done
Building wheels for collected packages: mysqlclient
  Building wheel for mysqlclient (pyproject.toml) ... done
  Created wheel for mysqlclient: filename=mysqlclient-2.2.0-cp38-cp38-linux_x86_64.whl size=132042 sha256=3c2a31ccdfeceb4430a6545ce67d36986edbfe53af9c1c6c76b20f15eaafb82b
  Stored in directory: /home/niley-dev/.cache/pip/wheels/c6/45/60/65ff711ddb1059e530228ebc5ddf10289427af7bc77850923d
Successfully built mysqlclient
Installing collected packages: mysqlclient
Successfully installed mysqlclient-2.2.0
(TR) niley-dev@A1server:~/TranlatorIA/src/app$ python3 manage.py runserver 108.181.193.15:8000
Watching for file changes with StatReloader
Performing system checks...

Exception in thread django-main-thread:
Traceback (most recent call last):
  File "/home/niley-dev/miniconda3/envs/TR/lib/python3.8/threading.py", line 932, in _bootstrap_inner
    self.run()
  File "/home/niley-dev/miniconda3/envs/TR/lib/python3.8/threading.py", line 870, in run
    self._target(*self._args, **self._kwargs)
  File "/home/niley-dev/miniconda3/envs/TR/lib/python3.8/site-packages/django/utils/autoreload.py", line 64, in wrapper
    fn(*args, **kwargs)
  File "/home/niley-dev/miniconda3/envs/TR/lib/python3.8/site-packages/django/core/management/commands/runserver.py", line 133, in inner_run
    self.check(display_num_errors=True)
  File "/home/niley-dev/miniconda3/envs/TR/lib/python3.8/site-packages/django/core/management/base.py", line 485, in check
    all_issues = checks.run_checks(
  File "/home/niley-dev/miniconda3/envs/TR/lib/python3.8/site-packages/django/core/checks/registry.py", line 88, in run_checks
    new_errors = check(app_configs=app_configs, databases=databases)
  File "/home/niley-dev/miniconda3/envs/TR/lib/python3.8/site-packages/django/core/checks/urls.py", line 14, in check_url_config
    return check_resolver(resolver)
  File "/home/niley-dev/miniconda3/envs/TR/lib/python3.8/site-packages/django/core/checks/urls.py", line 24, in check_resolver
    return check_method()
  File "/home/niley-dev/miniconda3/envs/TR/lib/python3.8/site-packages/django/urls/resolvers.py", line 494, in check
    for pattern in self.url_patterns:
  File "/home/niley-dev/miniconda3/envs/TR/lib/python3.8/site-packages/django/utils/functional.py", line 57, in __get__
    res = instance.__dict__[self.name] = self.func(instance)
  File "/home/niley-dev/miniconda3/envs/TR/lib/python3.8/site-packages/django/urls/resolvers.py", line 715, in url_patterns
    patterns = getattr(self.urlconf_module, "urlpatterns", self.urlconf_module)
  File "/home/niley-dev/miniconda3/envs/TR/lib/python3.8/site-packages/django/utils/functional.py", line 57, in __get__
    res = instance.__dict__[self.name] = self.func(instance)
  File "/home/niley-dev/miniconda3/envs/TR/lib/python3.8/site-packages/django/urls/resolvers.py", line 708, in urlconf_module
    return import_module(self.urlconf_name)
  File "/home/niley-dev/miniconda3/envs/TR/lib/python3.8/importlib/__init__.py", line 127, in import_module
    return _bootstrap._gcd_import(name[level:], package, level)
  File "<frozen importlib._bootstrap>", line 1014, in _gcd_import
  File "<frozen importlib._bootstrap>", line 991, in _find_and_load
  File "<frozen importlib._bootstrap>", line 975, in _find_and_load_unlocked
  File "<frozen importlib._bootstrap>", line 671, in _load_unlocked
  File "<frozen importlib._bootstrap_external>", line 843, in exec_module
  File "<frozen importlib._bootstrap>", line 219, in _call_with_frames_removed
  File "/home/niley-dev/TranlatorIA/src/app/web_base/urls.py", line 24, in <module>
    path("vidtranslation/",include('video_translation.urls')),
  File "/home/niley-dev/miniconda3/envs/TR/lib/python3.8/site-packages/django/urls/conf.py", line 38, in include
    urlconf_module = import_module(urlconf_module)
  File "/home/niley-dev/miniconda3/envs/TR/lib/python3.8/importlib/__init__.py", line 127, in import_module
    return _bootstrap._gcd_import(name[level:], package, level)
  File "<frozen importlib._bootstrap>", line 1014, in _gcd_import
  File "<frozen importlib._bootstrap>", line 991, in _find_and_load
  File "<frozen importlib._bootstrap>", line 975, in _find_and_load_unlocked
  File "<frozen importlib._bootstrap>", line 671, in _load_unlocked
  File "<frozen importlib._bootstrap_external>", line 843, in exec_module
  File "<frozen importlib._bootstrap>", line 219, in _call_with_frames_removed
  File "/home/niley-dev/TranlatorIA/src/app/video_translation/urls.py", line 2, in <module>
    from video_translation import views
  File "/home/niley-dev/TranlatorIA/src/app/video_translation/views.py", line 5, in <module>
    from src.core.main import Process_Video
  File "/home/niley-dev/TranlatorIA/src/core/main.py", line 1, in <module>
    from src.core.common import Audio, Video, Audio_Gen_Settings, Phrase, SText, TText, preprocess, errors
  File "/home/niley-dev/TranlatorIA/src/core/common/__init__.py", line 8, in <module>
    from src.core.common.common import Video, Audio, Phrase, Audio_Gen_Settings, SText, TText
  File "/home/niley-dev/TranlatorIA/src/core/common/common.py", line 159, in <module>
    from moviepy.editor import VideoFileClip
ModuleNotFoundError: No module named 'moviepy'
^C(TR) niley-dev@A1server:~/TranlatorIA/src/app$ pip3 install moviepy
Collecting moviepy
  Downloading moviepy-1.0.3.tar.gz (388 kB)
     ━━━━━━━━━━━━━━━━━━━━━━━━━━━━━━━━━━━━━━━━ 388.3/388.3 kB 8.9 MB/s eta 0:00:00
  Preparing metadata (setup.py) ... done
Collecting decorator<5.0,>=4.0.2 (from moviepy)
  Downloading decorator-4.4.2-py2.py3-none-any.whl (9.2 kB)
Requirement already satisfied: tqdm<5.0,>=4.11.2 in /home/niley-dev/miniconda3/envs/TR/lib/python3.8/site-packages (from moviepy) (4.66.1)
Requirement already satisfied: requests<3.0,>=2.8.1 in /home/niley-dev/miniconda3/envs/TR/lib/python3.8/site-packages (from moviepy) (2.31.0)
Collecting proglog<=1.0.0 (from moviepy)
  Downloading proglog-0.1.10-py3-none-any.whl (6.1 kB)
Requirement already satisfied: numpy>=1.17.3 in /home/niley-dev/miniconda3/envs/TR/lib/python3.8/site-packages (from moviepy) (1.24.3)
Collecting imageio<3.0,>=2.5 (from moviepy)
  Downloading imageio-2.31.6-py3-none-any.whl.metadata (4.6 kB)
Collecting imageio_ffmpeg>=0.2.0 (from moviepy)
  Downloading imageio_ffmpeg-0.4.9-py3-none-manylinux2010_x86_64.whl.metadata (1.7 kB)
Requirement already satisfied: pillow<10.1.0,>=8.3.2 in /home/niley-dev/miniconda3/envs/TR/lib/python3.8/site-packages (from imageio<3.0,>=2.5->moviepy) (10.0.1)
Requirement already satisfied: setuptools in /home/niley-dev/miniconda3/envs/TR/lib/python3.8/site-packages (from imageio_ffmpeg>=0.2.0->moviepy) (68.0.0)
Requirement already satisfied: charset-normalizer<4,>=2 in /home/niley-dev/miniconda3/envs/TR/lib/python3.8/site-packages (from requests<3.0,>=2.8.1->moviepy) (2.0.4)
Requirement already satisfied: idna<4,>=2.5 in /home/niley-dev/miniconda3/envs/TR/lib/python3.8/site-packages (from requests<3.0,>=2.8.1->moviepy) (3.4)
Requirement already satisfied: urllib3<3,>=1.21.1 in /home/niley-dev/miniconda3/envs/TR/lib/python3.8/site-packages (from requests<3.0,>=2.8.1->moviepy) (1.26.16)
Requirement already satisfied: certifi>=2017.4.17 in /home/niley-dev/miniconda3/envs/TR/lib/python3.8/site-packages (from requests<3.0,>=2.8.1->moviepy) (2023.7.22)
Downloading imageio-2.31.6-py3-none-any.whl (313 kB)
   ━━━━━━━━━━━━━━━━━━━━━━━━━━━━━━━━━━━━━━━━ 313.2/313.2 kB 9.3 MB/s eta 0:00:00
Downloading imageio_ffmpeg-0.4.9-py3-none-manylinux2010_x86_64.whl (26.9 MB)
   ━━━━━━━━━━━━━━━━━━━━━━━━━━━━━━━━━━━━━━━━ 26.9/26.9 MB 10.5 MB/s eta 0:00:00
Building wheels for collected packages: moviepy
  Building wheel for moviepy (setup.py) ... done
  Created wheel for moviepy: filename=moviepy-1.0.3-py3-none-any.whl size=110721 sha256=ea0dde29297714a4bb11a317f6712c73d058778ab26b58914970263ebe8c376f
  Stored in directory: /home/niley-dev/.cache/pip/wheels/e4/a4/db/0368d3a04033da662e13926594b3a8cf1aa4ffeefe570cfac1
Successfully built moviepy
Installing collected packages: proglog, imageio_ffmpeg, imageio, decorator, moviepy
  Attempting uninstall: decorator
    Found existing installation: decorator 5.1.1
    Uninstalling decorator-5.1.1:
      Successfully uninstalled decorator-5.1.1
Successfully installed decorator-4.4.2 imageio-2.31.6 imageio_ffmpeg-0.4.9 moviepy-1.0.3 proglog-0.1.10
(TR) niley-dev@A1server:~/TranlatorIA/src/app$ python3 manage.py runserver 108.181.193.15:8000
Watching for file changes with StatReloader
Performing system checks...

Exception in thread django-main-thread:
Traceback (most recent call last):
  File "/home/niley-dev/miniconda3/envs/TR/lib/python3.8/threading.py", line 932, in _bootstrap_inner
    self.run()
  File "/home/niley-dev/miniconda3/envs/TR/lib/python3.8/threading.py", line 870, in run
    self._target(*self._args, **self._kwargs)
  File "/home/niley-dev/miniconda3/envs/TR/lib/python3.8/site-packages/django/utils/autoreload.py", line 64, in wrapper
    fn(*args, **kwargs)
  File "/home/niley-dev/miniconda3/envs/TR/lib/python3.8/site-packages/django/core/management/commands/runserver.py", line 133, in inner_run
    self.check(display_num_errors=True)
  File "/home/niley-dev/miniconda3/envs/TR/lib/python3.8/site-packages/django/core/management/base.py", line 485, in check
    all_issues = checks.run_checks(
  File "/home/niley-dev/miniconda3/envs/TR/lib/python3.8/site-packages/django/core/checks/registry.py", line 88, in run_checks
    new_errors = check(app_configs=app_configs, databases=databases)
  File "/home/niley-dev/miniconda3/envs/TR/lib/python3.8/site-packages/django/core/checks/urls.py", line 14, in check_url_config
    return check_resolver(resolver)
  File "/home/niley-dev/miniconda3/envs/TR/lib/python3.8/site-packages/django/core/checks/urls.py", line 24, in check_resolver
    return check_method()
  File "/home/niley-dev/miniconda3/envs/TR/lib/python3.8/site-packages/django/urls/resolvers.py", line 494, in check
    for pattern in self.url_patterns:
  File "/home/niley-dev/miniconda3/envs/TR/lib/python3.8/site-packages/django/utils/functional.py", line 57, in __get__
    res = instance.__dict__[self.name] = self.func(instance)
  File "/home/niley-dev/miniconda3/envs/TR/lib/python3.8/site-packages/django/urls/resolvers.py", line 715, in url_patterns
    patterns = getattr(self.urlconf_module, "urlpatterns", self.urlconf_module)
  File "/home/niley-dev/miniconda3/envs/TR/lib/python3.8/site-packages/django/utils/functional.py", line 57, in __get__
    res = instance.__dict__[self.name] = self.func(instance)
  File "/home/niley-dev/miniconda3/envs/TR/lib/python3.8/site-packages/django/urls/resolvers.py", line 708, in urlconf_module
    return import_module(self.urlconf_name)
  File "/home/niley-dev/miniconda3/envs/TR/lib/python3.8/importlib/__init__.py", line 127, in import_module
    return _bootstrap._gcd_import(name[level:], package, level)
  File "<frozen importlib._bootstrap>", line 1014, in _gcd_import
  File "<frozen importlib._bootstrap>", line 991, in _find_and_load
  File "<frozen importlib._bootstrap>", line 975, in _find_and_load_unlocked
  File "<frozen importlib._bootstrap>", line 671, in _load_unlocked
  File "<frozen importlib._bootstrap_external>", line 843, in exec_module
  File "<frozen importlib._bootstrap>", line 219, in _call_with_frames_removed
  File "/home/niley-dev/TranlatorIA/src/app/web_base/urls.py", line 24, in <module>
    path("vidtranslation/",include('video_translation.urls')),
  File "/home/niley-dev/miniconda3/envs/TR/lib/python3.8/site-packages/django/urls/conf.py", line 38, in include
    urlconf_module = import_module(urlconf_module)
  File "/home/niley-dev/miniconda3/envs/TR/lib/python3.8/importlib/__init__.py", line 127, in import_module
    return _bootstrap._gcd_import(name[level:], package, level)
  File "<frozen importlib._bootstrap>", line 1014, in _gcd_import
  File "<frozen importlib._bootstrap>", line 991, in _find_and_load
  File "<frozen importlib._bootstrap>", line 975, in _find_and_load_unlocked
  File "<frozen importlib._bootstrap>", line 671, in _load_unlocked
  File "<frozen importlib._bootstrap_external>", line 843, in exec_module
  File "<frozen importlib._bootstrap>", line 219, in _call_with_frames_removed
  File "/home/niley-dev/TranlatorIA/src/app/video_translation/urls.py", line 2, in <module>
    from video_translation import views
  File "/home/niley-dev/TranlatorIA/src/app/video_translation/views.py", line 5, in <module>
    from src.core.main import Process_Video
  File "/home/niley-dev/TranlatorIA/src/core/main.py", line 1, in <module>
    from src.core.common import Audio, Video, Audio_Gen_Settings, Phrase, SText, TText, preprocess, errors
  File "/home/niley-dev/TranlatorIA/src/core/common/__init__.py", line 8, in <module>
    from src.core.common.common import Video, Audio, Phrase, Audio_Gen_Settings, SText, TText
  File "/home/niley-dev/TranlatorIA/src/core/common/common.py", line 160, in <module>
    from pydub import AudioSegment
ModuleNotFoundError: No module named 'pydub'
^C(TR) niley-dev@A1server:~/TranlatorIA/src/app$ pip3 install pydub
Collecting pydub
  Downloading pydub-0.25.1-py2.py3-none-any.whl (32 kB)
Installing collected packages: pydub
Successfully installed pydub-0.25.1
(TR) niley-dev@A1server:~/TranlatorIA/src/app$ python3 manage.py runserver 108.181.193.15:8000
Watching for file changes with StatReloader
Performing system checks...

Exception in thread django-main-thread:
Traceback (most recent call last):
  File "/home/niley-dev/miniconda3/envs/TR/lib/python3.8/threading.py", line 932, in _bootstrap_inner
    self.run()
  File "/home/niley-dev/miniconda3/envs/TR/lib/python3.8/threading.py", line 870, in run
    self._target(*self._args, **self._kwargs)
  File "/home/niley-dev/miniconda3/envs/TR/lib/python3.8/site-packages/django/utils/autoreload.py", line 64, in wrapper
    fn(*args, **kwargs)
  File "/home/niley-dev/miniconda3/envs/TR/lib/python3.8/site-packages/django/core/management/commands/runserver.py", line 133, in inner_run
    self.check(display_num_errors=True)
  File "/home/niley-dev/miniconda3/envs/TR/lib/python3.8/site-packages/django/core/management/base.py", line 485, in check
    all_issues = checks.run_checks(
  File "/home/niley-dev/miniconda3/envs/TR/lib/python3.8/site-packages/django/core/checks/registry.py", line 88, in run_checks
    new_errors = check(app_configs=app_configs, databases=databases)
  File "/home/niley-dev/miniconda3/envs/TR/lib/python3.8/site-packages/django/core/checks/urls.py", line 14, in check_url_config
    return check_resolver(resolver)
  File "/home/niley-dev/miniconda3/envs/TR/lib/python3.8/site-packages/django/core/checks/urls.py", line 24, in check_resolver
    return check_method()
  File "/home/niley-dev/miniconda3/envs/TR/lib/python3.8/site-packages/django/urls/resolvers.py", line 494, in check
    for pattern in self.url_patterns:
  File "/home/niley-dev/miniconda3/envs/TR/lib/python3.8/site-packages/django/utils/functional.py", line 57, in __get__
    res = instance.__dict__[self.name] = self.func(instance)
  File "/home/niley-dev/miniconda3/envs/TR/lib/python3.8/site-packages/django/urls/resolvers.py", line 715, in url_patterns
    patterns = getattr(self.urlconf_module, "urlpatterns", self.urlconf_module)
  File "/home/niley-dev/miniconda3/envs/TR/lib/python3.8/site-packages/django/utils/functional.py", line 57, in __get__
    res = instance.__dict__[self.name] = self.func(instance)
  File "/home/niley-dev/miniconda3/envs/TR/lib/python3.8/site-packages/django/urls/resolvers.py", line 708, in urlconf_module
    return import_module(self.urlconf_name)
  File "/home/niley-dev/miniconda3/envs/TR/lib/python3.8/importlib/__init__.py", line 127, in import_module
    return _bootstrap._gcd_import(name[level:], package, level)
  File "<frozen importlib._bootstrap>", line 1014, in _gcd_import
  File "<frozen importlib._bootstrap>", line 991, in _find_and_load
  File "<frozen importlib._bootstrap>", line 975, in _find_and_load_unlocked
  File "<frozen importlib._bootstrap>", line 671, in _load_unlocked
  File "<frozen importlib._bootstrap_external>", line 843, in exec_module
  File "<frozen importlib._bootstrap>", line 219, in _call_with_frames_removed
  File "/home/niley-dev/TranlatorIA/src/app/web_base/urls.py", line 24, in <module>
    path("vidtranslation/",include('video_translation.urls')),
  File "/home/niley-dev/miniconda3/envs/TR/lib/python3.8/site-packages/django/urls/conf.py", line 38, in include
    urlconf_module = import_module(urlconf_module)
  File "/home/niley-dev/miniconda3/envs/TR/lib/python3.8/importlib/__init__.py", line 127, in import_module
    return _bootstrap._gcd_import(name[level:], package, level)
  File "<frozen importlib._bootstrap>", line 1014, in _gcd_import
  File "<frozen importlib._bootstrap>", line 991, in _find_and_load
  File "<frozen importlib._bootstrap>", line 975, in _find_and_load_unlocked
  File "<frozen importlib._bootstrap>", line 671, in _load_unlocked
  File "<frozen importlib._bootstrap_external>", line 843, in exec_module
  File "<frozen importlib._bootstrap>", line 219, in _call_with_frames_removed
  File "/home/niley-dev/TranlatorIA/src/app/video_translation/urls.py", line 2, in <module>
    from video_translation import views
  File "/home/niley-dev/TranlatorIA/src/app/video_translation/views.py", line 5, in <module>
    from src.core.main import Process_Video
  File "/home/niley-dev/TranlatorIA/src/core/main.py", line 3, in <module>
    from src.core import speech_to_text as s2t
  File "/home/niley-dev/TranlatorIA/src/core/speech_to_text.py", line 6, in <module>
    import speech_recognition as sr
ModuleNotFoundError: No module named 'speech_recognition'
^C(TR) niley-dev@A1server:~/TranlatorIA/src/app$ pip3 install SpeechRecognition
Collecting SpeechRecognition
  Downloading SpeechRecognition-3.10.0-py2.py3-none-any.whl (32.8 MB)
     ━━━━━━━━━━━━━━━━━━━━━━━━━━━━━━━━━━━━━━━━ 32.8/32.8 MB 10.4 MB/s eta 0:00:00
Requirement already satisfied: requests>=2.26.0 in /home/niley-dev/miniconda3/envs/TR/lib/python3.8/site-packages (from SpeechRecognition) (2.31.0)
Requirement already satisfied: charset-normalizer<4,>=2 in /home/niley-dev/miniconda3/envs/TR/lib/python3.8/site-packages (from requests>=2.26.0->SpeechRecognition) (2.0.4)
Requirement already satisfied: idna<4,>=2.5 in /home/niley-dev/miniconda3/envs/TR/lib/python3.8/site-packages (from requests>=2.26.0->SpeechRecognition) (3.4)
Requirement already satisfied: urllib3<3,>=1.21.1 in /home/niley-dev/miniconda3/envs/TR/lib/python3.8/site-packages (from requests>=2.26.0->SpeechRecognition) (1.26.16)
Requirement already satisfied: certifi>=2017.4.17 in /home/niley-dev/miniconda3/envs/TR/lib/python3.8/site-packages (from requests>=2.26.0->SpeechRecognition) (2023.7.22)
Installing collected packages: SpeechRecognition
Successfully installed SpeechRecognition-3.10.0
(TR) niley-dev@A1server:~/TranlatorIA/src/app$ python3 manage.py runserver 108.181.193.15:8000
Watching for file changes with StatReloader
Performing system checks...

Exception in thread django-main-thread:
Traceback (most recent call last):
  File "/home/niley-dev/miniconda3/envs/TR/lib/python3.8/threading.py", line 932, in _bootstrap_inner
    self.run()
  File "/home/niley-dev/miniconda3/envs/TR/lib/python3.8/threading.py", line 870, in run
    self._target(*self._args, **self._kwargs)
  File "/home/niley-dev/miniconda3/envs/TR/lib/python3.8/site-packages/django/utils/autoreload.py", line 64, in wrapper
    fn(*args, **kwargs)
  File "/home/niley-dev/miniconda3/envs/TR/lib/python3.8/site-packages/django/core/management/commands/runserver.py", line 133, in inner_run
    self.check(display_num_errors=True)
  File "/home/niley-dev/miniconda3/envs/TR/lib/python3.8/site-packages/django/core/management/base.py", line 485, in check
    all_issues = checks.run_checks(
  File "/home/niley-dev/miniconda3/envs/TR/lib/python3.8/site-packages/django/core/checks/registry.py", line 88, in run_checks
    new_errors = check(app_configs=app_configs, databases=databases)
  File "/home/niley-dev/miniconda3/envs/TR/lib/python3.8/site-packages/django/core/checks/urls.py", line 14, in check_url_config
    return check_resolver(resolver)
  File "/home/niley-dev/miniconda3/envs/TR/lib/python3.8/site-packages/django/core/checks/urls.py", line 24, in check_resolver
    return check_method()
  File "/home/niley-dev/miniconda3/envs/TR/lib/python3.8/site-packages/django/urls/resolvers.py", line 494, in check
    for pattern in self.url_patterns:
  File "/home/niley-dev/miniconda3/envs/TR/lib/python3.8/site-packages/django/utils/functional.py", line 57, in __get__
    res = instance.__dict__[self.name] = self.func(instance)
  File "/home/niley-dev/miniconda3/envs/TR/lib/python3.8/site-packages/django/urls/resolvers.py", line 715, in url_patterns
    patterns = getattr(self.urlconf_module, "urlpatterns", self.urlconf_module)
  File "/home/niley-dev/miniconda3/envs/TR/lib/python3.8/site-packages/django/utils/functional.py", line 57, in __get__
    res = instance.__dict__[self.name] = self.func(instance)
  File "/home/niley-dev/miniconda3/envs/TR/lib/python3.8/site-packages/django/urls/resolvers.py", line 708, in urlconf_module
    return import_module(self.urlconf_name)
  File "/home/niley-dev/miniconda3/envs/TR/lib/python3.8/importlib/__init__.py", line 127, in import_module
    return _bootstrap._gcd_import(name[level:], package, level)
  File "<frozen importlib._bootstrap>", line 1014, in _gcd_import
  File "<frozen importlib._bootstrap>", line 991, in _find_and_load
  File "<frozen importlib._bootstrap>", line 975, in _find_and_load_unlocked
  File "<frozen importlib._bootstrap>", line 671, in _load_unlocked
  File "<frozen importlib._bootstrap_external>", line 843, in exec_module
  File "<frozen importlib._bootstrap>", line 219, in _call_with_frames_removed
  File "/home/niley-dev/TranlatorIA/src/app/web_base/urls.py", line 24, in <module>
    path("vidtranslation/",include('video_translation.urls')),
  File "/home/niley-dev/miniconda3/envs/TR/lib/python3.8/site-packages/django/urls/conf.py", line 38, in include
    urlconf_module = import_module(urlconf_module)
  File "/home/niley-dev/miniconda3/envs/TR/lib/python3.8/importlib/__init__.py", line 127, in import_module
    return _bootstrap._gcd_import(name[level:], package, level)
  File "<frozen importlib._bootstrap>", line 1014, in _gcd_import
  File "<frozen importlib._bootstrap>", line 991, in _find_and_load
  File "<frozen importlib._bootstrap>", line 975, in _find_and_load_unlocked
  File "<frozen importlib._bootstrap>", line 671, in _load_unlocked
  File "<frozen importlib._bootstrap_external>", line 843, in exec_module
  File "<frozen importlib._bootstrap>", line 219, in _call_with_frames_removed
  File "/home/niley-dev/TranlatorIA/src/app/video_translation/urls.py", line 2, in <module>
    from video_translation import views
  File "/home/niley-dev/TranlatorIA/src/app/video_translation/views.py", line 5, in <module>
    from src.core.main import Process_Video
  File "/home/niley-dev/TranlatorIA/src/core/main.py", line 3, in <module>
    from src.core import speech_to_text as s2t
  File "/home/niley-dev/TranlatorIA/src/core/speech_to_text.py", line 7, in <module>
    import whisper
ModuleNotFoundError: No module named 'whisper'
^C^C(TR) niley-dev@A1server:~/TranlatorIA/src/app$ conda install -c  whisper

CondaValueError: too few arguments, must supply command line package specs or --file

(TR) niley-dev@A1server:~/TranlatorIA/src/app$ conda install   whisper
Collecting package metadata (current_repodata.json): done
Solving environment: done

## Package Plan ##

  environment location: /home/niley-dev/miniconda3/envs/TR

  added / updated specs:
    - whisper


The following packages will be downloaded:

    package                    |            build
    ---------------------------|-----------------
    six-1.16.0                 |     pyhd3eb1b0_1          18 KB
    whisper-1.1.5              |   py38h06a4308_0         274 KB
    ------------------------------------------------------------
                                           Total:         292 KB

The following NEW packages will be INSTALLED:

  six                pkgs/main/noarch::six-1.16.0-pyhd3eb1b0_1
  whisper            pkgs/main/linux-64::whisper-1.1.5-py38h06a4308_0


Proceed ([y]/n)? y


Downloading and Extracting Packages:

Preparing transaction: done
Verifying transaction: done
Executing transaction: done
(TR) niley-dev@A1server:~/TranlatorIA/src/app$ python3 manage.py runserver 108.181.193.15:8000
Watching for file changes with StatReloader
Performing system checks...

Exception in thread django-main-thread:
Traceback (most recent call last):
  File "/home/niley-dev/miniconda3/envs/TR/lib/python3.8/threading.py", line 932, in _bootstrap_inner
    self.run()
  File "/home/niley-dev/miniconda3/envs/TR/lib/python3.8/threading.py", line 870, in run
    self._target(*self._args, **self._kwargs)
  File "/home/niley-dev/miniconda3/envs/TR/lib/python3.8/site-packages/django/utils/autoreload.py", line 64, in wrapper
    fn(*args, **kwargs)
  File "/home/niley-dev/miniconda3/envs/TR/lib/python3.8/site-packages/django/core/management/commands/runserver.py", line 133, in inner_run
    self.check(display_num_errors=True)
  File "/home/niley-dev/miniconda3/envs/TR/lib/python3.8/site-packages/django/core/management/base.py", line 485, in check
    all_issues = checks.run_checks(
  File "/home/niley-dev/miniconda3/envs/TR/lib/python3.8/site-packages/django/core/checks/registry.py", line 88, in run_checks
    new_errors = check(app_configs=app_configs, databases=databases)
  File "/home/niley-dev/miniconda3/envs/TR/lib/python3.8/site-packages/django/core/checks/urls.py", line 14, in check_url_config
    return check_resolver(resolver)
  File "/home/niley-dev/miniconda3/envs/TR/lib/python3.8/site-packages/django/core/checks/urls.py", line 24, in check_resolver
    return check_method()
  File "/home/niley-dev/miniconda3/envs/TR/lib/python3.8/site-packages/django/urls/resolvers.py", line 494, in check
    for pattern in self.url_patterns:
  File "/home/niley-dev/miniconda3/envs/TR/lib/python3.8/site-packages/django/utils/functional.py", line 57, in __get__
    res = instance.__dict__[self.name] = self.func(instance)
  File "/home/niley-dev/miniconda3/envs/TR/lib/python3.8/site-packages/django/urls/resolvers.py", line 715, in url_patterns
    patterns = getattr(self.urlconf_module, "urlpatterns", self.urlconf_module)
  File "/home/niley-dev/miniconda3/envs/TR/lib/python3.8/site-packages/django/utils/functional.py", line 57, in __get__
    res = instance.__dict__[self.name] = self.func(instance)
  File "/home/niley-dev/miniconda3/envs/TR/lib/python3.8/site-packages/django/urls/resolvers.py", line 708, in urlconf_module
    return import_module(self.urlconf_name)
  File "/home/niley-dev/miniconda3/envs/TR/lib/python3.8/importlib/__init__.py", line 127, in import_module
    return _bootstrap._gcd_import(name[level:], package, level)
  File "<frozen importlib._bootstrap>", line 1014, in _gcd_import
  File "<frozen importlib._bootstrap>", line 991, in _find_and_load
  File "<frozen importlib._bootstrap>", line 975, in _find_and_load_unlocked
  File "<frozen importlib._bootstrap>", line 671, in _load_unlocked
  File "<frozen importlib._bootstrap_external>", line 843, in exec_module
  File "<frozen importlib._bootstrap>", line 219, in _call_with_frames_removed
  File "/home/niley-dev/TranlatorIA/src/app/web_base/urls.py", line 24, in <module>
    path("vidtranslation/",include('video_translation.urls')),
  File "/home/niley-dev/miniconda3/envs/TR/lib/python3.8/site-packages/django/urls/conf.py", line 38, in include
    urlconf_module = import_module(urlconf_module)
  File "/home/niley-dev/miniconda3/envs/TR/lib/python3.8/importlib/__init__.py", line 127, in import_module
    return _bootstrap._gcd_import(name[level:], package, level)
  File "<frozen importlib._bootstrap>", line 1014, in _gcd_import
  File "<frozen importlib._bootstrap>", line 991, in _find_and_load
  File "<frozen importlib._bootstrap>", line 975, in _find_and_load_unlocked
  File "<frozen importlib._bootstrap>", line 671, in _load_unlocked
  File "<frozen importlib._bootstrap_external>", line 843, in exec_module
  File "<frozen importlib._bootstrap>", line 219, in _call_with_frames_removed
  File "/home/niley-dev/TranlatorIA/src/app/video_translation/urls.py", line 2, in <module>
    from video_translation import views
  File "/home/niley-dev/TranlatorIA/src/app/video_translation/views.py", line 5, in <module>
    from src.core.main import Process_Video
  File "/home/niley-dev/TranlatorIA/src/core/main.py", line 5, in <module>
    from src.core import text_to_speech as mytts
  File "/home/niley-dev/TranlatorIA/src/core/text_to_speech.py", line 6, in <module>
    from gtts import gTTS
ModuleNotFoundError: No module named 'gtts'
^C(TR) niley-dev@A1server:~/TranlatorIA/src/app$ conda install   gtts
Collecting package metadata (current_repodata.json): done
Solving environment: unsuccessful initial attempt using frozen solve. Retrying with flexible solve.
Collecting package metadata (repodata.json): \ failed

CondaError: KeyboardInterrupt

(TR) niley-dev@A1server:~/TranlatorIA/src/app$ pip3 install   gtts
Collecting gtts
  Downloading gTTS-2.4.0-py3-none-any.whl.metadata (4.1 kB)
Requirement already satisfied: requests<3,>=2.27 in /home/niley-dev/miniconda3/envs/TR/lib/python3.8/site-packages (from gtts) (2.31.0)
Requirement already satisfied: click<8.2,>=7.1 in /home/niley-dev/miniconda3/envs/TR/lib/python3.8/site-packages (from gtts) (8.1.7)
Requirement already satisfied: charset-normalizer<4,>=2 in /home/niley-dev/miniconda3/envs/TR/lib/python3.8/site-packages (from requests<3,>=2.27->gtts) (2.0.4)
Requirement already satisfied: idna<4,>=2.5 in /home/niley-dev/miniconda3/envs/TR/lib/python3.8/site-packages (from requests<3,>=2.27->gtts) (3.4)
Requirement already satisfied: urllib3<3,>=1.21.1 in /home/niley-dev/miniconda3/envs/TR/lib/python3.8/site-packages (from requests<3,>=2.27->gtts) (1.26.16)
Requirement already satisfied: certifi>=2017.4.17 in /home/niley-dev/miniconda3/envs/TR/lib/python3.8/site-packages (from requests<3,>=2.27->gtts) (2023.7.22)
Downloading gTTS-2.4.0-py3-none-any.whl (29 kB)
Installing collected packages: gtts
Successfully installed gtts-2.4.0
(TR) niley-dev@A1server:~/TranlatorIA/src/app$ python3 manage.py runserver 108.181.193.15:8000
Watching for file changes with StatReloader
Performing system checks...

Exception in thread django-main-thread:
Traceback (most recent call last):
  File "/home/niley-dev/miniconda3/envs/TR/lib/python3.8/threading.py", line 932, in _bootstrap_inner
    self.run()
  File "/home/niley-dev/miniconda3/envs/TR/lib/python3.8/threading.py", line 870, in run
    self._target(*self._args, **self._kwargs)
  File "/home/niley-dev/miniconda3/envs/TR/lib/python3.8/site-packages/django/utils/autoreload.py", line 64, in wrapper
    fn(*args, **kwargs)
  File "/home/niley-dev/miniconda3/envs/TR/lib/python3.8/site-packages/django/core/management/commands/runserver.py", line 133, in inner_run
    self.check(display_num_errors=True)
  File "/home/niley-dev/miniconda3/envs/TR/lib/python3.8/site-packages/django/core/management/base.py", line 485, in check
    all_issues = checks.run_checks(
  File "/home/niley-dev/miniconda3/envs/TR/lib/python3.8/site-packages/django/core/checks/registry.py", line 88, in run_checks
    new_errors = check(app_configs=app_configs, databases=databases)
  File "/home/niley-dev/miniconda3/envs/TR/lib/python3.8/site-packages/django/core/checks/urls.py", line 14, in check_url_config
    return check_resolver(resolver)
  File "/home/niley-dev/miniconda3/envs/TR/lib/python3.8/site-packages/django/core/checks/urls.py", line 24, in check_resolver
    return check_method()
  File "/home/niley-dev/miniconda3/envs/TR/lib/python3.8/site-packages/django/urls/resolvers.py", line 494, in check
    for pattern in self.url_patterns:
  File "/home/niley-dev/miniconda3/envs/TR/lib/python3.8/site-packages/django/utils/functional.py", line 57, in __get__
    res = instance.__dict__[self.name] = self.func(instance)
  File "/home/niley-dev/miniconda3/envs/TR/lib/python3.8/site-packages/django/urls/resolvers.py", line 715, in url_patterns
    patterns = getattr(self.urlconf_module, "urlpatterns", self.urlconf_module)
  File "/home/niley-dev/miniconda3/envs/TR/lib/python3.8/site-packages/django/utils/functional.py", line 57, in __get__
    res = instance.__dict__[self.name] = self.func(instance)
  File "/home/niley-dev/miniconda3/envs/TR/lib/python3.8/site-packages/django/urls/resolvers.py", line 708, in urlconf_module
    return import_module(self.urlconf_name)
  File "/home/niley-dev/miniconda3/envs/TR/lib/python3.8/importlib/__init__.py", line 127, in import_module
    return _bootstrap._gcd_import(name[level:], package, level)
  File "<frozen importlib._bootstrap>", line 1014, in _gcd_import
  File "<frozen importlib._bootstrap>", line 991, in _find_and_load
  File "<frozen importlib._bootstrap>", line 975, in _find_and_load_unlocked
  File "<frozen importlib._bootstrap>", line 671, in _load_unlocked
  File "<frozen importlib._bootstrap_external>", line 843, in exec_module
  File "<frozen importlib._bootstrap>", line 219, in _call_with_frames_removed
  File "/home/niley-dev/TranlatorIA/src/app/web_base/urls.py", line 24, in <module>
    path("vidtranslation/",include('video_translation.urls')),
  File "/home/niley-dev/miniconda3/envs/TR/lib/python3.8/site-packages/django/urls/conf.py", line 38, in include
    urlconf_module = import_module(urlconf_module)
  File "/home/niley-dev/miniconda3/envs/TR/lib/python3.8/importlib/__init__.py", line 127, in import_module
    return _bootstrap._gcd_import(name[level:], package, level)
  File "<frozen importlib._bootstrap>", line 1014, in _gcd_import
  File "<frozen importlib._bootstrap>", line 991, in _find_and_load
  File "<frozen importlib._bootstrap>", line 975, in _find_and_load_unlocked
  File "<frozen importlib._bootstrap>", line 671, in _load_unlocked
  File "<frozen importlib._bootstrap_external>", line 843, in exec_module
  File "<frozen importlib._bootstrap>", line 219, in _call_with_frames_removed
  File "/home/niley-dev/TranlatorIA/src/app/video_translation/urls.py", line 2, in <module>
    from video_translation import views
  File "/home/niley-dev/TranlatorIA/src/app/video_translation/views.py", line 5, in <module>
    from src.core.main import Process_Video
  File "/home/niley-dev/TranlatorIA/src/core/main.py", line 5, in <module>
    from src.core import text_to_speech as mytts
  File "/home/niley-dev/TranlatorIA/src/core/text_to_speech.py", line 7, in <module>
    from google.cloud import texttospeech
ModuleNotFoundError: No module named 'google.cloud'
^C(TR) niley-dev@A1server:~/TranlatorIA/src/app$ pip install google-cloud-texttospeech
Collecting google-cloud-texttospeech
  Downloading google_cloud_texttospeech-2.14.2-py2.py3-none-any.whl.metadata (5.3 kB)
Collecting google-api-core!=2.0.*,!=2.1.*,!=2.10.*,!=2.2.*,!=2.3.*,!=2.4.*,!=2.5.*,!=2.6.*,!=2.7.*,!=2.8.*,!=2.9.*,<3.0.0dev,>=1.34.0 (from google-api-core[grpc]!=2.0.*,!=2.1.*,!=2.10.*,!=2.2.*,!=2.3.*,!=2.4.*,!=2.5.*,!=2.6.*,!=2.7.*,!=2.8.*,!=2.9.*,<3.0.0dev,>=1.34.0->google-cloud-texttospeech)
  Downloading google_api_core-2.12.0-py3-none-any.whl.metadata (2.7 kB)
Collecting proto-plus<2.0.0dev,>=1.22.0 (from google-cloud-texttospeech)
  Downloading proto_plus-1.22.3-py3-none-any.whl.metadata (2.2 kB)
Requirement already satisfied: protobuf!=3.20.0,!=3.20.1,!=4.21.0,!=4.21.1,!=4.21.2,!=4.21.3,!=4.21.4,!=4.21.5,<5.0.0dev,>=3.19.5 in /home/niley-dev/miniconda3/envs/TR/lib/python3.8/site-packages (from google-cloud-texttospeech) (4.24.4)
Collecting googleapis-common-protos<2.0.dev0,>=1.56.2 (from google-api-core!=2.0.*,!=2.1.*,!=2.10.*,!=2.2.*,!=2.3.*,!=2.4.*,!=2.5.*,!=2.6.*,!=2.7.*,!=2.8.*,!=2.9.*,<3.0.0dev,>=1.34.0->google-api-core[grpc]!=2.0.*,!=2.1.*,!=2.10.*,!=2.2.*,!=2.3.*,!=2.4.*,!=2.5.*,!=2.6.*,!=2.7.*,!=2.8.*,!=2.9.*,<3.0.0dev,>=1.34.0->google-cloud-texttospeech)
  Downloading googleapis_common_protos-1.61.0-py2.py3-none-any.whl.metadata (1.5 kB)
Collecting google-auth<3.0.dev0,>=2.14.1 (from google-api-core!=2.0.*,!=2.1.*,!=2.10.*,!=2.2.*,!=2.3.*,!=2.4.*,!=2.5.*,!=2.6.*,!=2.7.*,!=2.8.*,!=2.9.*,<3.0.0dev,>=1.34.0->google-api-core[grpc]!=2.0.*,!=2.1.*,!=2.10.*,!=2.2.*,!=2.3.*,!=2.4.*,!=2.5.*,!=2.6.*,!=2.7.*,!=2.8.*,!=2.9.*,<3.0.0dev,>=1.34.0->google-cloud-texttospeech)
  Downloading google_auth-2.23.3-py2.py3-none-any.whl.metadata (4.2 kB)
Requirement already satisfied: requests<3.0.0.dev0,>=2.18.0 in /home/niley-dev/miniconda3/envs/TR/lib/python3.8/site-packages (from google-api-core!=2.0.*,!=2.1.*,!=2.10.*,!=2.2.*,!=2.3.*,!=2.4.*,!=2.5.*,!=2.6.*,!=2.7.*,!=2.8.*,!=2.9.*,<3.0.0dev,>=1.34.0->google-api-core[grpc]!=2.0.*,!=2.1.*,!=2.10.*,!=2.2.*,!=2.3.*,!=2.4.*,!=2.5.*,!=2.6.*,!=2.7.*,!=2.8.*,!=2.9.*,<3.0.0dev,>=1.34.0->google-cloud-texttospeech) (2.31.0)
Collecting grpcio<2.0dev,>=1.33.2 (from google-api-core[grpc]!=2.0.*,!=2.1.*,!=2.10.*,!=2.2.*,!=2.3.*,!=2.4.*,!=2.5.*,!=2.6.*,!=2.7.*,!=2.8.*,!=2.9.*,<3.0.0dev,>=1.34.0->google-cloud-texttospeech)
  Downloading grpcio-1.59.0-cp38-cp38-manylinux_2_17_x86_64.manylinux2014_x86_64.whl.metadata (4.0 kB)
Collecting grpcio-status<2.0.dev0,>=1.33.2 (from google-api-core[grpc]!=2.0.*,!=2.1.*,!=2.10.*,!=2.2.*,!=2.3.*,!=2.4.*,!=2.5.*,!=2.6.*,!=2.7.*,!=2.8.*,!=2.9.*,<3.0.0dev,>=1.34.0->google-cloud-texttospeech)
  Downloading grpcio_status-1.59.0-py3-none-any.whl.metadata (1.3 kB)
Collecting cachetools<6.0,>=2.0.0 (from google-auth<3.0.dev0,>=2.14.1->google-api-core!=2.0.*,!=2.1.*,!=2.10.*,!=2.2.*,!=2.3.*,!=2.4.*,!=2.5.*,!=2.6.*,!=2.7.*,!=2.8.*,!=2.9.*,<3.0.0dev,>=1.34.0->google-api-core[grpc]!=2.0.*,!=2.1.*,!=2.10.*,!=2.2.*,!=2.3.*,!=2.4.*,!=2.5.*,!=2.6.*,!=2.7.*,!=2.8.*,!=2.9.*,<3.0.0dev,>=1.34.0->google-cloud-texttospeech)
  Downloading cachetools-5.3.2-py3-none-any.whl.metadata (5.2 kB)
Collecting pyasn1-modules>=0.2.1 (from google-auth<3.0.dev0,>=2.14.1->google-api-core!=2.0.*,!=2.1.*,!=2.10.*,!=2.2.*,!=2.3.*,!=2.4.*,!=2.5.*,!=2.6.*,!=2.7.*,!=2.8.*,!=2.9.*,<3.0.0dev,>=1.34.0->google-api-core[grpc]!=2.0.*,!=2.1.*,!=2.10.*,!=2.2.*,!=2.3.*,!=2.4.*,!=2.5.*,!=2.6.*,!=2.7.*,!=2.8.*,!=2.9.*,<3.0.0dev,>=1.34.0->google-cloud-texttospeech)
  Downloading pyasn1_modules-0.3.0-py2.py3-none-any.whl (181 kB)
     ━━━━━━━━━━━━━━━━━━━━━━━━━━━━━━━━━━━━━━━━ 181.3/181.3 kB 8.7 MB/s eta 0:00:00
Collecting rsa<5,>=3.1.4 (from google-auth<3.0.dev0,>=2.14.1->google-api-core!=2.0.*,!=2.1.*,!=2.10.*,!=2.2.*,!=2.3.*,!=2.4.*,!=2.5.*,!=2.6.*,!=2.7.*,!=2.8.*,!=2.9.*,<3.0.0dev,>=1.34.0->google-api-core[grpc]!=2.0.*,!=2.1.*,!=2.10.*,!=2.2.*,!=2.3.*,!=2.4.*,!=2.5.*,!=2.6.*,!=2.7.*,!=2.8.*,!=2.9.*,<3.0.0dev,>=1.34.0->google-cloud-texttospeech)
  Downloading rsa-4.9-py3-none-any.whl (34 kB)
Requirement already satisfied: charset-normalizer<4,>=2 in /home/niley-dev/miniconda3/envs/TR/lib/python3.8/site-packages (from requests<3.0.0.dev0,>=2.18.0->google-api-core!=2.0.*,!=2.1.*,!=2.10.*,!=2.2.*,!=2.3.*,!=2.4.*,!=2.5.*,!=2.6.*,!=2.7.*,!=2.8.*,!=2.9.*,<3.0.0dev,>=1.34.0->google-api-core[grpc]!=2.0.*,!=2.1.*,!=2.10.*,!=2.2.*,!=2.3.*,!=2.4.*,!=2.5.*,!=2.6.*,!=2.7.*,!=2.8.*,!=2.9.*,<3.0.0dev,>=1.34.0->google-cloud-texttospeech) (2.0.4)
Requirement already satisfied: idna<4,>=2.5 in /home/niley-dev/miniconda3/envs/TR/lib/python3.8/site-packages (from requests<3.0.0.dev0,>=2.18.0->google-api-core!=2.0.*,!=2.1.*,!=2.10.*,!=2.2.*,!=2.3.*,!=2.4.*,!=2.5.*,!=2.6.*,!=2.7.*,!=2.8.*,!=2.9.*,<3.0.0dev,>=1.34.0->google-api-core[grpc]!=2.0.*,!=2.1.*,!=2.10.*,!=2.2.*,!=2.3.*,!=2.4.*,!=2.5.*,!=2.6.*,!=2.7.*,!=2.8.*,!=2.9.*,<3.0.0dev,>=1.34.0->google-cloud-texttospeech) (3.4)
Requirement already satisfied: urllib3<3,>=1.21.1 in /home/niley-dev/miniconda3/envs/TR/lib/python3.8/site-packages (from requests<3.0.0.dev0,>=2.18.0->google-api-core!=2.0.*,!=2.1.*,!=2.10.*,!=2.2.*,!=2.3.*,!=2.4.*,!=2.5.*,!=2.6.*,!=2.7.*,!=2.8.*,!=2.9.*,<3.0.0dev,>=1.34.0->google-api-core[grpc]!=2.0.*,!=2.1.*,!=2.10.*,!=2.2.*,!=2.3.*,!=2.4.*,!=2.5.*,!=2.6.*,!=2.7.*,!=2.8.*,!=2.9.*,<3.0.0dev,>=1.34.0->google-cloud-texttospeech) (1.26.16)
Requirement already satisfied: certifi>=2017.4.17 in /home/niley-dev/miniconda3/envs/TR/lib/python3.8/site-packages (from requests<3.0.0.dev0,>=2.18.0->google-api-core!=2.0.*,!=2.1.*,!=2.10.*,!=2.2.*,!=2.3.*,!=2.4.*,!=2.5.*,!=2.6.*,!=2.7.*,!=2.8.*,!=2.9.*,<3.0.0dev,>=1.34.0->google-api-core[grpc]!=2.0.*,!=2.1.*,!=2.10.*,!=2.2.*,!=2.3.*,!=2.4.*,!=2.5.*,!=2.6.*,!=2.7.*,!=2.8.*,!=2.9.*,<3.0.0dev,>=1.34.0->google-cloud-texttospeech) (2023.7.22)
Collecting pyasn1<0.6.0,>=0.4.6 (from pyasn1-modules>=0.2.1->google-auth<3.0.dev0,>=2.14.1->google-api-core!=2.0.*,!=2.1.*,!=2.10.*,!=2.2.*,!=2.3.*,!=2.4.*,!=2.5.*,!=2.6.*,!=2.7.*,!=2.8.*,!=2.9.*,<3.0.0dev,>=1.34.0->google-api-core[grpc]!=2.0.*,!=2.1.*,!=2.10.*,!=2.2.*,!=2.3.*,!=2.4.*,!=2.5.*,!=2.6.*,!=2.7.*,!=2.8.*,!=2.9.*,<3.0.0dev,>=1.34.0->google-cloud-texttospeech)
  Downloading pyasn1-0.5.0-py2.py3-none-any.whl (83 kB)
     ━━━━━━━━━━━━━━━━━━━━━━━━━━━━━━━━━━━━━━━━ 83.9/83.9 kB 6.9 MB/s eta 0:00:00
Downloading google_cloud_texttospeech-2.14.2-py2.py3-none-any.whl (138 kB)
   ━━━━━━━━━━━━━━━━━━━━━━━━━━━━━━━━━━━━━━━━ 138.8/138.8 kB 8.1 MB/s eta 0:00:00
Downloading google_api_core-2.12.0-py3-none-any.whl (121 kB)
   ━━━━━━━━━━━━━━━━━━━━━━━━━━━━━━━━━━━━━━━━ 121.4/121.4 kB 9.4 MB/s eta 0:00:00
Downloading proto_plus-1.22.3-py3-none-any.whl (48 kB)
   ━━━━━━━━━━━━━━━━━━━━━━━━━━━━━━━━━━━━━━━━ 48.1/48.1 kB 6.3 MB/s eta 0:00:00
Downloading google_auth-2.23.3-py2.py3-none-any.whl (182 kB)
   ━━━━━━━━━━━━━━━━━━━━━━━━━━━━━━━━━━━━━━━━ 182.3/182.3 kB 5.8 MB/s eta 0:00:00
Downloading googleapis_common_protos-1.61.0-py2.py3-none-any.whl (230 kB)
   ━━━━━━━━━━━━━━━━━━━━━━━━━━━━━━━━━━━━━━━━ 230.9/230.9 kB 9.8 MB/s eta 0:00:00
Downloading grpcio-1.59.0-cp38-cp38-manylinux_2_17_x86_64.manylinux2014_x86_64.whl (5.3 MB)
   ━━━━━━━━━━━━━━━━━━━━━━━━━━━━━━━━━━━━━━━━ 5.3/5.3 MB 11.2 MB/s eta 0:00:00
Downloading grpcio_status-1.59.0-py3-none-any.whl (14 kB)
Downloading cachetools-5.3.2-py3-none-any.whl (9.3 kB)
Installing collected packages: pyasn1, proto-plus, grpcio, googleapis-common-protos, cachetools, rsa, pyasn1-modules, grpcio-status, google-auth, google-api-core, google-cloud-texttospeech
Successfully installed cachetools-5.3.2 google-api-core-2.12.0 google-auth-2.23.3 google-cloud-texttospeech-2.14.2 googleapis-common-protos-1.61.0 grpcio-1.59.0 grpcio-status-1.59.0 proto-plus-1.22.3 pyasn1-0.5.0 pyasn1-modules-0.3.0 rsa-4.9
(TR) niley-dev@A1server:~/TranlatorIA/src/app$ python3 manage.py runserver 108.181.193.15:8000
Watching for file changes with StatReloader
Performing system checks...

Exception in thread django-main-thread:
Traceback (most recent call last):
  File "/home/niley-dev/miniconda3/envs/TR/lib/python3.8/threading.py", line 932, in _bootstrap_inner
    self.run()
  File "/home/niley-dev/miniconda3/envs/TR/lib/python3.8/threading.py", line 870, in run
    self._target(*self._args, **self._kwargs)
  File "/home/niley-dev/miniconda3/envs/TR/lib/python3.8/site-packages/django/utils/autoreload.py", line 64, in wrapper
    fn(*args, **kwargs)
  File "/home/niley-dev/miniconda3/envs/TR/lib/python3.8/site-packages/django/core/management/commands/runserver.py", line 133, in inner_run
    self.check(display_num_errors=True)
  File "/home/niley-dev/miniconda3/envs/TR/lib/python3.8/site-packages/django/core/management/base.py", line 485, in check
    all_issues = checks.run_checks(
  File "/home/niley-dev/miniconda3/envs/TR/lib/python3.8/site-packages/django/core/checks/registry.py", line 88, in run_checks
    new_errors = check(app_configs=app_configs, databases=databases)
  File "/home/niley-dev/miniconda3/envs/TR/lib/python3.8/site-packages/django/core/checks/urls.py", line 14, in check_url_config
    return check_resolver(resolver)
  File "/home/niley-dev/miniconda3/envs/TR/lib/python3.8/site-packages/django/core/checks/urls.py", line 24, in check_resolver
    return check_method()
  File "/home/niley-dev/miniconda3/envs/TR/lib/python3.8/site-packages/django/urls/resolvers.py", line 494, in check
    for pattern in self.url_patterns:
  File "/home/niley-dev/miniconda3/envs/TR/lib/python3.8/site-packages/django/utils/functional.py", line 57, in __get__
    res = instance.__dict__[self.name] = self.func(instance)
  File "/home/niley-dev/miniconda3/envs/TR/lib/python3.8/site-packages/django/urls/resolvers.py", line 715, in url_patterns
    patterns = getattr(self.urlconf_module, "urlpatterns", self.urlconf_module)
  File "/home/niley-dev/miniconda3/envs/TR/lib/python3.8/site-packages/django/utils/functional.py", line 57, in __get__
    res = instance.__dict__[self.name] = self.func(instance)
  File "/home/niley-dev/miniconda3/envs/TR/lib/python3.8/site-packages/django/urls/resolvers.py", line 708, in urlconf_module
    return import_module(self.urlconf_name)
  File "/home/niley-dev/miniconda3/envs/TR/lib/python3.8/importlib/__init__.py", line 127, in import_module
    return _bootstrap._gcd_import(name[level:], package, level)
  File "<frozen importlib._bootstrap>", line 1014, in _gcd_import
  File "<frozen importlib._bootstrap>", line 991, in _find_and_load
  File "<frozen importlib._bootstrap>", line 975, in _find_and_load_unlocked
  File "<frozen importlib._bootstrap>", line 671, in _load_unlocked
  File "<frozen importlib._bootstrap_external>", line 843, in exec_module
  File "<frozen importlib._bootstrap>", line 219, in _call_with_frames_removed
  File "/home/niley-dev/TranlatorIA/src/app/web_base/urls.py", line 24, in <module>
    path("vidtranslation/",include('video_translation.urls')),
  File "/home/niley-dev/miniconda3/envs/TR/lib/python3.8/site-packages/django/urls/conf.py", line 38, in include
    urlconf_module = import_module(urlconf_module)
  File "/home/niley-dev/miniconda3/envs/TR/lib/python3.8/importlib/__init__.py", line 127, in import_module
    return _bootstrap._gcd_import(name[level:], package, level)
  File "<frozen importlib._bootstrap>", line 1014, in _gcd_import
  File "<frozen importlib._bootstrap>", line 991, in _find_and_load
  File "<frozen importlib._bootstrap>", line 975, in _find_and_load_unlocked
  File "<frozen importlib._bootstrap>", line 671, in _load_unlocked
  File "<frozen importlib._bootstrap_external>", line 843, in exec_module
  File "<frozen importlib._bootstrap>", line 219, in _call_with_frames_removed
  File "/home/niley-dev/TranlatorIA/src/app/video_translation/urls.py", line 2, in <module>
    from video_translation import views
  File "/home/niley-dev/TranlatorIA/src/app/video_translation/views.py", line 5, in <module>
    from src.core.main import Process_Video
  File "/home/niley-dev/TranlatorIA/src/core/main.py", line 5, in <module>
    from src.core import text_to_speech as mytts
  File "/home/niley-dev/TranlatorIA/src/core/text_to_speech.py", line 8, in <module>
    from ttsmms import TTS as mmstts, download
ModuleNotFoundError: No module named 'ttsmms'
^C(TR) niley-dev@A1server:~/TranlatorIA/src/app$ pip install tts,¡mms
ERROR: Invalid requirement: 'tts,¡mms'
(TR) niley-dev@A1server:~/TranlatorIA/src/app$ pip install ttsmms
Collecting ttsmms
  Downloading ttsmms-0.7-py3-none-any.whl.metadata (2.4 kB)
Collecting Cython (from ttsmms)
  Downloading Cython-3.0.4-cp38-cp38-manylinux_2_17_x86_64.manylinux2014_x86_64.whl.metadata (3.2 kB)
Requirement already satisfied: librosa in /home/niley-dev/miniconda3/envs/TR/lib/python3.8/site-packages (from ttsmms) (0.10.1)
Requirement already satisfied: scipy in /home/niley-dev/miniconda3/envs/TR/lib/python3.8/site-packages (from ttsmms) (1.10.1)
Requirement already satisfied: numpy in /home/niley-dev/miniconda3/envs/TR/lib/python3.8/site-packages (from ttsmms) (1.24.3)
Collecting phonemizer (from ttsmms)
  Downloading phonemizer-3.2.1-py3-none-any.whl (90 kB)
     ━━━━━━━━━━━━━━━━━━━━━━━━━━━━━━━━━━━━━━━━ 90.6/90.6 kB 5.6 MB/s eta 0:00:00
Requirement already satisfied: torch in /home/niley-dev/miniconda3/envs/TR/lib/python3.8/site-packages (from ttsmms) (2.1.0)
Requirement already satisfied: torchvision in /home/niley-dev/miniconda3/envs/TR/lib/python3.8/site-packages (from ttsmms) (0.16.0)
Collecting Unidecode (from ttsmms)
  Downloading Unidecode-1.3.7-py3-none-any.whl.metadata (13 kB)
Collecting monotonic-align (from ttsmms)
  Downloading monotonic_align-1.0.0.tar.gz (4.8 kB)
  Installing build dependencies ... done
  Getting requirements to build wheel ... done
  Installing backend dependencies ... done
  Preparing metadata (pyproject.toml) ... done
Requirement already satisfied: audioread>=2.1.9 in /home/niley-dev/miniconda3/envs/TR/lib/python3.8/site-packages (from librosa->ttsmms) (3.0.1)
Requirement already satisfied: scikit-learn>=0.20.0 in /home/niley-dev/miniconda3/envs/TR/lib/python3.8/site-packages (from librosa->ttsmms) (1.3.2)
Requirement already satisfied: joblib>=0.14 in /home/niley-dev/miniconda3/envs/TR/lib/python3.8/site-packages (from librosa->ttsmms) (1.3.2)
Requirement already satisfied: decorator>=4.3.0 in /home/niley-dev/miniconda3/envs/TR/lib/python3.8/site-packages (from librosa->ttsmms) (4.4.2)
Requirement already satisfied: numba>=0.51.0 in /home/niley-dev/miniconda3/envs/TR/lib/python3.8/site-packages (from librosa->ttsmms) (0.58.1)
Requirement already satisfied: soundfile>=0.12.1 in /home/niley-dev/miniconda3/envs/TR/lib/python3.8/site-packages (from librosa->ttsmms) (0.12.1)
Requirement already satisfied: pooch>=1.0 in /home/niley-dev/miniconda3/envs/TR/lib/python3.8/site-packages (from librosa->ttsmms) (1.8.0)
Requirement already satisfied: soxr>=0.3.2 in /home/niley-dev/miniconda3/envs/TR/lib/python3.8/site-packages (from librosa->ttsmms) (0.3.7)
Requirement already satisfied: typing-extensions>=4.1.1 in /home/niley-dev/miniconda3/envs/TR/lib/python3.8/site-packages (from librosa->ttsmms) (4.7.1)
Requirement already satisfied: lazy-loader>=0.1 in /home/niley-dev/miniconda3/envs/TR/lib/python3.8/site-packages (from librosa->ttsmms) (0.3)
Requirement already satisfied: msgpack>=1.0 in /home/niley-dev/miniconda3/envs/TR/lib/python3.8/site-packages (from librosa->ttsmms) (1.0.7)
Collecting segments (from phonemizer->ttsmms)
  Downloading segments-2.2.1-py2.py3-none-any.whl (15 kB)
Requirement already satisfied: attrs>=18.1 in /home/niley-dev/miniconda3/envs/TR/lib/python3.8/site-packages (from phonemizer->ttsmms) (23.1.0)
Collecting dlinfo (from phonemizer->ttsmms)
  Downloading dlinfo-1.2.1-py3-none-any.whl (3.6 kB)
Requirement already satisfied: filelock in /home/niley-dev/miniconda3/envs/TR/lib/python3.8/site-packages (from torch->ttsmms) (3.9.0)
Requirement already satisfied: sympy in /home/niley-dev/miniconda3/envs/TR/lib/python3.8/site-packages (from torch->ttsmms) (1.11.1)
Requirement already satisfied: networkx in /home/niley-dev/miniconda3/envs/TR/lib/python3.8/site-packages (from torch->ttsmms) (3.1)
Requirement already satisfied: jinja2 in /home/niley-dev/miniconda3/envs/TR/lib/python3.8/site-packages (from torch->ttsmms) (3.1.2)
Requirement already satisfied: fsspec in /home/niley-dev/miniconda3/envs/TR/lib/python3.8/site-packages (from torch->ttsmms) (2023.10.0)
Requirement already satisfied: requests in /home/niley-dev/miniconda3/envs/TR/lib/python3.8/site-packages (from torchvision->ttsmms) (2.31.0)
Requirement already satisfied: pillow!=8.3.*,>=5.3.0 in /home/niley-dev/miniconda3/envs/TR/lib/python3.8/site-packages (from torchvision->ttsmms) (10.0.1)
Requirement already satisfied: llvmlite<0.42,>=0.41.0dev0 in /home/niley-dev/miniconda3/envs/TR/lib/python3.8/site-packages (from numba>=0.51.0->librosa->ttsmms) (0.41.1)
Requirement already satisfied: importlib-metadata in /home/niley-dev/miniconda3/envs/TR/lib/python3.8/site-packages (from numba>=0.51.0->librosa->ttsmms) (6.8.0)
Requirement already satisfied: platformdirs>=2.5.0 in /home/niley-dev/miniconda3/envs/TR/lib/python3.8/site-packages (from pooch>=1.0->librosa->ttsmms) (3.11.0)
Requirement already satisfied: packaging>=20.0 in /home/niley-dev/miniconda3/envs/TR/lib/python3.8/site-packages (from pooch>=1.0->librosa->ttsmms) (23.2)
Requirement already satisfied: charset-normalizer<4,>=2 in /home/niley-dev/miniconda3/envs/TR/lib/python3.8/site-packages (from requests->torchvision->ttsmms) (2.0.4)
Requirement already satisfied: idna<4,>=2.5 in /home/niley-dev/miniconda3/envs/TR/lib/python3.8/site-packages (from requests->torchvision->ttsmms) (3.4)
Requirement already satisfied: urllib3<3,>=1.21.1 in /home/niley-dev/miniconda3/envs/TR/lib/python3.8/site-packages (from requests->torchvision->ttsmms) (1.26.16)
Requirement already satisfied: certifi>=2017.4.17 in /home/niley-dev/miniconda3/envs/TR/lib/python3.8/site-packages (from requests->torchvision->ttsmms) (2023.7.22)
Requirement already satisfied: threadpoolctl>=2.0.0 in /home/niley-dev/miniconda3/envs/TR/lib/python3.8/site-packages (from scikit-learn>=0.20.0->librosa->ttsmms) (3.2.0)
Requirement already satisfied: cffi>=1.0 in /home/niley-dev/miniconda3/envs/TR/lib/python3.8/site-packages (from soundfile>=0.12.1->librosa->ttsmms) (1.15.1)
Requirement already satisfied: MarkupSafe>=2.0 in /home/niley-dev/miniconda3/envs/TR/lib/python3.8/site-packages (from jinja2->torch->ttsmms) (2.1.1)
Collecting clldutils>=1.7.3 (from segments->phonemizer->ttsmms)
  Downloading clldutils-3.20.0-py2.py3-none-any.whl.metadata (2.9 kB)
Collecting csvw>=1.5.6 (from segments->phonemizer->ttsmms)
  Downloading csvw-3.1.3-py2.py3-none-any.whl (56 kB)
     ━━━━━━━━━━━━━━━━━━━━━━━━━━━━━━━━━━━━━━━━ 56.7/56.7 kB 6.3 MB/s eta 0:00:00
Collecting regex (from segments->phonemizer->ttsmms)
  Downloading regex-2023.10.3-cp38-cp38-manylinux_2_17_x86_64.manylinux2014_x86_64.whl.metadata (40 kB)
     ━━━━━━━━━━━━━━━━━━━━━━━━━━━━━━━━━━━━━━━━ 40.9/40.9 kB 4.2 MB/s eta 0:00:00
Requirement already satisfied: mpmath>=0.19 in /home/niley-dev/miniconda3/envs/TR/lib/python3.8/site-packages (from sympy->torch->ttsmms) (1.3.0)
Requirement already satisfied: pycparser in /home/niley-dev/miniconda3/envs/TR/lib/python3.8/site-packages (from cffi>=1.0->soundfile>=0.12.1->librosa->ttsmms) (2.21)
Requirement already satisfied: python-dateutil in /home/niley-dev/miniconda3/envs/TR/lib/python3.8/site-packages (from clldutils>=1.7.3->segments->phonemizer->ttsmms) (2.8.2)
Requirement already satisfied: tabulate>=0.7.7 in /home/niley-dev/miniconda3/envs/TR/lib/python3.8/site-packages (from clldutils>=1.7.3->segments->phonemizer->ttsmms) (0.9.0)
Requirement already satisfied: colorlog in /home/niley-dev/miniconda3/envs/TR/lib/python3.8/site-packages (from clldutils>=1.7.3->segments->phonemizer->ttsmms) (6.7.0)
Collecting pylatexenc (from clldutils>=1.7.3->segments->phonemizer->ttsmms)
  Downloading pylatexenc-2.10.tar.gz (162 kB)
     ━━━━━━━━━━━━━━━━━━━━━━━━━━━━━━━━━━━━━━━━ 162.6/162.6 kB 8.4 MB/s eta 0:00:00
  Preparing metadata (setup.py) ... done
Collecting markdown (from clldutils>=1.7.3->segments->phonemizer->ttsmms)
  Downloading Markdown-3.5-py3-none-any.whl.metadata (7.1 kB)
Collecting lxml (from clldutils>=1.7.3->segments->phonemizer->ttsmms)
  Downloading lxml-4.9.3-cp38-cp38-manylinux_2_28_x86_64.whl.metadata (3.8 kB)
Collecting babel (from csvw>=1.5.6->segments->phonemizer->ttsmms)
  Downloading Babel-2.13.1-py3-none-any.whl.metadata (1.6 kB)
Requirement already satisfied: colorama in /home/niley-dev/miniconda3/envs/TR/lib/python3.8/site-packages (from csvw>=1.5.6->segments->phonemizer->ttsmms) (0.4.6)
Collecting isodate (from csvw>=1.5.6->segments->phonemizer->ttsmms)
  Downloading isodate-0.6.1-py2.py3-none-any.whl (41 kB)
     ━━━━━━━━━━━━━━━━━━━━━━━━━━━━━━━━━━━━━━━━ 41.7/41.7 kB 5.0 MB/s eta 0:00:00
Collecting jsonschema (from csvw>=1.5.6->segments->phonemizer->ttsmms)
  Downloading jsonschema-4.19.1-py3-none-any.whl.metadata (7.9 kB)
Collecting language-tags (from csvw>=1.5.6->segments->phonemizer->ttsmms)
  Downloading language_tags-1.2.0-py3-none-any.whl (213 kB)
     ━━━━━━━━━━━━━━━━━━━━━━━━━━━━━━━━━━━━━━━━ 213.4/213.4 kB 8.5 MB/s eta 0:00:00
Collecting rdflib (from csvw>=1.5.6->segments->phonemizer->ttsmms)
  Downloading rdflib-7.0.0-py3-none-any.whl.metadata (11 kB)
Collecting rfc3986<2 (from csvw>=1.5.6->segments->phonemizer->ttsmms)
  Downloading rfc3986-1.5.0-py2.py3-none-any.whl (31 kB)
Collecting uritemplate>=3.0.0 (from csvw>=1.5.6->segments->phonemizer->ttsmms)
  Downloading uritemplate-4.1.1-py2.py3-none-any.whl (10 kB)
Requirement already satisfied: zipp>=0.5 in /home/niley-dev/miniconda3/envs/TR/lib/python3.8/site-packages (from importlib-metadata->numba>=0.51.0->librosa->ttsmms) (3.17.0)
Requirement already satisfied: pytz>=2015.7 in /home/niley-dev/miniconda3/envs/TR/lib/python3.8/site-packages (from babel->csvw>=1.5.6->segments->phonemizer->ttsmms) (2023.3.post1)
Requirement already satisfied: six in /home/niley-dev/miniconda3/envs/TR/lib/python3.8/site-packages (from isodate->csvw>=1.5.6->segments->phonemizer->ttsmms) (1.16.0)
Requirement already satisfied: importlib-resources>=1.4.0 in /home/niley-dev/miniconda3/envs/TR/lib/python3.8/site-packages (from jsonschema->csvw>=1.5.6->segments->phonemizer->ttsmms) (6.1.0)
Collecting jsonschema-specifications>=2023.03.6 (from jsonschema->csvw>=1.5.6->segments->phonemizer->ttsmms)
  Downloading jsonschema_specifications-2023.7.1-py3-none-any.whl.metadata (2.8 kB)
Collecting pkgutil-resolve-name>=1.3.10 (from jsonschema->csvw>=1.5.6->segments->phonemizer->ttsmms)
  Downloading pkgutil_resolve_name-1.3.10-py3-none-any.whl (4.7 kB)
Collecting referencing>=0.28.4 (from jsonschema->csvw>=1.5.6->segments->phonemizer->ttsmms)
  Downloading referencing-0.30.2-py3-none-any.whl.metadata (2.6 kB)
Collecting rpds-py>=0.7.1 (from jsonschema->csvw>=1.5.6->segments->phonemizer->ttsmms)
  Downloading rpds_py-0.10.6-cp38-cp38-manylinux_2_17_x86_64.manylinux2014_x86_64.whl.metadata (3.7 kB)
Requirement already satisfied: pyparsing<4,>=2.1.0 in /home/niley-dev/miniconda3/envs/TR/lib/python3.8/site-packages (from rdflib->csvw>=1.5.6->segments->phonemizer->ttsmms) (3.1.1)
Downloading ttsmms-0.7-py3-none-any.whl (29 kB)
Downloading Cython-3.0.4-cp38-cp38-manylinux_2_17_x86_64.manylinux2014_x86_64.whl (3.6 MB)
   ━━━━━━━━━━━━━━━━━━━━━━━━━━━━━━━━━━━━━━━━ 3.6/3.6 MB 10.7 MB/s eta 0:00:00
Downloading Unidecode-1.3.7-py3-none-any.whl (235 kB)
   ━━━━━━━━━━━━━━━━━━━━━━━━━━━━━━━━━━━━━━━━ 235.5/235.5 kB 9.6 MB/s eta 0:00:00
Downloading clldutils-3.20.0-py2.py3-none-any.whl (1.7 MB)
   ━━━━━━━━━━━━━━━━━━━━━━━━━━━━━━━━━━━━━━━━ 1.7/1.7 MB 10.8 MB/s eta 0:00:00
Downloading regex-2023.10.3-cp38-cp38-manylinux_2_17_x86_64.manylinux2014_x86_64.whl (776 kB)
   ━━━━━━━━━━━━━━━━━━━━━━━━━━━━━━━━━━━━━━━━ 777.0/777.0 kB 9.9 MB/s eta 0:00:00
Downloading Babel-2.13.1-py3-none-any.whl (10.1 MB)
   ━━━━━━━━━━━━━━━━━━━━━━━━━━━━━━━━━━━━━━━━ 10.1/10.1 MB 11.1 MB/s eta 0:00:00
Downloading jsonschema-4.19.1-py3-none-any.whl (83 kB)
   ━━━━━━━━━━━━━━━━━━━━━━━━━━━━━━━━━━━━━━━━ 83.3/83.3 kB 8.7 MB/s eta 0:00:00
Downloading lxml-4.9.3-cp38-cp38-manylinux_2_28_x86_64.whl (8.0 MB)
   ━━━━━━━━━━━━━━━━━━━━━━━━━━━━━━━━━━━━━━━━ 8.0/8.0 MB 10.9 MB/s eta 0:00:00
Downloading Markdown-3.5-py3-none-any.whl (101 kB)
   ━━━━━━━━━━━━━━━━━━━━━━━━━━━━━━━━━━━━━━━━ 101.7/101.7 kB 8.9 MB/s eta 0:00:00
Downloading rdflib-7.0.0-py3-none-any.whl (531 kB)
   ━━━━━━━━━━━━━━━━━━━━━━━━━━━━━━━━━━━━━━━━ 531.9/531.9 kB 10.0 MB/s eta 0:00:00
Downloading jsonschema_specifications-2023.7.1-py3-none-any.whl (17 kB)
Downloading referencing-0.30.2-py3-none-any.whl (25 kB)
Downloading rpds_py-0.10.6-cp38-cp38-manylinux_2_17_x86_64.manylinux2014_x86_64.whl (1.2 MB)
   ━━━━━━━━━━━━━━━━━━━━━━━━━━━━━━━━━━━━━━━━ 1.2/1.2 MB 10.9 MB/s eta 0:00:00
Building wheels for collected packages: monotonic-align, pylatexenc
  Building wheel for monotonic-align (pyproject.toml) ... done
  Created wheel for monotonic-align: filename=monotonic_align-1.0.0-cp38-cp38-linux_x86_64.whl size=379080 sha256=63e015347fa564d15e352968c678979066b5f37acff88a29cdac250997ccd5e8
  Stored in directory: /home/niley-dev/.cache/pip/wheels/50/96/06/c6142c281ba97049de051e4eaf3d5a55d846523307e19b757d
  Building wheel for pylatexenc (setup.py) ... done
  Created wheel for pylatexenc: filename=pylatexenc-2.10-py3-none-any.whl size=136818 sha256=063e1b6de0e4052dbc78537e9fd7cd9164c37e93206fd75f0e9eacd6a1a6e5b5
  Stored in directory: /home/niley-dev/.cache/pip/wheels/72/99/be/81d9bcdf5dd5ee5acd8119a9dd5bc07204c9ce205fd341b021
Successfully built monotonic-align pylatexenc
Installing collected packages: rfc3986, pylatexenc, language-tags, dlinfo, uritemplate, Unidecode, rpds-py, regex, pkgutil-resolve-name, monotonic-align, lxml, isodate, Cython, babel, referencing, rdflib, markdown, jsonschema-specifications, clldutils, jsonschema, csvw, segments, phonemizer, ttsmms
Successfully installed Cython-3.0.4 Unidecode-1.3.7 babel-2.13.1 clldutils-3.20.0 csvw-3.1.3 dlinfo-1.2.1 isodate-0.6.1 jsonschema-4.19.1 jsonschema-specifications-2023.7.1 language-tags-1.2.0 lxml-4.9.3 markdown-3.5 monotonic-align-1.0.0 phonemizer-3.2.1 pkgutil-resolve-name-1.3.10 pylatexenc-2.10 rdflib-7.0.0 referencing-0.30.2 regex-2023.10.3 rfc3986-1.5.0 rpds-py-0.10.6 segments-2.2.1 ttsmms-0.7 uritemplate-4.1.1
(TR) niley-dev@A1server:~/TranlatorIA/src/app$ python3 manage.py runserver 108.181.193.15:8000
Watching for file changes with StatReloader
Performing system checks...

Exception in thread django-main-thread:
Traceback (most recent call last):
  File "/home/niley-dev/miniconda3/envs/TR/lib/python3.8/threading.py", line 932, in _bootstrap_inner
    self.run()
  File "/home/niley-dev/miniconda3/envs/TR/lib/python3.8/threading.py", line 870, in run
    self._target(*self._args, **self._kwargs)
  File "/home/niley-dev/miniconda3/envs/TR/lib/python3.8/site-packages/django/utils/autoreload.py", line 64, in wrapper
    fn(*args, **kwargs)
  File "/home/niley-dev/miniconda3/envs/TR/lib/python3.8/site-packages/django/core/management/commands/runserver.py", line 133, in inner_run
    self.check(display_num_errors=True)
  File "/home/niley-dev/miniconda3/envs/TR/lib/python3.8/site-packages/django/core/management/base.py", line 485, in check
    all_issues = checks.run_checks(
  File "/home/niley-dev/miniconda3/envs/TR/lib/python3.8/site-packages/django/core/checks/registry.py", line 88, in run_checks
    new_errors = check(app_configs=app_configs, databases=databases)
  File "/home/niley-dev/miniconda3/envs/TR/lib/python3.8/site-packages/django/core/checks/urls.py", line 14, in check_url_config
    return check_resolver(resolver)
  File "/home/niley-dev/miniconda3/envs/TR/lib/python3.8/site-packages/django/core/checks/urls.py", line 24, in check_resolver
    return check_method()
  File "/home/niley-dev/miniconda3/envs/TR/lib/python3.8/site-packages/django/urls/resolvers.py", line 494, in check
    for pattern in self.url_patterns:
  File "/home/niley-dev/miniconda3/envs/TR/lib/python3.8/site-packages/django/utils/functional.py", line 57, in __get__
    res = instance.__dict__[self.name] = self.func(instance)
  File "/home/niley-dev/miniconda3/envs/TR/lib/python3.8/site-packages/django/urls/resolvers.py", line 715, in url_patterns
    patterns = getattr(self.urlconf_module, "urlpatterns", self.urlconf_module)
  File "/home/niley-dev/miniconda3/envs/TR/lib/python3.8/site-packages/django/utils/functional.py", line 57, in __get__
    res = instance.__dict__[self.name] = self.func(instance)
  File "/home/niley-dev/miniconda3/envs/TR/lib/python3.8/site-packages/django/urls/resolvers.py", line 708, in urlconf_module
    return import_module(self.urlconf_name)
  File "/home/niley-dev/miniconda3/envs/TR/lib/python3.8/importlib/__init__.py", line 127, in import_module
    return _bootstrap._gcd_import(name[level:], package, level)
  File "<frozen importlib._bootstrap>", line 1014, in _gcd_import
  File "<frozen importlib._bootstrap>", line 991, in _find_and_load
  File "<frozen importlib._bootstrap>", line 975, in _find_and_load_unlocked
  File "<frozen importlib._bootstrap>", line 671, in _load_unlocked
  File "<frozen importlib._bootstrap_external>", line 843, in exec_module
  File "<frozen importlib._bootstrap>", line 219, in _call_with_frames_removed
  File "/home/niley-dev/TranlatorIA/src/app/web_base/urls.py", line 24, in <module>
    path("vidtranslation/",include('video_translation.urls')),
  File "/home/niley-dev/miniconda3/envs/TR/lib/python3.8/site-packages/django/urls/conf.py", line 38, in include
    urlconf_module = import_module(urlconf_module)
  File "/home/niley-dev/miniconda3/envs/TR/lib/python3.8/importlib/__init__.py", line 127, in import_module
    return _bootstrap._gcd_import(name[level:], package, level)
  File "<frozen importlib._bootstrap>", line 1014, in _gcd_import
  File "<frozen importlib._bootstrap>", line 991, in _find_and_load
  File "<frozen importlib._bootstrap>", line 975, in _find_and_load_unlocked
  File "<frozen importlib._bootstrap>", line 671, in _load_unlocked
  File "<frozen importlib._bootstrap_external>", line 843, in exec_module
  File "<frozen importlib._bootstrap>", line 219, in _call_with_frames_removed
  File "/home/niley-dev/TranlatorIA/src/app/video_translation/urls.py", line 2, in <module>
    from video_translation import views
  File "/home/niley-dev/TranlatorIA/src/app/video_translation/views.py", line 5, in <module>
    from src.core.main import Process_Video
  File "/home/niley-dev/TranlatorIA/src/core/main.py", line 5, in <module>
    from src.core import text_to_speech as mytts
  File "/home/niley-dev/TranlatorIA/src/core/text_to_speech.py", line 12, in <module>
    from encodec.utils import convert_audio
ModuleNotFoundError: No module named 'encodec'
^C(TR) niley-dev@A1server:~/TranlatorIA/src/app$ pip install encodec
Collecting encodec
  Downloading encodec-0.1.1.tar.gz (3.7 MB)
     ━━━━━━━━━━━━━━━━━━━━━━━━━━━━━━━━━━━━━━━━ 3.7/3.7 MB 10.8 MB/s eta 0:00:00
  Preparing metadata (setup.py) ... done
Requirement already satisfied: numpy in /home/niley-dev/miniconda3/envs/TR/lib/python3.8/site-packages (from encodec) (1.24.3)
Requirement already satisfied: torch in /home/niley-dev/miniconda3/envs/TR/lib/python3.8/site-packages (from encodec) (2.1.0)
Requirement already satisfied: torchaudio in /home/niley-dev/miniconda3/envs/TR/lib/python3.8/site-packages (from encodec) (2.1.0)
Requirement already satisfied: einops in /home/niley-dev/miniconda3/envs/TR/lib/python3.8/site-packages (from encodec) (0.7.0)
Requirement already satisfied: filelock in /home/niley-dev/miniconda3/envs/TR/lib/python3.8/site-packages (from torch->encodec) (3.9.0)
Requirement already satisfied: typing-extensions in /home/niley-dev/miniconda3/envs/TR/lib/python3.8/site-packages (from torch->encodec) (4.7.1)
Requirement already satisfied: sympy in /home/niley-dev/miniconda3/envs/TR/lib/python3.8/site-packages (from torch->encodec) (1.11.1)
Requirement already satisfied: networkx in /home/niley-dev/miniconda3/envs/TR/lib/python3.8/site-packages (from torch->encodec) (3.1)
Requirement already satisfied: jinja2 in /home/niley-dev/miniconda3/envs/TR/lib/python3.8/site-packages (from torch->encodec) (3.1.2)
Requirement already satisfied: fsspec in /home/niley-dev/miniconda3/envs/TR/lib/python3.8/site-packages (from torch->encodec) (2023.10.0)
Requirement already satisfied: MarkupSafe>=2.0 in /home/niley-dev/miniconda3/envs/TR/lib/python3.8/site-packages (from jinja2->torch->encodec) (2.1.1)
Requirement already satisfied: mpmath>=0.19 in /home/niley-dev/miniconda3/envs/TR/lib/python3.8/site-packages (from sympy->torch->encodec) (1.3.0)
Building wheels for collected packages: encodec
  Building wheel for encodec (setup.py) ... done
  Created wheel for encodec: filename=encodec-0.1.1-py3-none-any.whl size=45760 sha256=959c343fe90b8e675c667beb408b22344565291c4a4c1c45a5bbed96bdf13531
  Stored in directory: /home/niley-dev/.cache/pip/wheels/83/ca/c5/2770ecff40c79307803c30f8d4c5dcb533722f5f7c049ee9db
Successfully built encodec
Installing collected packages: encodec
Successfully installed encodec-0.1.1
(TR) niley-dev@A1server:~/TranlatorIA/src/app$ python3 manage.py runserver 108.181.193.15:8000
Watching for file changes with StatReloader
Performing system checks...

Exception in thread django-main-thread:
Traceback (most recent call last):
  File "/home/niley-dev/miniconda3/envs/TR/lib/python3.8/threading.py", line 932, in _bootstrap_inner
    self.run()
  File "/home/niley-dev/miniconda3/envs/TR/lib/python3.8/threading.py", line 870, in run
    self._target(*self._args, **self._kwargs)
  File "/home/niley-dev/miniconda3/envs/TR/lib/python3.8/site-packages/django/utils/autoreload.py", line 64, in wrapper
    fn(*args, **kwargs)
  File "/home/niley-dev/miniconda3/envs/TR/lib/python3.8/site-packages/django/core/management/commands/runserver.py", line 133, in inner_run
    self.check(display_num_errors=True)
  File "/home/niley-dev/miniconda3/envs/TR/lib/python3.8/site-packages/django/core/management/base.py", line 485, in check
    all_issues = checks.run_checks(
  File "/home/niley-dev/miniconda3/envs/TR/lib/python3.8/site-packages/django/core/checks/registry.py", line 88, in run_checks
    new_errors = check(app_configs=app_configs, databases=databases)
  File "/home/niley-dev/miniconda3/envs/TR/lib/python3.8/site-packages/django/core/checks/urls.py", line 14, in check_url_config
    return check_resolver(resolver)
  File "/home/niley-dev/miniconda3/envs/TR/lib/python3.8/site-packages/django/core/checks/urls.py", line 24, in check_resolver
    return check_method()
  File "/home/niley-dev/miniconda3/envs/TR/lib/python3.8/site-packages/django/urls/resolvers.py", line 494, in check
    for pattern in self.url_patterns:
  File "/home/niley-dev/miniconda3/envs/TR/lib/python3.8/site-packages/django/utils/functional.py", line 57, in __get__
    res = instance.__dict__[self.name] = self.func(instance)
  File "/home/niley-dev/miniconda3/envs/TR/lib/python3.8/site-packages/django/urls/resolvers.py", line 715, in url_patterns
    patterns = getattr(self.urlconf_module, "urlpatterns", self.urlconf_module)
  File "/home/niley-dev/miniconda3/envs/TR/lib/python3.8/site-packages/django/utils/functional.py", line 57, in __get__
    res = instance.__dict__[self.name] = self.func(instance)
  File "/home/niley-dev/miniconda3/envs/TR/lib/python3.8/site-packages/django/urls/resolvers.py", line 708, in urlconf_module
    return import_module(self.urlconf_name)
  File "/home/niley-dev/miniconda3/envs/TR/lib/python3.8/importlib/__init__.py", line 127, in import_module
    return _bootstrap._gcd_import(name[level:], package, level)
  File "<frozen importlib._bootstrap>", line 1014, in _gcd_import
  File "<frozen importlib._bootstrap>", line 991, in _find_and_load
  File "<frozen importlib._bootstrap>", line 975, in _find_and_load_unlocked
  File "<frozen importlib._bootstrap>", line 671, in _load_unlocked
  File "<frozen importlib._bootstrap_external>", line 843, in exec_module
  File "<frozen importlib._bootstrap>", line 219, in _call_with_frames_removed
  File "/home/niley-dev/TranlatorIA/src/app/web_base/urls.py", line 24, in <module>
    path("vidtranslation/",include('video_translation.urls')),
  File "/home/niley-dev/miniconda3/envs/TR/lib/python3.8/site-packages/django/urls/conf.py", line 38, in include
    urlconf_module = import_module(urlconf_module)
  File "/home/niley-dev/miniconda3/envs/TR/lib/python3.8/importlib/__init__.py", line 127, in import_module
    return _bootstrap._gcd_import(name[level:], package, level)
  File "<frozen importlib._bootstrap>", line 1014, in _gcd_import
  File "<frozen importlib._bootstrap>", line 991, in _find_and_load
  File "<frozen importlib._bootstrap>", line 975, in _find_and_load_unlocked
  File "<frozen importlib._bootstrap>", line 671, in _load_unlocked
  File "<frozen importlib._bootstrap_external>", line 843, in exec_module
  File "<frozen importlib._bootstrap>", line 219, in _call_with_frames_removed
  File "/home/niley-dev/TranlatorIA/src/app/video_translation/urls.py", line 2, in <module>
    from video_translation import views
  File "/home/niley-dev/TranlatorIA/src/app/video_translation/views.py", line 5, in <module>
    from src.core.main import Process_Video
  File "/home/niley-dev/TranlatorIA/src/core/main.py", line 5, in <module>
    from src.core import text_to_speech as mytts
  File "/home/niley-dev/TranlatorIA/src/core/text_to_speech.py", line 16, in <module>
    from transformers import AutoProcessor, AutoModel
ModuleNotFoundError: No module named 'transformers'
^C(TR) niley-dev@A1server:~/TranlatorIA/src/app$ pip install transformers
Collecting transformers
  Downloading transformers-4.34.1-py3-none-any.whl.metadata (121 kB)
     ━━━━━━━━━━━━━━━━━━━━━━━━━━━━━━━━━━━━━━━━ 121.5/121.5 kB 4.8 MB/s eta 0:00:00
Requirement already satisfied: filelock in /home/niley-dev/miniconda3/envs/TR/lib/python3.8/site-packages (from transformers) (3.9.0)
Requirement already satisfied: huggingface-hub<1.0,>=0.16.4 in /home/niley-dev/miniconda3/envs/TR/lib/python3.8/site-packages (from transformers) (0.18.0)
Requirement already satisfied: numpy>=1.17 in /home/niley-dev/miniconda3/envs/TR/lib/python3.8/site-packages (from transformers) (1.24.3)
Requirement already satisfied: packaging>=20.0 in /home/niley-dev/miniconda3/envs/TR/lib/python3.8/site-packages (from transformers) (23.2)
Requirement already satisfied: pyyaml>=5.1 in /home/niley-dev/miniconda3/envs/TR/lib/python3.8/site-packages (from transformers) (6.0.1)
Requirement already satisfied: regex!=2019.12.17 in /home/niley-dev/miniconda3/envs/TR/lib/python3.8/site-packages (from transformers) (2023.10.3)
Requirement already satisfied: requests in /home/niley-dev/miniconda3/envs/TR/lib/python3.8/site-packages (from transformers) (2.31.0)
Collecting tokenizers<0.15,>=0.14 (from transformers)
  Downloading tokenizers-0.14.1-cp38-cp38-manylinux_2_17_x86_64.manylinux2014_x86_64.whl.metadata (6.7 kB)
Collecting safetensors>=0.3.1 (from transformers)
  Downloading safetensors-0.4.0-cp38-cp38-manylinux_2_17_x86_64.manylinux2014_x86_64.whl.metadata (3.8 kB)
Requirement already satisfied: tqdm>=4.27 in /home/niley-dev/miniconda3/envs/TR/lib/python3.8/site-packages (from transformers) (4.66.1)
Requirement already satisfied: fsspec>=2023.5.0 in /home/niley-dev/miniconda3/envs/TR/lib/python3.8/site-packages (from huggingface-hub<1.0,>=0.16.4->transformers) (2023.10.0)
Requirement already satisfied: typing-extensions>=3.7.4.3 in /home/niley-dev/miniconda3/envs/TR/lib/python3.8/site-packages (from huggingface-hub<1.0,>=0.16.4->transformers) (4.7.1)
Collecting huggingface-hub<1.0,>=0.16.4 (from transformers)
  Downloading huggingface_hub-0.17.3-py3-none-any.whl.metadata (13 kB)
Requirement already satisfied: charset-normalizer<4,>=2 in /home/niley-dev/miniconda3/envs/TR/lib/python3.8/site-packages (from requests->transformers) (2.0.4)
Requirement already satisfied: idna<4,>=2.5 in /home/niley-dev/miniconda3/envs/TR/lib/python3.8/site-packages (from requests->transformers) (3.4)
Requirement already satisfied: urllib3<3,>=1.21.1 in /home/niley-dev/miniconda3/envs/TR/lib/python3.8/site-packages (from requests->transformers) (1.26.16)
Requirement already satisfied: certifi>=2017.4.17 in /home/niley-dev/miniconda3/envs/TR/lib/python3.8/site-packages (from requests->transformers) (2023.7.22)
Downloading transformers-4.34.1-py3-none-any.whl (7.7 MB)
   ━━━━━━━━━━━━━━━━━━━━━━━━━━━━━━━━━━━━━━━━ 7.7/7.7 MB 11.0 MB/s eta 0:00:00
Downloading safetensors-0.4.0-cp38-cp38-manylinux_2_17_x86_64.manylinux2014_x86_64.whl (1.3 MB)
   ━━━━━━━━━━━━━━━━━━━━━━━━━━━━━━━━━━━━━━━━ 1.3/1.3 MB 10.4 MB/s eta 0:00:00
Downloading tokenizers-0.14.1-cp38-cp38-manylinux_2_17_x86_64.manylinux2014_x86_64.whl (3.8 MB)
   ━━━━━━━━━━━━━━━━━━━━━━━━━━━━━━━━━━━━━━━━ 3.8/3.8 MB 11.2 MB/s eta 0:00:00
Downloading huggingface_hub-0.17.3-py3-none-any.whl (295 kB)
   ━━━━━━━━━━━━━━━━━━━━━━━━━━━━━━━━━━━━━━━━ 295.0/295.0 kB 9.7 MB/s eta 0:00:00
Installing collected packages: safetensors, huggingface-hub, tokenizers, transformers
  Attempting uninstall: huggingface-hub
    Found existing installation: huggingface-hub 0.18.0
    Uninstalling huggingface-hub-0.18.0:
      Successfully uninstalled huggingface-hub-0.18.0
Successfully installed huggingface-hub-0.17.3 safetensors-0.4.0 tokenizers-0.14.1 transformers-4.34.1
(TR) niley-dev@A1server:~/TranlatorIA/src/app$ python3 manage.py runserver 108.181.193.15:8000
Watching for file changes with StatReloader
Performing system checks...

Exception in thread django-main-thread:
Traceback (most recent call last):
  File "/home/niley-dev/miniconda3/envs/TR/lib/python3.8/threading.py", line 932, in _bootstrap_inner
    self.run()
  File "/home/niley-dev/miniconda3/envs/TR/lib/python3.8/threading.py", line 870, in run
    self._target(*self._args, **self._kwargs)
  File "/home/niley-dev/miniconda3/envs/TR/lib/python3.8/site-packages/django/utils/autoreload.py", line 64, in wrapper
    fn(*args, **kwargs)
  File "/home/niley-dev/miniconda3/envs/TR/lib/python3.8/site-packages/django/core/management/commands/runserver.py", line 133, in inner_run
    self.check(display_num_errors=True)
  File "/home/niley-dev/miniconda3/envs/TR/lib/python3.8/site-packages/django/core/management/base.py", line 485, in check
    all_issues = checks.run_checks(
  File "/home/niley-dev/miniconda3/envs/TR/lib/python3.8/site-packages/django/core/checks/registry.py", line 88, in run_checks
    new_errors = check(app_configs=app_configs, databases=databases)
  File "/home/niley-dev/miniconda3/envs/TR/lib/python3.8/site-packages/django/core/checks/urls.py", line 14, in check_url_config
    return check_resolver(resolver)
  File "/home/niley-dev/miniconda3/envs/TR/lib/python3.8/site-packages/django/core/checks/urls.py", line 24, in check_resolver
    return check_method()
  File "/home/niley-dev/miniconda3/envs/TR/lib/python3.8/site-packages/django/urls/resolvers.py", line 494, in check
    for pattern in self.url_patterns:
  File "/home/niley-dev/miniconda3/envs/TR/lib/python3.8/site-packages/django/utils/functional.py", line 57, in __get__
    res = instance.__dict__[self.name] = self.func(instance)
  File "/home/niley-dev/miniconda3/envs/TR/lib/python3.8/site-packages/django/urls/resolvers.py", line 715, in url_patterns
    patterns = getattr(self.urlconf_module, "urlpatterns", self.urlconf_module)
  File "/home/niley-dev/miniconda3/envs/TR/lib/python3.8/site-packages/django/utils/functional.py", line 57, in __get__
    res = instance.__dict__[self.name] = self.func(instance)
  File "/home/niley-dev/miniconda3/envs/TR/lib/python3.8/site-packages/django/urls/resolvers.py", line 708, in urlconf_module
    return import_module(self.urlconf_name)
  File "/home/niley-dev/miniconda3/envs/TR/lib/python3.8/importlib/__init__.py", line 127, in import_module
    return _bootstrap._gcd_import(name[level:], package, level)
  File "<frozen importlib._bootstrap>", line 1014, in _gcd_import
  File "<frozen importlib._bootstrap>", line 991, in _find_and_load
  File "<frozen importlib._bootstrap>", line 975, in _find_and_load_unlocked
  File "<frozen importlib._bootstrap>", line 671, in _load_unlocked
  File "<frozen importlib._bootstrap_external>", line 843, in exec_module
  File "<frozen importlib._bootstrap>", line 219, in _call_with_frames_removed
  File "/home/niley-dev/TranlatorIA/src/app/web_base/urls.py", line 24, in <module>
    path("vidtranslation/",include('video_translation.urls')),
  File "/home/niley-dev/miniconda3/envs/TR/lib/python3.8/site-packages/django/urls/conf.py", line 38, in include
    urlconf_module = import_module(urlconf_module)
  File "/home/niley-dev/miniconda3/envs/TR/lib/python3.8/importlib/__init__.py", line 127, in import_module
    return _bootstrap._gcd_import(name[level:], package, level)
  File "<frozen importlib._bootstrap>", line 1014, in _gcd_import
  File "<frozen importlib._bootstrap>", line 991, in _find_and_load
  File "<frozen importlib._bootstrap>", line 975, in _find_and_load_unlocked
  File "<frozen importlib._bootstrap>", line 671, in _load_unlocked
  File "<frozen importlib._bootstrap_external>", line 843, in exec_module
  File "<frozen importlib._bootstrap>", line 219, in _call_with_frames_removed
  File "/home/niley-dev/TranlatorIA/src/app/video_translation/urls.py", line 2, in <module>
    from video_translation import views
  File "/home/niley-dev/TranlatorIA/src/app/video_translation/views.py", line 5, in <module>
    from src.core.main import Process_Video
  File "/home/niley-dev/TranlatorIA/src/core/main.py", line 5, in <module>
    from src.core import text_to_speech as mytts
  File "/home/niley-dev/TranlatorIA/src/core/text_to_speech.py", line 20, in <module>
    import nltk
ModuleNotFoundError: No module named 'nltk'
pip install google-cloud-texttospeech^C(TR) niley-dev@A1server:~/TranlatorIA/src/app$ pip install nltk
Collecting nltk
  Downloading nltk-3.8.1-py3-none-any.whl (1.5 MB)
     ━━━━━━━━━━━━━━━━━━━━━━━━━━━━━━━━━━━━━━━━ 1.5/1.5 MB 10.7 MB/s eta 0:00:00
Requirement already satisfied: click in /home/niley-dev/miniconda3/envs/TR/lib/python3.8/site-packages (from nltk) (8.1.7)
Requirement already satisfied: joblib in /home/niley-dev/miniconda3/envs/TR/lib/python3.8/site-packages (from nltk) (1.3.2)
Requirement already satisfied: regex>=2021.8.3 in /home/niley-dev/miniconda3/envs/TR/lib/python3.8/site-packages (from nltk) (2023.10.3)
Requirement already satisfied: tqdm in /home/niley-dev/miniconda3/envs/TR/lib/python3.8/site-packages (from nltk) (4.66.1)
Installing collected packages: nltk
Successfully installed nltk-3.8.1
(TR) niley-dev@A1server:~/TranlatorIA/src/app$ python3 manage.py runserver 108.181.193.15:8000
Watching for file changes with StatReloader
Performing system checks...

Exception in thread django-main-thread:
Traceback (most recent call last):
  File "/home/niley-dev/miniconda3/envs/TR/lib/python3.8/threading.py", line 932, in _bootstrap_inner
    self.run()
  File "/home/niley-dev/miniconda3/envs/TR/lib/python3.8/threading.py", line 870, in run
    self._target(*self._args, **self._kwargs)
  File "/home/niley-dev/miniconda3/envs/TR/lib/python3.8/site-packages/django/utils/autoreload.py", line 64, in wrapper
    fn(*args, **kwargs)
  File "/home/niley-dev/miniconda3/envs/TR/lib/python3.8/site-packages/django/core/management/commands/runserver.py", line 133, in inner_run
    self.check(display_num_errors=True)
  File "/home/niley-dev/miniconda3/envs/TR/lib/python3.8/site-packages/django/core/management/base.py", line 485, in check
    all_issues = checks.run_checks(
  File "/home/niley-dev/miniconda3/envs/TR/lib/python3.8/site-packages/django/core/checks/registry.py", line 88, in run_checks
    new_errors = check(app_configs=app_configs, databases=databases)
  File "/home/niley-dev/miniconda3/envs/TR/lib/python3.8/site-packages/django/core/checks/urls.py", line 14, in check_url_config
    return check_resolver(resolver)
  File "/home/niley-dev/miniconda3/envs/TR/lib/python3.8/site-packages/django/core/checks/urls.py", line 24, in check_resolver
    return check_method()
  File "/home/niley-dev/miniconda3/envs/TR/lib/python3.8/site-packages/django/urls/resolvers.py", line 494, in check
    for pattern in self.url_patterns:
  File "/home/niley-dev/miniconda3/envs/TR/lib/python3.8/site-packages/django/utils/functional.py", line 57, in __get__
    res = instance.__dict__[self.name] = self.func(instance)
  File "/home/niley-dev/miniconda3/envs/TR/lib/python3.8/site-packages/django/urls/resolvers.py", line 715, in url_patterns
    patterns = getattr(self.urlconf_module, "urlpatterns", self.urlconf_module)
  File "/home/niley-dev/miniconda3/envs/TR/lib/python3.8/site-packages/django/utils/functional.py", line 57, in __get__
    res = instance.__dict__[self.name] = self.func(instance)
  File "/home/niley-dev/miniconda3/envs/TR/lib/python3.8/site-packages/django/urls/resolvers.py", line 708, in urlconf_module
    return import_module(self.urlconf_name)
  File "/home/niley-dev/miniconda3/envs/TR/lib/python3.8/importlib/__init__.py", line 127, in import_module
    return _bootstrap._gcd_import(name[level:], package, level)
  File "<frozen importlib._bootstrap>", line 1014, in _gcd_import
  File "<frozen importlib._bootstrap>", line 991, in _find_and_load
  File "<frozen importlib._bootstrap>", line 975, in _find_and_load_unlocked
  File "<frozen importlib._bootstrap>", line 671, in _load_unlocked
  File "<frozen importlib._bootstrap_external>", line 843, in exec_module
  File "<frozen importlib._bootstrap>", line 219, in _call_with_frames_removed
  File "/home/niley-dev/TranlatorIA/src/app/web_base/urls.py", line 24, in <module>
    path("vidtranslation/",include('video_translation.urls')),
  File "/home/niley-dev/miniconda3/envs/TR/lib/python3.8/site-packages/django/urls/conf.py", line 38, in include
    urlconf_module = import_module(urlconf_module)
  File "/home/niley-dev/miniconda3/envs/TR/lib/python3.8/importlib/__init__.py", line 127, in import_module
    return _bootstrap._gcd_import(name[level:], package, level)
  File "<frozen importlib._bootstrap>", line 1014, in _gcd_import
  File "<frozen importlib._bootstrap>", line 991, in _find_and_load
  File "<frozen importlib._bootstrap>", line 975, in _find_and_load_unlocked
  File "<frozen importlib._bootstrap>", line 671, in _load_unlocked
  File "<frozen importlib._bootstrap_external>", line 843, in exec_module
  File "<frozen importlib._bootstrap>", line 219, in _call_with_frames_removed
  File "/home/niley-dev/TranlatorIA/src/app/video_translation/urls.py", line 2, in <module>
    from video_translation import views
  File "/home/niley-dev/TranlatorIA/src/app/video_translation/views.py", line 5, in <module>
    from src.core.main import Process_Video
  File "/home/niley-dev/TranlatorIA/src/core/main.py", line 6, in <module>
    from src.core import translation
  File "/home/niley-dev/TranlatorIA/src/core/translation.py", line 1, in <module>
    from googletrans import Translator
ModuleNotFoundError: No module named 'googletrans'
^C(TR) niley-dev@A1server:~/TranlatorIA/src/app$ pip install googletrans
Collecting googletrans
  Downloading googletrans-3.0.0.tar.gz (17 kB)
  Preparing metadata (setup.py) ... done
Collecting httpx==0.13.3 (from googletrans)
  Downloading httpx-0.13.3-py3-none-any.whl (55 kB)
     ━━━━━━━━━━━━━━━━━━━━━━━━━━━━━━━━━━━━━━━━ 55.1/55.1 kB 6.0 MB/s eta 0:00:00
Requirement already satisfied: certifi in /home/niley-dev/miniconda3/envs/TR/lib/python3.8/site-packages (from httpx==0.13.3->googletrans) (2023.7.22)
Collecting hstspreload (from httpx==0.13.3->googletrans)
  Downloading hstspreload-2023.1.1-py3-none-any.whl (1.5 MB)
     ━━━━━━━━━━━━━━━━━━━━━━━━━━━━━━━━━━━━━━━━ 1.5/1.5 MB 10.8 MB/s eta 0:00:00
Collecting sniffio (from httpx==0.13.3->googletrans)
  Downloading sniffio-1.3.0-py3-none-any.whl (10 kB)
Collecting chardet==3.* (from httpx==0.13.3->googletrans)
  Downloading chardet-3.0.4-py2.py3-none-any.whl (133 kB)
     ━━━━━━━━━━━━━━━━━━━━━━━━━━━━━━━━━━━━━━━━ 133.4/133.4 kB 8.1 MB/s eta 0:00:00
Collecting idna==2.* (from httpx==0.13.3->googletrans)
  Downloading idna-2.10-py2.py3-none-any.whl (58 kB)
     ━━━━━━━━━━━━━━━━━━━━━━━━━━━━━━━━━━━━━━━━ 58.8/58.8 kB 5.8 MB/s eta 0:00:00
Requirement already satisfied: rfc3986<2,>=1.3 in /home/niley-dev/miniconda3/envs/TR/lib/python3.8/site-packages (from httpx==0.13.3->googletrans) (1.5.0)
Collecting httpcore==0.9.* (from httpx==0.13.3->googletrans)
  Downloading httpcore-0.9.1-py3-none-any.whl (42 kB)
     ━━━━━━━━━━━━━━━━━━━━━━━━━━━━━━━━━━━━━━━━ 42.6/42.6 kB 4.5 MB/s eta 0:00:00
Collecting h11<0.10,>=0.8 (from httpcore==0.9.*->httpx==0.13.3->googletrans)
  Downloading h11-0.9.0-py2.py3-none-any.whl (53 kB)
     ━━━━━━━━━━━━━━━━━━━━━━━━━━━━━━━━━━━━━━━━ 53.6/53.6 kB 4.4 MB/s eta 0:00:00
Collecting h2==3.* (from httpcore==0.9.*->httpx==0.13.3->googletrans)
  Downloading h2-3.2.0-py2.py3-none-any.whl (65 kB)
     ━━━━━━━━━━━━━━━━━━━━━━━━━━━━━━━━━━━━━━━━ 65.0/65.0 kB 5.9 MB/s eta 0:00:00
Collecting hyperframe<6,>=5.2.0 (from h2==3.*->httpcore==0.9.*->httpx==0.13.3->googletrans)
  Downloading hyperframe-5.2.0-py2.py3-none-any.whl (12 kB)
Collecting hpack<4,>=3.0 (from h2==3.*->httpcore==0.9.*->httpx==0.13.3->googletrans)
  Downloading hpack-3.0.0-py2.py3-none-any.whl (38 kB)
Building wheels for collected packages: googletrans
  Building wheel for googletrans (setup.py) ... done
  Created wheel for googletrans: filename=googletrans-3.0.0-py3-none-any.whl size=15716 sha256=770470d7339c30c92340da57f4e3dc743476e9293f0a97f8daad9616bb83671f
  Stored in directory: /home/niley-dev/.cache/pip/wheels/0e/ce/9b/d51de1064911d42480ab6b57fc943ee36572441f27546354e2
Successfully built googletrans
Installing collected packages: hyperframe, hpack, h11, chardet, sniffio, idna, hstspreload, h2, httpcore, httpx, googletrans
  Attempting uninstall: idna
    Found existing installation: idna 3.4
    Uninstalling idna-3.4:
      Successfully uninstalled idna-3.4
Successfully installed chardet-3.0.4 googletrans-3.0.0 h11-0.9.0 h2-3.2.0 hpack-3.0.0 hstspreload-2023.1.1 httpcore-0.9.1 httpx-0.13.3 hyperframe-5.2.0 idna-2.10 sniffio-1.3.0
(TR) niley-dev@A1server:~/TranlatorIA/src/app$ python3 manage.py runserver 108.181.193.15:8000
Watching for file changes with StatReloader
Performing system checks...

Exception in thread django-main-thread:
Traceback (most recent call last):
  File "/home/niley-dev/miniconda3/envs/TR/lib/python3.8/threading.py", line 932, in _bootstrap_inner
    self.run()
  File "/home/niley-dev/miniconda3/envs/TR/lib/python3.8/threading.py", line 870, in run
    self._target(*self._args, **self._kwargs)
  File "/home/niley-dev/miniconda3/envs/TR/lib/python3.8/site-packages/django/utils/autoreload.py", line 64, in wrapper
    fn(*args, **kwargs)
  File "/home/niley-dev/miniconda3/envs/TR/lib/python3.8/site-packages/django/core/management/commands/runserver.py", line 133, in inner_run
    self.check(display_num_errors=True)
  File "/home/niley-dev/miniconda3/envs/TR/lib/python3.8/site-packages/django/core/management/base.py", line 485, in check
    all_issues = checks.run_checks(
  File "/home/niley-dev/miniconda3/envs/TR/lib/python3.8/site-packages/django/core/checks/registry.py", line 88, in run_checks
    new_errors = check(app_configs=app_configs, databases=databases)
  File "/home/niley-dev/miniconda3/envs/TR/lib/python3.8/site-packages/django/core/checks/urls.py", line 14, in check_url_config
    return check_resolver(resolver)
  File "/home/niley-dev/miniconda3/envs/TR/lib/python3.8/site-packages/django/core/checks/urls.py", line 24, in check_resolver
    return check_method()
  File "/home/niley-dev/miniconda3/envs/TR/lib/python3.8/site-packages/django/urls/resolvers.py", line 494, in check
    for pattern in self.url_patterns:
  File "/home/niley-dev/miniconda3/envs/TR/lib/python3.8/site-packages/django/utils/functional.py", line 57, in __get__
    res = instance.__dict__[self.name] = self.func(instance)
  File "/home/niley-dev/miniconda3/envs/TR/lib/python3.8/site-packages/django/urls/resolvers.py", line 715, in url_patterns
    patterns = getattr(self.urlconf_module, "urlpatterns", self.urlconf_module)
  File "/home/niley-dev/miniconda3/envs/TR/lib/python3.8/site-packages/django/utils/functional.py", line 57, in __get__
    res = instance.__dict__[self.name] = self.func(instance)
  File "/home/niley-dev/miniconda3/envs/TR/lib/python3.8/site-packages/django/urls/resolvers.py", line 708, in urlconf_module
    return import_module(self.urlconf_name)
  File "/home/niley-dev/miniconda3/envs/TR/lib/python3.8/importlib/__init__.py", line 127, in import_module
    return _bootstrap._gcd_import(name[level:], package, level)
  File "<frozen importlib._bootstrap>", line 1014, in _gcd_import
  File "<frozen importlib._bootstrap>", line 991, in _find_and_load
  File "<frozen importlib._bootstrap>", line 975, in _find_and_load_unlocked
  File "<frozen importlib._bootstrap>", line 671, in _load_unlocked
  File "<frozen importlib._bootstrap_external>", line 843, in exec_module
  File "<frozen importlib._bootstrap>", line 219, in _call_with_frames_removed
  File "/home/niley-dev/TranlatorIA/src/app/web_base/urls.py", line 24, in <module>
    path("vidtranslation/",include('video_translation.urls')),
  File "/home/niley-dev/miniconda3/envs/TR/lib/python3.8/site-packages/django/urls/conf.py", line 38, in include
    urlconf_module = import_module(urlconf_module)
  File "/home/niley-dev/miniconda3/envs/TR/lib/python3.8/importlib/__init__.py", line 127, in import_module
    return _bootstrap._gcd_import(name[level:], package, level)
  File "<frozen importlib._bootstrap>", line 1014, in _gcd_import
  File "<frozen importlib._bootstrap>", line 991, in _find_and_load
  File "<frozen importlib._bootstrap>", line 975, in _find_and_load_unlocked
  File "<frozen importlib._bootstrap>", line 671, in _load_unlocked
  File "<frozen importlib._bootstrap_external>", line 843, in exec_module
  File "<frozen importlib._bootstrap>", line 219, in _call_with_frames_removed
  File "/home/niley-dev/TranlatorIA/src/app/video_translation/urls.py", line 2, in <module>
    from video_translation import views
  File "/home/niley-dev/TranlatorIA/src/app/video_translation/views.py", line 5, in <module>
    from src.core.main import Process_Video
  File "/home/niley-dev/TranlatorIA/src/core/main.py", line 6, in <module>
    from src.core import translation
  File "/home/niley-dev/TranlatorIA/src/core/translation.py", line 2, in <module>
    from deep_translator import GoogleTranslator, MyMemoryTranslator
ModuleNotFoundError: No module named 'deep_translator'
^C(TR) niley-dev@A1server:~/TranlatorIA/src/app$ pip install deep_translator
Collecting deep_translator
  Downloading deep_translator-1.11.4-py3-none-any.whl.metadata (30 kB)
Collecting beautifulsoup4<5.0.0,>=4.9.1 (from deep_translator)
  Downloading beautifulsoup4-4.12.2-py3-none-any.whl (142 kB)
     ━━━━━━━━━━━━━━━━━━━━━━━━━━━━━━━━━━━━━━━━ 143.0/143.0 kB 8.7 MB/s eta 0:00:00
Requirement already satisfied: requests<3.0.0,>=2.23.0 in /home/niley-dev/miniconda3/envs/TR/lib/python3.8/site-packages (from deep_translator) (2.31.0)
Collecting soupsieve>1.2 (from beautifulsoup4<5.0.0,>=4.9.1->deep_translator)
  Downloading soupsieve-2.5-py3-none-any.whl.metadata (4.7 kB)
Requirement already satisfied: charset-normalizer<4,>=2 in /home/niley-dev/miniconda3/envs/TR/lib/python3.8/site-packages (from requests<3.0.0,>=2.23.0->deep_translator) (2.0.4)
Requirement already satisfied: idna<4,>=2.5 in /home/niley-dev/miniconda3/envs/TR/lib/python3.8/site-packages (from requests<3.0.0,>=2.23.0->deep_translator) (2.10)
Requirement already satisfied: urllib3<3,>=1.21.1 in /home/niley-dev/miniconda3/envs/TR/lib/python3.8/site-packages (from requests<3.0.0,>=2.23.0->deep_translator) (1.26.16)
Requirement already satisfied: certifi>=2017.4.17 in /home/niley-dev/miniconda3/envs/TR/lib/python3.8/site-packages (from requests<3.0.0,>=2.23.0->deep_translator) (2023.7.22)
Downloading deep_translator-1.11.4-py3-none-any.whl (42 kB)
   ━━━━━━━━━━━━━━━━━━━━━━━━━━━━━━━━━━━━━━━━ 42.3/42.3 kB 5.1 MB/s eta 0:00:00
Downloading soupsieve-2.5-py3-none-any.whl (36 kB)
Installing collected packages: soupsieve, beautifulsoup4, deep_translator
Successfully installed beautifulsoup4-4.12.2 deep_translator-1.11.4 soupsieve-2.5
(TR) niley-dev@A1server:~/TranlatorIA/src/app$ python3 manage.py runserver 108.181.193.15:8000
Watching for file changes with StatReloader
Performing system checks...

Exception in thread django-main-thread:
Traceback (most recent call last):
  File "/home/niley-dev/miniconda3/envs/TR/lib/python3.8/threading.py", line 932, in _bootstrap_inner
    self.run()
  File "/home/niley-dev/miniconda3/envs/TR/lib/python3.8/threading.py", line 870, in run
    self._target(*self._args, **self._kwargs)
  File "/home/niley-dev/miniconda3/envs/TR/lib/python3.8/site-packages/django/utils/autoreload.py", line 64, in wrapper
    fn(*args, **kwargs)
  File "/home/niley-dev/miniconda3/envs/TR/lib/python3.8/site-packages/django/core/management/commands/runserver.py", line 133, in inner_run
    self.check(display_num_errors=True)
  File "/home/niley-dev/miniconda3/envs/TR/lib/python3.8/site-packages/django/core/management/base.py", line 485, in check
    all_issues = checks.run_checks(
  File "/home/niley-dev/miniconda3/envs/TR/lib/python3.8/site-packages/django/core/checks/registry.py", line 88, in run_checks
    new_errors = check(app_configs=app_configs, databases=databases)
  File "/home/niley-dev/miniconda3/envs/TR/lib/python3.8/site-packages/django/core/checks/urls.py", line 14, in check_url_config
    return check_resolver(resolver)
  File "/home/niley-dev/miniconda3/envs/TR/lib/python3.8/site-packages/django/core/checks/urls.py", line 24, in check_resolver
    return check_method()
  File "/home/niley-dev/miniconda3/envs/TR/lib/python3.8/site-packages/django/urls/resolvers.py", line 494, in check
    for pattern in self.url_patterns:
  File "/home/niley-dev/miniconda3/envs/TR/lib/python3.8/site-packages/django/utils/functional.py", line 57, in __get__
    res = instance.__dict__[self.name] = self.func(instance)
  File "/home/niley-dev/miniconda3/envs/TR/lib/python3.8/site-packages/django/urls/resolvers.py", line 715, in url_patterns
    patterns = getattr(self.urlconf_module, "urlpatterns", self.urlconf_module)
  File "/home/niley-dev/miniconda3/envs/TR/lib/python3.8/site-packages/django/utils/functional.py", line 57, in __get__
    res = instance.__dict__[self.name] = self.func(instance)
  File "/home/niley-dev/miniconda3/envs/TR/lib/python3.8/site-packages/django/urls/resolvers.py", line 708, in urlconf_module
    return import_module(self.urlconf_name)
  File "/home/niley-dev/miniconda3/envs/TR/lib/python3.8/importlib/__init__.py", line 127, in import_module
    return _bootstrap._gcd_import(name[level:], package, level)
  File "<frozen importlib._bootstrap>", line 1014, in _gcd_import
  File "<frozen importlib._bootstrap>", line 991, in _find_and_load
  File "<frozen importlib._bootstrap>", line 975, in _find_and_load_unlocked
  File "<frozen importlib._bootstrap>", line 671, in _load_unlocked
  File "<frozen importlib._bootstrap_external>", line 843, in exec_module
  File "<frozen importlib._bootstrap>", line 219, in _call_with_frames_removed
  File "/home/niley-dev/TranlatorIA/src/app/web_base/urls.py", line 24, in <module>
    path("vidtranslation/",include('video_translation.urls')),
  File "/home/niley-dev/miniconda3/envs/TR/lib/python3.8/site-packages/django/urls/conf.py", line 38, in include
    urlconf_module = import_module(urlconf_module)
  File "/home/niley-dev/miniconda3/envs/TR/lib/python3.8/importlib/__init__.py", line 127, in import_module
    return _bootstrap._gcd_import(name[level:], package, level)
  File "<frozen importlib._bootstrap>", line 1014, in _gcd_import
  File "<frozen importlib._bootstrap>", line 991, in _find_and_load
  File "<frozen importlib._bootstrap>", line 975, in _find_and_load_unlocked
  File "<frozen importlib._bootstrap>", line 671, in _load_unlocked
  File "<frozen importlib._bootstrap_external>", line 843, in exec_module
  File "<frozen importlib._bootstrap>", line 219, in _call_with_frames_removed
  File "/home/niley-dev/TranlatorIA/src/app/video_translation/urls.py", line 2, in <module>
    from video_translation import views
  File "/home/niley-dev/TranlatorIA/src/app/video_translation/views.py", line 5, in <module>
    from src.core.main import Process_Video
  File "/home/niley-dev/TranlatorIA/src/core/main.py", line 7, in <module>
    from src.core import join_audio_video as gen_vid
  File "/home/niley-dev/TranlatorIA/src/core/join_audio_video.py", line 3, in <module>
    from pyffmpeg import FFmpeg
ModuleNotFoundError: No module named 'pyffmpeg'
^C(TR) niley-dev@A1server:~/TranlatorIA/src/app$ pip install pyffmpeg
Collecting pyffmpeg
  Downloading pyffmpeg-2.4.2.18.1-py3-none-manylinux_2_17_x86_64.manylinux2014_x86_64.whl.metadata (2.6 kB)
Downloading pyffmpeg-2.4.2.18.1-py3-none-manylinux_2_17_x86_64.manylinux2014_x86_64.whl (17.0 MB)
   ━━━━━━━━━━━━━━━━━━━━━━━━━━━━━━━━━━━━━━━━ 17.0/17.0 MB 10.8 MB/s eta 0:00:00
Installing collected packages: pyffmpeg
Successfully installed pyffmpeg-2.4.2.18.1
(TR) niley-dev@A1server:~/TranlatorIA/src/app$ python3 manage.py runserver 108.181.193.15:8000
Watching for file changes with StatReloader
Performing system checks...

System check identified no issues (0 silenced).
Exception in thread django-main-thread:
Traceback (most recent call last):
  File "/home/niley-dev/miniconda3/envs/TR/lib/python3.8/site-packages/django/db/backends/base/base.py", line 289, in ensure_connection
    self.connect()
  File "/home/niley-dev/miniconda3/envs/TR/lib/python3.8/site-packages/django/utils/asyncio.py", line 26, in inner
    return func(*args, **kwargs)
  File "/home/niley-dev/miniconda3/envs/TR/lib/python3.8/site-packages/django/db/backends/base/base.py", line 270, in connect
    self.connection = self.get_new_connection(conn_params)
  File "/home/niley-dev/miniconda3/envs/TR/lib/python3.8/site-packages/django/utils/asyncio.py", line 26, in inner
    return func(*args, **kwargs)
  File "/home/niley-dev/miniconda3/envs/TR/lib/python3.8/site-packages/django/db/backends/mysql/base.py", line 247, in get_new_connection
    connection = Database.connect(**conn_params)
  File "/home/niley-dev/miniconda3/envs/TR/lib/python3.8/site-packages/MySQLdb/__init__.py", line 121, in Connect
    return Connection(*args, **kwargs)
  File "/home/niley-dev/miniconda3/envs/TR/lib/python3.8/site-packages/MySQLdb/connections.py", line 193, in __init__
    super().__init__(*args, **kwargs2)
MySQLdb.OperationalError: (1698, "Access denied for user 'root'@'localhost'")

The above exception was the direct cause of the following exception:

Traceback (most recent call last):
  File "/home/niley-dev/miniconda3/envs/TR/lib/python3.8/threading.py", line 932, in _bootstrap_inner
    self.run()
  File "/home/niley-dev/miniconda3/envs/TR/lib/python3.8/threading.py", line 870, in run
    self._target(*self._args, **self._kwargs)
  File "/home/niley-dev/miniconda3/envs/TR/lib/python3.8/site-packages/django/utils/autoreload.py", line 64, in wrapper
    fn(*args, **kwargs)
  File "/home/niley-dev/miniconda3/envs/TR/lib/python3.8/site-packages/django/core/management/commands/runserver.py", line 136, in inner_run
    self.check_migrations()
  File "/home/niley-dev/miniconda3/envs/TR/lib/python3.8/site-packages/django/core/management/base.py", line 574, in check_migrations
    executor = MigrationExecutor(connections[DEFAULT_DB_ALIAS])
  File "/home/niley-dev/miniconda3/envs/TR/lib/python3.8/site-packages/django/db/migrations/executor.py", line 18, in __init__
    self.loader = MigrationLoader(self.connection)
  File "/home/niley-dev/miniconda3/envs/TR/lib/python3.8/site-packages/django/db/migrations/loader.py", line 58, in __init__
    self.build_graph()
  File "/home/niley-dev/miniconda3/envs/TR/lib/python3.8/site-packages/django/db/migrations/loader.py", line 235, in build_graph
    self.applied_migrations = recorder.applied_migrations()
  File "/home/niley-dev/miniconda3/envs/TR/lib/python3.8/site-packages/django/db/migrations/recorder.py", line 81, in applied_migrations
    if self.has_table():
  File "/home/niley-dev/miniconda3/envs/TR/lib/python3.8/site-packages/django/db/migrations/recorder.py", line 57, in has_table
    with self.connection.cursor() as cursor:
  File "/home/niley-dev/miniconda3/envs/TR/lib/python3.8/site-packages/django/utils/asyncio.py", line 26, in inner
    return func(*args, **kwargs)
  File "/home/niley-dev/miniconda3/envs/TR/lib/python3.8/site-packages/django/db/backends/base/base.py", line 330, in cursor
    return self._cursor()
  File "/home/niley-dev/miniconda3/envs/TR/lib/python3.8/site-packages/django/db/backends/base/base.py", line 306, in _cursor
    self.ensure_connection()
  File "/home/niley-dev/miniconda3/envs/TR/lib/python3.8/site-packages/django/utils/asyncio.py", line 26, in inner
    return func(*args, **kwargs)
  File "/home/niley-dev/miniconda3/envs/TR/lib/python3.8/site-packages/django/db/backends/base/base.py", line 289, in ensure_connection
    self.connect()
  File "/home/niley-dev/miniconda3/envs/TR/lib/python3.8/site-packages/django/db/utils.py", line 91, in __exit__
    raise dj_exc_value.with_traceback(traceback) from exc_value
  File "/home/niley-dev/miniconda3/envs/TR/lib/python3.8/site-packages/django/db/backends/base/base.py", line 289, in ensure_connection
    self.connect()
  File "/home/niley-dev/miniconda3/envs/TR/lib/python3.8/site-packages/django/utils/asyncio.py", line 26, in inner
    return func(*args, **kwargs)
  File "/home/niley-dev/miniconda3/envs/TR/lib/python3.8/site-packages/django/db/backends/base/base.py", line 270, in connect
    self.connection = self.get_new_connection(conn_params)
  File "/home/niley-dev/miniconda3/envs/TR/lib/python3.8/site-packages/django/utils/asyncio.py", line 26, in inner
    return func(*args, **kwargs)
  File "/home/niley-dev/miniconda3/envs/TR/lib/python3.8/site-packages/django/db/backends/mysql/base.py", line 247, in get_new_connection
    connection = Database.connect(**conn_params)
  File "/home/niley-dev/miniconda3/envs/TR/lib/python3.8/site-packages/MySQLdb/__init__.py", line 121, in Connect
    return Connection(*args, **kwargs)
  File "/home/niley-dev/miniconda3/envs/TR/lib/python3.8/site-packages/MySQLdb/connections.py", line 193, in __init__
    super().__init__(*args, **kwargs2)
django.db.utils.OperationalError: (1698, "Access denied for user 'root'@'localhost'")
^C(TR) niley-dev@A1server:~/TranlatorIA/src/app$ sudo mysql -u root # mysql -u root -p
[sudo] password for niley-dev:
Welcome to the MySQL monitor.  Commands end with ; or \g.
Your MySQL connection id is 36
Server version: 8.0.34-0ubuntu0.20.04.1 (Ubuntu)

Copyright (c) 2000, 2023, Oracle and/or its affiliates.

Oracle is a registered trademark of Oracle Corporation and/or its
affiliates. Other names may be trademarks of their respective
owners.

Type 'help;' or '\h' for help. Type '\c' to clear the current input statement.

mysql> ALTER USER 'root'@'localhost' IDENTIFIED BY 'RDJaecYXRU!PnR4ib82jk';
Query OK, 0 rows affected (0.00 sec)

mysql> CREATE USER 'your_new_username'@'localhost' IDENTIFIED BY 'new_password';
CREATE USER 'your_new_username'@'localhost' IDENTIFIED BY 'new_password';
^C
mysql> CREATE USER 'your_new_username'@'localhost' IDENTIFIED BY 'new_password';
ERROR 1819 (HY000): Your password does not satisfy the current policy requirements
mysql> CREATE USER 'your_new_username'@'localhost' IDENTIFIED BY 'Pppp54321!';
Query OK, 0 rows affected (0.01 sec)

mysql> GRANT ALL PRIVILEGES ON *. * TO 'your_new_username'@'localhost';
Query OK, 0 rows affected (0.01 sec)

mysql> CREATE DATABASE YML_Multilanguage CHARACTER SET UTF8;
Query OK, 1 row affected, 1 warning (0.01 sec)

mysql> GRANT ALL PRIVILEGES ON YML_Multilanguage.* TO your_username@localhost;
ERROR 1410 (42000): You are not allowed to create a user with GRANT
mysql> GRANT ALL PRIVILEGES ON YML_Multilanguage.* TO your_new_username@localhost;
Query OK, 0 rows affected (0.01 sec)

mysql> show databases;
+--------------------+
| Database           |
+--------------------+
| YML_Multilanguage  |
| information_schema |
| mysql              |
| performance_schema |
| phpmyadmin         |
| sys                |
+--------------------+
6 rows in set (0.00 sec)

mysql> ^DBye
(TR) niley-dev@A1server:~/TranlatorIA/src/app$ python3 manage.py dumpdata --natural-foreign --natural-primary -e contenttypes -e auth.Permission > datadump.json
CommandError: Unable to serialize database: (1698, "Access denied for user 'root'@'localhost'")
(TR) niley-dev@A1server:~/TranlatorIA/src/app$ sudo mysql -u root # mysql -u root -p
Welcome to the MySQL monitor.  Commands end with ; or \g.
Your MySQL connection id is 38
Server version: 8.0.34-0ubuntu0.20.04.1 (Ubuntu)

Copyright (c) 2000, 2023, Oracle and/or its affiliates.

Oracle is a registered trademark of Oracle Corporation and/or its
affiliates. Other names may be trademarks of their respective
owners.

Type 'help;' or '\h' for help. Type '\c' to clear the current input statement.

mysql> GRANT ALL PRIVILEGES ON YML_Multilanguage.* TO root@localhost;
Query OK, 0 rows affected (0.01 sec)

mysql> ^DBye
(TR) niley-dev@A1server:~/TranlatorIA/src/app$ python3 manage.py dumpdata --natural-foreign --natural-primary -e contenttypes -e auth.Permission > datadump.json
CommandError: Unable to serialize database: (1698, "Access denied for user 'root'@'localhost'")
(TR) niley-dev@A1server:~/TranlatorIA/src/app$ mysql
ERROR 1045 (28000): Access denied for user 'niley-dev'@'localhost' (using password: NO)
(TR) niley-dev@A1server:~/TranlatorIA/src/app$ sudo mysql -u root # mysql -u root -p
Welcome to the MySQL monitor.  Commands end with ; or \g.
Your MySQL connection id is 41
Server version: 8.0.34-0ubuntu0.20.04.1 (Ubuntu)

Copyright (c) 2000, 2023, Oracle and/or its affiliates.

Oracle is a registered trademark of Oracle Corporation and/or its
affiliates. Other names may be trademarks of their respective
owners.

Type 'help;' or '\h' for help. Type '\c' to clear the current input statement.

mysql> show databases;
+--------------------+
| Database           |
+--------------------+
| YML_Multilanguage  |
| information_schema |
| mysql              |
| performance_schema |
| phpmyadmin         |
| sys                |
+--------------------+
6 rows in set (0.00 sec)

mysql> use YML_Multilanguage
Database changed
mysql> show tables
    -> ;
Empty set (0.00 sec)

mysql> ^C
mysql> ^DBye
(TR) niley-dev@A1server:~/TranlatorIA/src/app$ python3 manage.py runserver 108.181.193.15:8000
Watching for file changes with StatReloader
Performing system checks...

System check identified no issues (0 silenced).
Exception in thread django-main-thread:
Traceback (most recent call last):
  File "/home/niley-dev/miniconda3/envs/TR/lib/python3.8/site-packages/django/db/backends/base/base.py", line 289, in ensure_connection
    self.connect()
  File "/home/niley-dev/miniconda3/envs/TR/lib/python3.8/site-packages/django/utils/asyncio.py", line 26, in inner
    return func(*args, **kwargs)
  File "/home/niley-dev/miniconda3/envs/TR/lib/python3.8/site-packages/django/db/backends/base/base.py", line 270, in connect
    self.connection = self.get_new_connection(conn_params)
  File "/home/niley-dev/miniconda3/envs/TR/lib/python3.8/site-packages/django/utils/asyncio.py", line 26, in inner
    return func(*args, **kwargs)
  File "/home/niley-dev/miniconda3/envs/TR/lib/python3.8/site-packages/django/db/backends/mysql/base.py", line 247, in get_new_connection
    connection = Database.connect(**conn_params)
  File "/home/niley-dev/miniconda3/envs/TR/lib/python3.8/site-packages/MySQLdb/__init__.py", line 121, in Connect
    return Connection(*args, **kwargs)
  File "/home/niley-dev/miniconda3/envs/TR/lib/python3.8/site-packages/MySQLdb/connections.py", line 193, in __init__
    super().__init__(*args, **kwargs2)
MySQLdb.OperationalError: (1698, "Access denied for user 'root'@'localhost'")

The above exception was the direct cause of the following exception:

Traceback (most recent call last):
  File "/home/niley-dev/miniconda3/envs/TR/lib/python3.8/threading.py", line 932, in _bootstrap_inner
    self.run()
  File "/home/niley-dev/miniconda3/envs/TR/lib/python3.8/threading.py", line 870, in run
    self._target(*self._args, **self._kwargs)
  File "/home/niley-dev/miniconda3/envs/TR/lib/python3.8/site-packages/django/utils/autoreload.py", line 64, in wrapper
    fn(*args, **kwargs)
  File "/home/niley-dev/miniconda3/envs/TR/lib/python3.8/site-packages/django/core/management/commands/runserver.py", line 136, in inner_run
    self.check_migrations()
  File "/home/niley-dev/miniconda3/envs/TR/lib/python3.8/site-packages/django/core/management/base.py", line 574, in check_migrations
    executor = MigrationExecutor(connections[DEFAULT_DB_ALIAS])
  File "/home/niley-dev/miniconda3/envs/TR/lib/python3.8/site-packages/django/db/migrations/executor.py", line 18, in __init__
    self.loader = MigrationLoader(self.connection)
  File "/home/niley-dev/miniconda3/envs/TR/lib/python3.8/site-packages/django/db/migrations/loader.py", line 58, in __init__
    self.build_graph()
  File "/home/niley-dev/miniconda3/envs/TR/lib/python3.8/site-packages/django/db/migrations/loader.py", line 235, in build_graph
    self.applied_migrations = recorder.applied_migrations()
  File "/home/niley-dev/miniconda3/envs/TR/lib/python3.8/site-packages/django/db/migrations/recorder.py", line 81, in applied_migrations
    if self.has_table():
  File "/home/niley-dev/miniconda3/envs/TR/lib/python3.8/site-packages/django/db/migrations/recorder.py", line 57, in has_table
    with self.connection.cursor() as cursor:
  File "/home/niley-dev/miniconda3/envs/TR/lib/python3.8/site-packages/django/utils/asyncio.py", line 26, in inner
    return func(*args, **kwargs)
  File "/home/niley-dev/miniconda3/envs/TR/lib/python3.8/site-packages/django/db/backends/base/base.py", line 330, in cursor
    return self._cursor()
  File "/home/niley-dev/miniconda3/envs/TR/lib/python3.8/site-packages/django/db/backends/base/base.py", line 306, in _cursor
    self.ensure_connection()
  File "/home/niley-dev/miniconda3/envs/TR/lib/python3.8/site-packages/django/utils/asyncio.py", line 26, in inner
    return func(*args, **kwargs)
  File "/home/niley-dev/miniconda3/envs/TR/lib/python3.8/site-packages/django/db/backends/base/base.py", line 289, in ensure_connection
    self.connect()
  File "/home/niley-dev/miniconda3/envs/TR/lib/python3.8/site-packages/django/db/utils.py", line 91, in __exit__
    raise dj_exc_value.with_traceback(traceback) from exc_value
  File "/home/niley-dev/miniconda3/envs/TR/lib/python3.8/site-packages/django/db/backends/base/base.py", line 289, in ensure_connection
    self.connect()
  File "/home/niley-dev/miniconda3/envs/TR/lib/python3.8/site-packages/django/utils/asyncio.py", line 26, in inner
    return func(*args, **kwargs)
  File "/home/niley-dev/miniconda3/envs/TR/lib/python3.8/site-packages/django/db/backends/base/base.py", line 270, in connect
    self.connection = self.get_new_connection(conn_params)
  File "/home/niley-dev/miniconda3/envs/TR/lib/python3.8/site-packages/django/utils/asyncio.py", line 26, in inner
    return func(*args, **kwargs)
  File "/home/niley-dev/miniconda3/envs/TR/lib/python3.8/site-packages/django/db/backends/mysql/base.py", line 247, in get_new_connection
    connection = Database.connect(**conn_params)
  File "/home/niley-dev/miniconda3/envs/TR/lib/python3.8/site-packages/MySQLdb/__init__.py", line 121, in Connect
    return Connection(*args, **kwargs)
  File "/home/niley-dev/miniconda3/envs/TR/lib/python3.8/site-packages/MySQLdb/connections.py", line 193, in __init__
    super().__init__(*args, **kwargs2)
django.db.utils.OperationalError: (1698, "Access denied for user 'root'@'localhost'")
^C(TR) niley-dev@A1server:~/TranlatorIA/src/app$ python3 manage.py runserver 108.181.193.15:8000
Watching for file changes with StatReloader
Performing system checks...

System check identified no issues (0 silenced).
Exception in thread django-main-thread:
Traceback (most recent call last):
  File "/home/niley-dev/miniconda3/envs/TR/lib/python3.8/site-packages/django/db/backends/base/base.py", line 289, in ensure_connection
    self.connect()
  File "/home/niley-dev/miniconda3/envs/TR/lib/python3.8/site-packages/django/utils/asyncio.py", line 26, in inner
    return func(*args, **kwargs)
  File "/home/niley-dev/miniconda3/envs/TR/lib/python3.8/site-packages/django/db/backends/base/base.py", line 270, in connect
    self.connection = self.get_new_connection(conn_params)
  File "/home/niley-dev/miniconda3/envs/TR/lib/python3.8/site-packages/django/utils/asyncio.py", line 26, in inner
    return func(*args, **kwargs)
  File "/home/niley-dev/miniconda3/envs/TR/lib/python3.8/site-packages/django/db/backends/mysql/base.py", line 247, in get_new_connection
    connection = Database.connect(**conn_params)
  File "/home/niley-dev/miniconda3/envs/TR/lib/python3.8/site-packages/MySQLdb/__init__.py", line 121, in Connect
    return Connection(*args, **kwargs)
  File "/home/niley-dev/miniconda3/envs/TR/lib/python3.8/site-packages/MySQLdb/connections.py", line 193, in __init__
    super().__init__(*args, **kwargs2)
MySQLdb.OperationalError: (1045, "Access denied for user 'your_username'@'localhost' (using password: YES)")

The above exception was the direct cause of the following exception:

Traceback (most recent call last):
  File "/home/niley-dev/miniconda3/envs/TR/lib/python3.8/threading.py", line 932, in _bootstrap_inner
    self.run()
  File "/home/niley-dev/miniconda3/envs/TR/lib/python3.8/threading.py", line 870, in run
    self._target(*self._args, **self._kwargs)
  File "/home/niley-dev/miniconda3/envs/TR/lib/python3.8/site-packages/django/utils/autoreload.py", line 64, in wrapper
    fn(*args, **kwargs)
  File "/home/niley-dev/miniconda3/envs/TR/lib/python3.8/site-packages/django/core/management/commands/runserver.py", line 136, in inner_run
    self.check_migrations()
  File "/home/niley-dev/miniconda3/envs/TR/lib/python3.8/site-packages/django/core/management/base.py", line 574, in check_migrations
    executor = MigrationExecutor(connections[DEFAULT_DB_ALIAS])
  File "/home/niley-dev/miniconda3/envs/TR/lib/python3.8/site-packages/django/db/migrations/executor.py", line 18, in __init__
    self.loader = MigrationLoader(self.connection)
  File "/home/niley-dev/miniconda3/envs/TR/lib/python3.8/site-packages/django/db/migrations/loader.py", line 58, in __init__
    self.build_graph()
  File "/home/niley-dev/miniconda3/envs/TR/lib/python3.8/site-packages/django/db/migrations/loader.py", line 235, in build_graph
    self.applied_migrations = recorder.applied_migrations()
  File "/home/niley-dev/miniconda3/envs/TR/lib/python3.8/site-packages/django/db/migrations/recorder.py", line 81, in applied_migrations
    if self.has_table():
  File "/home/niley-dev/miniconda3/envs/TR/lib/python3.8/site-packages/django/db/migrations/recorder.py", line 57, in has_table
    with self.connection.cursor() as cursor:
  File "/home/niley-dev/miniconda3/envs/TR/lib/python3.8/site-packages/django/utils/asyncio.py", line 26, in inner
    return func(*args, **kwargs)
  File "/home/niley-dev/miniconda3/envs/TR/lib/python3.8/site-packages/django/db/backends/base/base.py", line 330, in cursor
    return self._cursor()
  File "/home/niley-dev/miniconda3/envs/TR/lib/python3.8/site-packages/django/db/backends/base/base.py", line 306, in _cursor
    self.ensure_connection()
  File "/home/niley-dev/miniconda3/envs/TR/lib/python3.8/site-packages/django/utils/asyncio.py", line 26, in inner
    return func(*args, **kwargs)
  File "/home/niley-dev/miniconda3/envs/TR/lib/python3.8/site-packages/django/db/backends/base/base.py", line 289, in ensure_connection
    self.connect()
  File "/home/niley-dev/miniconda3/envs/TR/lib/python3.8/site-packages/django/db/utils.py", line 91, in __exit__
    raise dj_exc_value.with_traceback(traceback) from exc_value
  File "/home/niley-dev/miniconda3/envs/TR/lib/python3.8/site-packages/django/db/backends/base/base.py", line 289, in ensure_connection
    self.connect()
  File "/home/niley-dev/miniconda3/envs/TR/lib/python3.8/site-packages/django/utils/asyncio.py", line 26, in inner
    return func(*args, **kwargs)
  File "/home/niley-dev/miniconda3/envs/TR/lib/python3.8/site-packages/django/db/backends/base/base.py", line 270, in connect
    self.connection = self.get_new_connection(conn_params)
  File "/home/niley-dev/miniconda3/envs/TR/lib/python3.8/site-packages/django/utils/asyncio.py", line 26, in inner
    return func(*args, **kwargs)
  File "/home/niley-dev/miniconda3/envs/TR/lib/python3.8/site-packages/django/db/backends/mysql/base.py", line 247, in get_new_connection
    connection = Database.connect(**conn_params)
  File "/home/niley-dev/miniconda3/envs/TR/lib/python3.8/site-packages/MySQLdb/__init__.py", line 121, in Connect
    return Connection(*args, **kwargs)
  File "/home/niley-dev/miniconda3/envs/TR/lib/python3.8/site-packages/MySQLdb/connections.py", line 193, in __init__
    super().__init__(*args, **kwargs2)
django.db.utils.OperationalError: (1045, "Access denied for user 'your_username'@'localhost' (using password: YES)")
^C(TR) niley-dev@A1server:~/TranlatorIA/src/app$ python3 manage.py dumpdata --natural-foreign --natural-primary -e contenttypes -e auth.Permission > datadump.json
CommandError: Unable to serialize database: (1045, "Access denied for user 'your_username'@'localhost' (using password: YES)")
(TR) niley-dev@A1server:~/TranlatorIA/src/app$ mysql
ERROR 1045 (28000): Access denied for user 'niley-dev'@'localhost' (using password: NO)
(TR) niley-dev@A1server:~/TranlatorIA/src/app$ mysql -u root # mysql -u root -p
ERROR 1698 (28000): Access denied for user 'root'@'localhost'
(TR) niley-dev@A1server:~/TranlatorIA/src/app$ sudo mysql -u root # mysql -u root -p
Welcome to the MySQL monitor.  Commands end with ; or \g.
Your MySQL connection id is 47
Server version: 8.0.34-0ubuntu0.20.04.1 (Ubuntu)

Copyright (c) 2000, 2023, Oracle and/or its affiliates.

Oracle is a registered trademark of Oracle Corporation and/or its
affiliates. Other names may be trademarks of their respective
owners.

Type 'help;' or '\h' for help. Type '\c' to clear the current input statement.

mysql> show databases;
+--------------------+
| Database           |
+--------------------+
| YML_Multilanguage  |
| information_schema |
| mysql              |
| performance_schema |
| phpmyadmin         |
| sys                |
+--------------------+
6 rows in set (0.00 sec)

mysql> GRANT ALL PRIVILEGES ON *.* TO 'nombre_usuario'@'localhost' IDENTIFIED BY 'Pppp54321';
ERROR 1064 (42000): You have an error in your SQL syntax; check the manual that corresponds to your MySQL server version for the right syntax to use near 'IDENTIFIED BY 'Pppp54321'' at line 1
mysql> GRANT ALL PRIVILEGES ON *.* TO 'nombre_usuario'@'localhost'
    -> ;
ERROR 1410 (42000): You are not allowed to create a user with GRANT
mysql> GRANT ALL PRIVILEGES ON *.* TO 'new_usuario'@'localhost'
    -> ;
ERROR 1410 (42000): You are not allowed to create a user with GRANT
mysql> DROP USER 'root'@'localhost' IDENTIFIED BY 'RDJaecYXRU!PnR4ib82jk' FROM mysql.user;
ERROR 1064 (42000): You have an error in your SQL syntax; check the manual that corresponds to your MySQL server version for the right syntax to use near 'IDENTIFIED BY 'RDJaecYXRU!PnR4ib82jk' FROM mysql.user' at line 1
mysql>  DROP USER root@localhost IDENTIFIED BY 'RDJaecYXRU!PnR4ib82jk' FROM mysql.user;
ERROR 1064 (42000): You have an error in your SQL syntax; check the manual that corresponds to your MySQL server version for the right syntax to use near 'IDENTIFIED BY 'RDJaecYXRU!PnR4ib82jk' FROM mysql.user' at line 1
mysql> GRANT ALL PRIVILEGES ON *.* TO 'new_usuario'@'localhost'

^C
mysql> ^DBye
(TR) niley-dev@A1server:~/TranlatorIA/src/app$ sudo mysql_secure_installation

Securing the MySQL server deployment.

Connecting to MySQL using a blank password.
The 'validate_password' component is installed on the server.
The subsequent steps will run with the existing configuration
of the component.

Skipping password set for root as authentication with auth_socket is used by default.
If you would like to use password authentication instead, this can be done with the "ALTER_USER" command.
See https://dev.mysql.com/doc/refman/8.0/en/alter-user.html#alter-user-password-management for more information.

By default, a MySQL installation has an anonymous user,
allowing anyone to log into MySQL without having to have
a user account created for them. This is intended only for
testing, and to make the installation go a bit smoother.
You should remove them before moving into a production
environment.

Remove anonymous users? (Press y|Y for Yes, any other key for No) : Y
Success.


Normally, root should only be allowed to connect from
'localhost'. This ensures that someone cannot guess at
the root password from the network.

Disallow root login remotely? (Press y|Y for Yes, any other key for No) : y
Success.

By default, MySQL comes with a database named 'test' that
anyone can access. This is also intended only for testing,
and should be removed before moving into a production
environment.


Remove test database and access to it? (Press y|Y for Yes, any other key for No) : Y
 - Dropping test database...
Success.

 - Removing privileges on test database...
Success.

Reloading the privilege tables will ensure that all changes
made so far will take effect immediately.

Reload privilege tables now? (Press y|Y for Yes, any other key for No) : Y
Success.

All done!
(TR) niley-dev@A1server:~/TranlatorIA/src/app$  mysql -u root # mysql -u root -p
ERROR 1698 (28000): Access denied for user 'root'@'localhost'
(TR) niley-dev@A1server:~/TranlatorIA/src/app$ sudo mysql -u root # mysql -u root -p
Welcome to the MySQL monitor.  Commands end with ; or \g.
Your MySQL connection id is 51
Server version: 8.0.34-0ubuntu0.20.04.1 (Ubuntu)

Copyright (c) 2000, 2023, Oracle and/or its affiliates.

Oracle is a registered trademark of Oracle Corporation and/or its
affiliates. Other names may be trademarks of their respective
owners.

Type 'help;' or '\h' for help. Type '\c' to clear the current input statement.

mysql> ALTER USER 'root'@'localhost' IDENTIFIED BY 'RDJaecYXRU!PnR4ib82jk';
Query OK, 0 rows affected (0.00 sec)

mysql> CREATE USER 'your_new_username'@'localhost' IDENTIFIED BY 'new_password';
ERROR 1819 (HY000): Your password does not satisfy the current policy requirements
mysql> GRANT ALL PRIVILEGES ON *.* TO 'new_usuario'@'localhost'^C
mysql> ^DBye
(TR) niley-dev@A1server:~/TranlatorIA/src/app$ python3 manage.py dumpdata --natural-foreign --natural-primary -e contenttypes -e auth.Permission > datadump.json
CommandError: Unable to serialize database: (1146, "Table 'YML_Multilanguage.auth_group' doesn't exist")
(TR) niley-dev@A1server:~/TranlatorIA/src/app$ sudo mysql -u root # mysql -u root -p
Welcome to the MySQL monitor.  Commands end with ; or \g.
Your MySQL connection id is 53
Server version: 8.0.34-0ubuntu0.20.04.1 (Ubuntu)

Copyright (c) 2000, 2023, Oracle and/or its affiliates.

Oracle is a registered trademark of Oracle Corporation and/or its
affiliates. Other names may be trademarks of their respective
owners.

Type 'help;' or '\h' for help. Type '\c' to clear the current input statement.

mysql> CREATE DATABASE YML_Multilanguage CHARACTER SET UTF8;
ERROR 1007 (HY000): Can't create database 'YML_Multilanguage'; database exists
mysql> RANT ALL PRIVILEGES ON YML_Multilanguage.* TO your_new_username@localhost;
ERROR 1064 (42000): You have an error in your SQL syntax; check the manual that corresponds to your MySQL server version for the right syntax to use near 'RANT ALL PRIVILEGES ON YML_Multilanguage.* TO your_new_username@localhost' at line 1
mysql> RANT ALL PRIVILEGES ON YML_Multilanguage.* TO 'your_new_username'@'localhost';
ERROR 1064 (42000): You have an error in your SQL syntax; check the manual that corresponds to your MySQL server version for the right syntax to use near 'RANT ALL PRIVILEGES ON YML_Multilanguage.* TO 'your_new_username'@'localhost'' at line 1
mysql> GRANT ALL PRIVILEGES ON YML_Multilanguage.* TO 'your_new_username'@'localhost';
Query OK, 0 rows affected (0.02 sec)

mysql> ^[[A^[[A^[[A^C^C
mysql> RANT ALL PRIVILEGES ON YML_Multilanguage.* TO 'your_new_username'@'localhost';
ERROR 1064 (42000): You have an error in your SQL syntax; check the manual that corresponds to your MySQL server version for the right syntax to use near 'RANT ALL PRIVILEGES ON YML_Multilanguage.* TO 'your_new_username'@'localhost'' at line 1
mysql> ^DBye
(TR) niley-dev@A1server:~/TranlatorIA/src/app$ python3 manage.py dumpdata --natural-foreign --natural-primary -e contenttypes -e auth.Permission > datadump.json
CommandError: Unable to serialize database: (1146, "Table 'YML_Multilanguage.auth_group' doesn't exist")
(TR) niley-dev@A1server:~/TranlatorIA/src/app$ sudo mysql -u root # mysql -u root -p
Welcome to the MySQL monitor.  Commands end with ; or \g.
Your MySQL connection id is 55
Server version: 8.0.34-0ubuntu0.20.04.1 (Ubuntu)

Copyright (c) 2000, 2023, Oracle and/or its affiliates.

Oracle is a registered trademark of Oracle Corporation and/or its
affiliates. Other names may be trademarks of their respective
owners.

Type 'help;' or '\h' for help. Type '\c' to clear the current input statement.

mysql> GRANT ALL PRIVILEGES ON *.* TO 'your_new_user'@'localhost'
    -> ;
ERROR 1410 (42000): You are not allowed to create a user with GRANT
mysql> CREATE USER 'niley-dev'@'localhost' IDENTIFIED WITH auth_socket;
Query OK, 0 rows affected (0.02 sec)

mysql> ^D^C
mysql> ^DBye
(TR) niley-dev@A1server:~/TranlatorIA/src/app$ sudo mysql -u niley-dev  # mysql -u root -p
ERROR 1698 (28000): Access denied for user 'niley-dev'@'localhost'
(TR) niley-dev@A1server:~/TranlatorIA/src/app$ sudo mysql -u root # mysql -u root -p
Welcome to the MySQL monitor.  Commands end with ; or \g.
Your MySQL connection id is 57
Server version: 8.0.34-0ubuntu0.20.04.1 (Ubuntu)

Copyright (c) 2000, 2023, Oracle and/or its affiliates.

Oracle is a registered trademark of Oracle Corporation and/or its
affiliates. Other names may be trademarks of their respective
owners.

Type 'help;' or '\h' for help. Type '\c' to clear the current input statement.

mysql> GRANT ALL PRIVILEGES ON *.* TO 'niley-dev'@'localhost'
    -> ;
Query OK, 0 rows affected (0.02 sec)

mysql> ^C
mysql> ^DBye
(TR) niley-dev@A1server:~/TranlatorIA/src/app$ sudo mysql -u niley-dev # mysql -u root -p
ERROR 1698 (28000): Access denied for user 'niley-dev'@'localhost'
(TR) niley-dev@A1server:~/TranlatorIA/src/app$ mysql -u niley-dev # mysql -u root -p
Welcome to the MySQL monitor.  Commands end with ; or \g.
Your MySQL connection id is 59
Server version: 8.0.34-0ubuntu0.20.04.1 (Ubuntu)

Copyright (c) 2000, 2023, Oracle and/or its affiliates.

Oracle is a registered trademark of Oracle Corporation and/or its
affiliates. Other names may be trademarks of their respective
owners.

Type 'help;' or '\h' for help. Type '\c' to clear the current input statement.

mysql> ^D[A
^C
mysql> ^DBye
(TR) niley-dev@A1server:~/TranlatorIA/src/app$ python3 manage.py dumpdata --natural-foreign --natural-primary -e contenttypes -e auth.Permission > datadump.json
CommandError: Unable to serialize database: (1045, "Access denied for user 'niley-dev@localhost'@'localhost' (using password: NO)")
(TR) niley-dev@A1server:~/TranlatorIA/src/app$ python3 manage.py dumpdata --natural-foreign --natural-primary -e contenttypes -e auth.Permission > datadump.json
CommandError: Unable to serialize database: (1146, "Table 'YML_Multilanguage.auth_group' doesn't exist")
(TR) niley-dev@A1server:~/TranlatorIA/src/app$ python3 manage.py runserver 108.181.193.15:8000
Watching for file changes with StatReloader
Performing system checks...

System check identified no issues (0 silenced).

You have 26 unapplied migration(s). Your project may not work properly until you apply the migrations for app(s): acks, admin, auth, contenttypes, examples, home, sessions.
Run 'python manage.py migrate' to apply them.
October 24, 2023 - 22:21:11
Django version 4.2.6, using settings 'web_base.settings'
Starting development server at http://108.181.193.15:8000/
Quit the server with CONTROL-C.

Invalid HTTP_HOST header: '108.181.193.15:8000'. You may need to add '108.181.193.15' to ALLOWED_HOSTS.
Traceback (most recent call last):
  File "/home/niley-dev/miniconda3/envs/TR/lib/python3.8/site-packages/django/core/handlers/exception.py", line 55, in inner
    response = get_response(request)
  File "/home/niley-dev/miniconda3/envs/TR/lib/python3.8/site-packages/django/utils/deprecation.py", line 133, in __call__
    response = self.process_request(request)
  File "/home/niley-dev/miniconda3/envs/TR/lib/python3.8/site-packages/django/middleware/common.py", line 48, in process_request
    host = request.get_host()
  File "/home/niley-dev/miniconda3/envs/TR/lib/python3.8/site-packages/django/http/request.py", line 150, in get_host
    raise DisallowedHost(msg)
django.core.exceptions.DisallowedHost: Invalid HTTP_HOST header: '108.181.193.15:8000'. You may need to add '108.181.193.15' to ALLOWED_HOSTS.
Bad Request: /
[24/Oct/2023 22:21:25] "GET / HTTP/1.1" 400 66613
Invalid HTTP_HOST header: '108.181.193.15:8000'. You may need to add '108.181.193.15' to ALLOWED_HOSTS.
Traceback (most recent call last):
  File "/home/niley-dev/miniconda3/envs/TR/lib/python3.8/site-packages/django/core/handlers/exception.py", line 55, in inner
    response = get_response(request)
  File "/home/niley-dev/miniconda3/envs/TR/lib/python3.8/site-packages/django/utils/deprecation.py", line 133, in __call__
    response = self.process_request(request)
  File "/home/niley-dev/miniconda3/envs/TR/lib/python3.8/site-packages/django/middleware/common.py", line 48, in process_request
    host = request.get_host()
  File "/home/niley-dev/miniconda3/envs/TR/lib/python3.8/site-packages/django/http/request.py", line 150, in get_host
    raise DisallowedHost(msg)
django.core.exceptions.DisallowedHost: Invalid HTTP_HOST header: '108.181.193.15:8000'. You may need to add '108.181.193.15' to ALLOWED_HOSTS.
Bad Request: /favicon.ico
[24/Oct/2023 22:21:26] "GET /favicon.ico HTTP/1.1" 400 66589
^C(TR) niley-dev@A1server:~/TranlatorIA/src/apppython3 manage.py runserver 108.181.193.15:8000
Watching for file changes with StatReloader
Performing system checks...

System check identified no issues (0 silenced).

You have 26 unapplied migration(s). Your project may not work properly until you apply the migrations for app(s): acks, admin, auth, contenttypes, examples, home, sessions.
Run 'python manage.py migrate' to apply them.
October 24, 2023 - 22:22:32
Django version 4.2.6, using settings 'web_base.settings'
Starting development server at http://108.181.193.15:8000/
Quit the server with CONTROL-C.

[24/Oct/2023 22:22:37] "GET / HTTP/1.1" 200 20023
[24/Oct/2023 22:22:37] "GET /static/assets/img/upload-video-card.jpg HTTP/1.1" 200 99351
[24/Oct/2023 22:22:37] "GET /static/assets/css/material-dashboard.css HTTP/1.1" 200 429391
[24/Oct/2023 22:22:37] "GET /static/assets/img/flags_chat.png HTTP/1.1" 200 324805
[24/Oct/2023 22:22:38] "GET /static/assets/js/core/popper.min.js HTTP/1.1" 200 33477
[24/Oct/2023 22:22:38] "GET /static/assets/js/plugins/perfect-scrollbar.jquery.min.js HTTP/1.1" 200 25332
[24/Oct/2023 22:22:38] "GET /static/assets/js/core/bootstrap-material-design.min.js HTTP/1.1" 200 76652
[24/Oct/2023 22:22:38] "GET /static/assets/js/plugins/moment.min.js HTTP/1.1" 200 58687
[24/Oct/2023 22:22:38] "GET /static/assets/js/core/jquery.min.js HTTP/1.1" 200 145741
[24/Oct/2023 22:22:38] "GET /static/assets/js/plugins/sweetalert2.js HTTP/1.1" 200 123144
[24/Oct/2023 22:22:38] "GET /static/assets/js/plugins/jquery.validate.min.js HTTP/1.1" 200 21090
[24/Oct/2023 22:22:38] "GET /static/assets/js/plugins/jquery.bootstrap-wizard.js HTTP/1.1" 200 13071
[24/Oct/2023 22:22:38] "GET /static/assets/js/plugins/bootstrap-selectpicker.js HTTP/1.1" 200 99232
[24/Oct/2023 22:22:38] "GET /static/assets/js/plugins/bootstrap-datetimepicker.min.js HTTP/1.1" 200 40201
[24/Oct/2023 22:22:38] "GET /static/assets/js/plugins/bootstrap-tagsinput.js HTTP/1.1" 200 22318
[24/Oct/2023 22:22:38] "GET /static/assets/js/plugins/jasny-bootstrap.min.js HTTP/1.1" 200 16780
[24/Oct/2023 22:22:38] "GET /static/assets/js/plugins/jquery-jvectormap.js HTTP/1.1" 200 253881
[24/Oct/2023 22:22:38] "GET /static/assets/js/plugins/fullcalendar.min.js HTTP/1.1" 200 213775
[24/Oct/2023 22:22:39] "GET /static/assets/js/plugins/arrive.min.js HTTP/1.1" 200 5091
[24/Oct/2023 22:22:39] "GET /static/assets/js/plugins/chartist.min.js HTTP/1.1" 200 40174
[24/Oct/2023 22:22:39] "GET /static/assets/js/plugins/jquery.dataTables.min.js HTTP/1.1" 200 2183500
[24/Oct/2023 22:22:39] "GET /static/assets/js/plugins/bootstrap-notify.js HTTP/1.1" 200 14466
[24/Oct/2023 22:22:39] "GET /static/assets/js/plugins/nouislider.min.js HTTP/1.1" 200 21163
[24/Oct/2023 22:22:39] "GET /static/assets/js/material-dashboard.js?v=2.1.2 HTTP/1.1" 200 19482
[24/Oct/2023 22:22:39] "GET /static/assets/demo/demo.js HTTP/1.1" 200 6529
[24/Oct/2023 22:22:39] "GET /static/assets/img/favicon.png HTTP/1.1" 200 2761
Internal Server Error: /
Traceback (most recent call last):
  File "/home/niley-dev/miniconda3/envs/TR/lib/python3.8/site-packages/django/db/backends/utils.py", line 89, in _execute
    return self.cursor.execute(sql, params)
  File "/home/niley-dev/miniconda3/envs/TR/lib/python3.8/site-packages/django/db/backends/mysql/base.py", line 75, in execute
    return self.cursor.execute(query, args)
  File "/home/niley-dev/miniconda3/envs/TR/lib/python3.8/site-packages/MySQLdb/cursors.py", line 179, in execute
    res = self._query(mogrified_query)
  File "/home/niley-dev/miniconda3/envs/TR/lib/python3.8/site-packages/MySQLdb/cursors.py", line 330, in _query
    db.query(q)
  File "/home/niley-dev/miniconda3/envs/TR/lib/python3.8/site-packages/MySQLdb/connections.py", line 255, in query
    _mysql.connection.query(self, query)
MySQLdb.ProgrammingError: (1146, "Table 'YML_Multilanguage.django_session' doesn't exist")

The above exception was the direct cause of the following exception:

Traceback (most recent call last):
  File "/home/niley-dev/miniconda3/envs/TR/lib/python3.8/site-packages/django/core/handlers/exception.py", line 55, in inner
    response = get_response(request)
  File "/home/niley-dev/miniconda3/envs/TR/lib/python3.8/site-packages/django/utils/deprecation.py", line 136, in __call__
    response = self.process_response(request, response)
  File "/home/niley-dev/miniconda3/envs/TR/lib/python3.8/site-packages/django/contrib/sessions/middleware.py", line 59, in process_response
    request.session.save()
  File "/home/niley-dev/miniconda3/envs/TR/lib/python3.8/site-packages/django/contrib/sessions/backends/db.py", line 80, in save
    return self.create()
  File "/home/niley-dev/miniconda3/envs/TR/lib/python3.8/site-packages/django/contrib/sessions/backends/db.py", line 50, in create
    self._session_key = self._get_new_session_key()
  File "/home/niley-dev/miniconda3/envs/TR/lib/python3.8/site-packages/django/contrib/sessions/backends/base.py", line 150, in _get_new_session_key
    if not self.exists(session_key):
  File "/home/niley-dev/miniconda3/envs/TR/lib/python3.8/site-packages/django/contrib/sessions/backends/db.py", line 46, in exists
    return self.model.objects.filter(session_key=session_key).exists()
  File "/home/niley-dev/miniconda3/envs/TR/lib/python3.8/site-packages/django/db/models/query.py", line 1241, in exists
    return self.query.has_results(using=self.db)
  File "/home/niley-dev/miniconda3/envs/TR/lib/python3.8/site-packages/django/db/models/sql/query.py", line 598, in has_results
    return compiler.has_results()
  File "/home/niley-dev/miniconda3/envs/TR/lib/python3.8/site-packages/django/db/models/sql/compiler.py", line 1530, in has_results
    return bool(self.execute_sql(SINGLE))
  File "/home/niley-dev/miniconda3/envs/TR/lib/python3.8/site-packages/django/db/models/sql/compiler.py", line 1562, in execute_sql
    cursor.execute(sql, params)
  File "/home/niley-dev/miniconda3/envs/TR/lib/python3.8/site-packages/django/db/backends/utils.py", line 102, in execute
    return super().execute(sql, params)
  File "/home/niley-dev/miniconda3/envs/TR/lib/python3.8/site-packages/django/db/backends/utils.py", line 67, in execute
    return self._execute_with_wrappers(
  File "/home/niley-dev/miniconda3/envs/TR/lib/python3.8/site-packages/django/db/backends/utils.py", line 80, in _execute_with_wrappers
    return executor(sql, params, many, context)
  File "/home/niley-dev/miniconda3/envs/TR/lib/python3.8/site-packages/django/db/backends/utils.py", line 89, in _execute
    return self.cursor.execute(sql, params)
  File "/home/niley-dev/miniconda3/envs/TR/lib/python3.8/site-packages/django/db/utils.py", line 91, in __exit__
    raise dj_exc_value.with_traceback(traceback) from exc_value
  File "/home/niley-dev/miniconda3/envs/TR/lib/python3.8/site-packages/django/db/backends/utils.py", line 89, in _execute
    return self.cursor.execute(sql, params)
  File "/home/niley-dev/miniconda3/envs/TR/lib/python3.8/site-packages/django/db/backends/mysql/base.py", line 75, in execute
    return self.cursor.execute(query, args)
  File "/home/niley-dev/miniconda3/envs/TR/lib/python3.8/site-packages/MySQLdb/cursors.py", line 179, in execute
    res = self._query(mogrified_query)
  File "/home/niley-dev/miniconda3/envs/TR/lib/python3.8/site-packages/MySQLdb/cursors.py", line 330, in _query
    db.query(q)
  File "/home/niley-dev/miniconda3/envs/TR/lib/python3.8/site-packages/MySQLdb/connections.py", line 255, in query
    _mysql.connection.query(self, query)
django.db.utils.ProgrammingError: (1146, "Table 'YML_Multilanguage.django_session' doesn't exist")
[24/Oct/2023 22:22:55] "POST / HTTP/1.1" 500 162902
Not Found: /favicon.ico
[24/Oct/2023 22:22:56] "GET /favicon.ico HTTP/1.1" 404 2714
^C(TR) niley-dev@A1server:~/TranlatorIA/src/app$ python3 manage.py dumpdata --natural-foreign --natural-primary -e contenttypes -e auth.Permission > datadump.json
CommandError: Unable to serialize database: (1146, "Table 'YML_Multilanguage.auth_group' doesn't exist")
(TR) niley-dev@A1server:~/TranlatorIA/src/app$ nano datadump.json
(TR) niley-dev@A1server:~/TranlatorIA/src/app$ python manage.py makemigrations
Migrations for 'examples':
  examples/migrations/0006_alter_example_generated_video_and_more.py
    - Alter field generated_video on example
    - Alter field source_video on example
(TR) niley-dev@A1server:~/TranlatorIA/src/app$ python manage.py migrate
Operations to perform:
  Apply all migrations: acks, admin, auth, contenttypes, examples, home, sessions
Running migrations:
  Applying acks.0001_initial... OK
  Applying acks.0002_alter_acknowledge_icon... OK
  Applying contenttypes.0001_initial... OK
  Applying auth.0001_initial... OK
  Applying admin.0001_initial... OK
  Applying admin.0002_logentry_remove_auto_add... OK
  Applying admin.0003_logentry_add_action_flag_choices... OK
  Applying contenttypes.0002_remove_content_type_name... OK
  Applying auth.0002_alter_permission_name_max_length... OK
  Applying auth.0003_alter_user_email_max_length... OK
  Applying auth.0004_alter_user_username_opts... OK
  Applying auth.0005_alter_user_last_login_null... OK
  Applying auth.0006_require_contenttypes_0002... OK
  Applying auth.0007_alter_validators_add_error_messages... OK
  Applying auth.0008_alter_user_username_max_length... OK
  Applying auth.0009_alter_user_last_name_max_length... OK
  Applying auth.0010_alter_group_name_max_length... OK
  Applying auth.0011_update_proxy_permissions... OK
  Applying auth.0012_alter_user_first_name_max_length... OK
  Applying examples.0001_initial... OK
  Applying examples.0002_example_preview... OK
  Applying examples.0003_alter_example_generated_video_and_more... OK
  Applying examples.0004_alter_example_generated_video_alter_example_preview_and_more... OK
  Applying examples.0005_remove_example_dest_text_remove_example_source_text_and_more... OK
  Applying examples.0006_alter_example_generated_video_and_more... OK
  Applying home.0001_initial... OK
  Applying sessions.0001_initial... OK
(TR) niley-dev@A1server:~/TranlatorIA/src/app$ python3 manage.py runserver 108.181.193.15:8000
Watching for file changes with StatReloader
Performing system checks...

System check identified no issues (0 silenced).
October 24, 2023 - 22:26:26
Django version 4.2.6, using settings 'web_base.settings'
Starting development server at http://108.181.193.15:8000/
Quit the server with CONTROL-C.

Invalid HTTP_HOST header: 'yml.keypad-ai.com:8000'. You may need to add 'yml.keypad-ai.com' to ALLOWED_HOSTS.
Traceback (most recent call last):
  File "/home/niley-dev/miniconda3/envs/TR/lib/python3.8/site-packages/django/core/handlers/exception.py", line 55, in inner
    response = get_response(request)
  File "/home/niley-dev/miniconda3/envs/TR/lib/python3.8/site-packages/django/utils/deprecation.py", line 133, in __call__
    response = self.process_request(request)
  File "/home/niley-dev/miniconda3/envs/TR/lib/python3.8/site-packages/django/middleware/common.py", line 48, in process_request
    host = request.get_host()
  File "/home/niley-dev/miniconda3/envs/TR/lib/python3.8/site-packages/django/http/request.py", line 150, in get_host
    raise DisallowedHost(msg)
django.core.exceptions.DisallowedHost: Invalid HTTP_HOST header: 'yml.keypad-ai.com:8000'. You may need to add 'yml.keypad-ai.com' to ALLOWED_HOSTS.
Bad Request: /
[24/Oct/2023 22:27:22] "GET / HTTP/1.1" 400 65654
Invalid HTTP_HOST header: 'yml.keypad-ai.com:8000'. You may need to add 'yml.keypad-ai.com' to ALLOWED_HOSTS.
Traceback (most recent call last):
  File "/home/niley-dev/miniconda3/envs/TR/lib/python3.8/site-packages/django/core/handlers/exception.py", line 55, in inner
    response = get_response(request)
  File "/home/niley-dev/miniconda3/envs/TR/lib/python3.8/site-packages/django/utils/deprecation.py", line 133, in __call__
    response = self.process_request(request)
  File "/home/niley-dev/miniconda3/envs/TR/lib/python3.8/site-packages/django/middleware/common.py", line 48, in process_request
    host = request.get_host()
  File "/home/niley-dev/miniconda3/envs/TR/lib/python3.8/site-packages/django/http/request.py", line 150, in get_host
    raise DisallowedHost(msg)
django.core.exceptions.DisallowedHost: Invalid HTTP_HOST header: 'yml.keypad-ai.com:8000'. You may need to add 'yml.keypad-ai.com' to ALLOWED_HOSTS.
Bad Request: /favicon.ico
[24/Oct/2023 22:27:23] "GET /favicon.ico HTTP/1.1" 400 65644
^C(TR) niley-dev@A1server:~/TranlatorIA/src/app$ python3 manage.py runserver 108.181.193.15:8000
Watching for file changes with StatReloader
Performing system checks...

System check identified no issues (0 silenced).
October 24, 2023 - 22:28:16
Django version 4.2.6, using settings 'web_base.settings'
Starting development server at http://108.181.193.15:8000/
Quit the server with CONTROL-C.

[24/Oct/2023 22:28:16] "GET / HTTP/1.1" 200 20023
[24/Oct/2023 22:28:16] "GET /static/assets/js/core/popper.min.js HTTP/1.1" 200 33477
[24/Oct/2023 22:28:16] "GET /static/assets/js/plugins/perfect-scrollbar.jquery.min.js HTTP/1.1" 200 25332
[24/Oct/2023 22:28:16] "GET /static/assets/js/plugins/moment.min.js HTTP/1.1" 200 58687
[24/Oct/2023 22:28:16] "GET /static/assets/js/core/bootstrap-material-design.min.js HTTP/1.1" 200 76652
[24/Oct/2023 22:28:16] "GET /static/assets/js/plugins/sweetalert2.js HTTP/1.1" 200 123144
[24/Oct/2023 22:28:17] "GET /static/assets/js/plugins/fullcalendar.min.js HTTP/1.1" 200 213775
[24/Oct/2023 22:28:17] "GET /static/assets/js/plugins/jquery.bootstrap-wizard.js HTTP/1.1" 200 13071
[24/Oct/2023 22:28:17] "GET /static/assets/js/plugins/jquery.validate.min.js HTTP/1.1" 200 21090
[24/Oct/2023 22:28:17] "GET /static/assets/js/plugins/bootstrap-datetimepicker.min.js HTTP/1.1" 200 40201
[24/Oct/2023 22:28:17] "GET /static/assets/js/plugins/bootstrap-selectpicker.js HTTP/1.1" 200 99232
[24/Oct/2023 22:28:17] "GET /static/assets/js/plugins/bootstrap-tagsinput.js HTTP/1.1" 200 22318
[24/Oct/2023 22:28:17] "GET /static/assets/js/plugins/jasny-bootstrap.min.js HTTP/1.1" 200 16780
[24/Oct/2023 22:28:17] "GET /static/assets/js/plugins/nouislider.min.js HTTP/1.1" 200 21163
[24/Oct/2023 22:28:17] "GET /static/assets/js/plugins/jquery-jvectormap.js HTTP/1.1" 200 253881
[24/Oct/2023 22:28:17] "GET /static/assets/js/plugins/arrive.min.js HTTP/1.1" 200 5091
[24/Oct/2023 22:28:17] "GET /static/assets/js/core/jquery.min.js HTTP/1.1" 200 145741
[24/Oct/2023 22:28:17] "GET /static/assets/css/material-dashboard.css HTTP/1.1" 200 429391
[24/Oct/2023 22:28:17] "GET /static/assets/js/plugins/jquery.dataTables.min.js HTTP/1.1" 200 2183500
[24/Oct/2023 22:28:18] "GET /static/assets/js/material-dashboard.js?v=2.1.2 HTTP/1.1" 200 19482
[24/Oct/2023 22:28:18] "GET /static/assets/js/plugins/bootstrap-notify.js HTTP/1.1" 200 14466
[24/Oct/2023 22:28:18] "GET /static/assets/js/plugins/chartist.min.js HTTP/1.1" 200 40174
[24/Oct/2023 22:28:18] "GET /static/assets/demo/demo.js HTTP/1.1" 200 6529
[24/Oct/2023 22:28:18] "GET /static/assets/img/upload-video-card.jpg HTTP/1.1" 200 99351
[24/Oct/2023 22:28:18] "GET /static/assets/img/flags_chat.png HTTP/1.1" 200 324805
[24/Oct/2023 22:28:19] "GET /static/assets/img/favicon.png HTTP/1.1" 200 2761
[24/Oct/2023 22:28:19] "GET /static/assets/img/apple-icon.png HTTP/1.1" 200 2446
[24/Oct/2023 22:28:29] "POST / HTTP/1.1" 302 0
[24/Oct/2023 22:28:30] "GET /vidtranslation/ HTTP/1.1" 200 24647
[24/Oct/2023 22:28:32] "GET /static/videos/hue57K4AjreeYCE6.mp4 HTTP/1.1" 200 9441383
Downloading (…)lve/main/config.yaml: 100%|█████████████████████████████████████████████████████████████████████████████████████████████████████████████████| 500/500 [00:00<00:00, 54.0kB/s]
Downloading pytorch_model.bin: 100%|███████████████████████████████████████████████████████████████████████████████████████████████████████████████████| 17.7M/17.7M [00:01<00:00, 11.5MB/s]
Downloading (…)/2022.07/config.yaml: 100%|█████████████████████████████████████████████████████████████████████████████████████████████████████████████████| 318/318 [00:00<00:00, 32.0kB/s]
Lightning automatically upgraded your loaded checkpoint from v1.5.4 to v2.1.0. To apply the upgrade to your files permanently, run `python -m pytorch_lightning.utilities.upgrade_checkpoint ../../../.cache/torch/pyannote/models--pyannote--segmentation/snapshots/c4c8ceafcbb3a7a280c2d357aee9fbc9b0be7f9b/pytorch_model.bin`
Model was trained with pyannote.audio 0.0.1, yours is 3.0.1. Bad things might happen unless you revert pyannote.audio to 0.x.
Model was trained with torch 1.10.0+cu102, yours is 2.1.0. Bad things might happen unless you revert torch to 1.x.
Downloading (…)ain/hyperparams.yaml: 100%|█████████████████████████████████████████████████████████████████████████████████████████████████████████████| 1.92k/1.92k [00:00<00:00, 1.11MB/s]
Downloading embedding_model.ckpt: 100%|████████████████████████████████████████████████████████████████████████████████████████████████████████████████| 83.3M/83.3M [00:07<00:00, 11.6MB/s]
Downloading (…)an_var_norm_emb.ckpt: 100%|██████████████████████████████████████████████████████████████████████████████████████████████████████████████| 1.92k/1.92k [00:00<00:00, 220kB/s]
Downloading classifier.ckpt: 100%|█████████████████████████████████████████████████████████████████████████████████████████████████████████████████████| 5.53M/5.53M [00:00<00:00, 11.4MB/s]
Downloading (…)in/label_encoder.txt: 100%|███████████████████████████████████████████████████████████████████████████████████████████████████████████████| 129k/129k [00:00<00:00, 13.3MB/s]
[W NNPACK.cpp:64] Could not initialize NNPACK! Reason: Unsupported hardware.
Internal Server Error: /vidtranslation/
Traceback (most recent call last):
  File "/home/niley-dev/miniconda3/envs/TR/lib/python3.8/site-packages/django/core/handlers/exception.py", line 55, in inner
    response = get_response(request)
  File "/home/niley-dev/miniconda3/envs/TR/lib/python3.8/site-packages/django/core/handlers/base.py", line 197, in _get_response
    response = wrapped_callback(request, *callback_args, **callback_kwargs)
  File "/home/niley-dev/TranlatorIA/src/app/video_translation/views.py", line 131, in translation
    source_text = processor.get_speech_to_text(source_lang, "tiny")
  File "/home/niley-dev/TranlatorIA/src/core/main.py", line 187, in get_speech_to_text
    self.source_audio, phrases = audio_split_and_S2T(self.source_audio, GPU_USAGE, whisper_model)
  File "/home/niley-dev/TranlatorIA/src/core/audio_video_separation.py", line 293, in audio_split_and_S2T
    transcript = S2T_Whisper(model_selected=whisper_model, use_GPU=False)
  File "/home/niley-dev/TranlatorIA/src/core/speech_to_text.py", line 191, in __init__
    self.model: whisper.Whisper = whisper.load_model(model_selected)
AttributeError: module 'whisper' has no attribute 'load_model'
[24/Oct/2023 22:31:40] "POST /vidtranslation/ HTTP/1.1" 500 80489
Not Found: /favicon.ico
[24/Oct/2023 22:31:41] "GET /favicon.ico HTTP/1.1" 404 2714
/home/niley-dev/TranlatorIA/src/app/web_base/settings.py changed, reloading.
Watching for file changes with StatReloader
Exception in thread django-main-thread:
Traceback (most recent call last):
  File "/home/niley-dev/miniconda3/envs/TR/lib/python3.8/threading.py", line 932, in _bootstrap_inner
    self.run()
  File "/home/niley-dev/miniconda3/envs/TR/lib/python3.8/threading.py", line 870, in run
    self._target(*self._args, **self._kwargs)
  File "/home/niley-dev/miniconda3/envs/TR/lib/python3.8/site-packages/django/utils/autoreload.py", line 64, in wrapper
    fn(*args, **kwargs)
  File "/home/niley-dev/miniconda3/envs/TR/lib/python3.8/site-packages/django/core/management/commands/runserver.py", line 125, in inner_run
    autoreload.raise_last_exception()
  File "/home/niley-dev/miniconda3/envs/TR/lib/python3.8/site-packages/django/utils/autoreload.py", line 87, in raise_last_exception
    raise _exception[1]
  File "/home/niley-dev/miniconda3/envs/TR/lib/python3.8/site-packages/django/core/management/__init__.py", line 394, in execute
    autoreload.check_errors(django.setup)()
  File "/home/niley-dev/miniconda3/envs/TR/lib/python3.8/site-packages/django/utils/autoreload.py", line 64, in wrapper
    fn(*args, **kwargs)
  File "/home/niley-dev/miniconda3/envs/TR/lib/python3.8/site-packages/django/__init__.py", line 24, in setup
    apps.populate(settings.INSTALLED_APPS)
  File "/home/niley-dev/miniconda3/envs/TR/lib/python3.8/site-packages/django/apps/registry.py", line 93, in populate
    raise ImproperlyConfigured(
django.core.exceptions.ImproperlyConfigured: Application labels aren't unique, duplicates: sessions
^C(TR) niley-dev@A1server:~/TranlatorIA/src/app$ python manage.py makemigrations
Traceback (most recent call last):
  File "manage.py", line 22, in <module>
    main()
  File "manage.py", line 18, in main
    execute_from_command_line(sys.argv)
  File "/home/niley-dev/miniconda3/envs/TR/lib/python3.8/site-packages/django/core/management/__init__.py", line 442, in execute_from_command_line
    utility.execute()
  File "/home/niley-dev/miniconda3/envs/TR/lib/python3.8/site-packages/django/core/management/__init__.py", line 416, in execute
    django.setup()
  File "/home/niley-dev/miniconda3/envs/TR/lib/python3.8/site-packages/django/__init__.py", line 24, in setup
    apps.populate(settings.INSTALLED_APPS)
  File "/home/niley-dev/miniconda3/envs/TR/lib/python3.8/site-packages/django/apps/registry.py", line 93, in populate
    raise ImproperlyConfigured(
django.core.exceptions.ImproperlyConfigured: Application labels aren't unique, duplicates: sessions
(TR) niley-dev@A1server:~/TranlatorIA/src/app$ pip install git+https://github.com/openai/whisper.git
Collecting git+https://github.com/openai/whisper.git
  Cloning https://github.com/openai/whisper.git to /tmp/pip-req-build-5o6kwsce
  Running command git clone --filter=blob:none --quiet https://github.com/openai/whisper.git /tmp/pip-req-build-5o6kwsce
  Resolved https://github.com/openai/whisper.git to commit b38a1f20f4b23f3f3099af2c3e0ca95627276ddf
  Installing build dependencies ... done
  Getting requirements to build wheel ... done
  Preparing metadata (pyproject.toml) ... done
Collecting triton==2.0.0 (from openai-whisper==20230918)
  Downloading triton-2.0.0-1-cp38-cp38-manylinux2014_x86_64.manylinux_2_17_x86_64.whl (63.2 MB)
     ━━━━━━━━━━━━━━━━━━━━━━━━━━━━━━━━━━━━━━━━ 63.2/63.2 MB 9.5 MB/s eta 0:00:00
Requirement already satisfied: numba in /home/niley-dev/miniconda3/envs/TR/lib/python3.8/site-packages (from openai-whisper==20230918) (0.58.1)
Requirement already satisfied: numpy in /home/niley-dev/miniconda3/envs/TR/lib/python3.8/site-packages (from openai-whisper==20230918) (1.24.3)
Requirement already satisfied: torch in /home/niley-dev/miniconda3/envs/TR/lib/python3.8/site-packages (from openai-whisper==20230918) (2.1.0)
Requirement already satisfied: tqdm in /home/niley-dev/miniconda3/envs/TR/lib/python3.8/site-packages (from openai-whisper==20230918) (4.66.1)
Collecting more-itertools (from openai-whisper==20230918)
  Downloading more_itertools-10.1.0-py3-none-any.whl.metadata (33 kB)
Collecting tiktoken==0.3.3 (from openai-whisper==20230918)
  Downloading tiktoken-0.3.3-cp38-cp38-manylinux_2_17_x86_64.manylinux2014_x86_64.whl (1.7 MB)
     ━━━━━━━━━━━━━━━━━━━━━━━━━━━━━━━━━━━━━━━━ 1.7/1.7 MB 10.6 MB/s eta 0:00:00
Requirement already satisfied: regex>=2022.1.18 in /home/niley-dev/miniconda3/envs/TR/lib/python3.8/site-packages (from tiktoken==0.3.3->openai-whisper==20230918) (2023.10.3)
Requirement already satisfied: requests>=2.26.0 in /home/niley-dev/miniconda3/envs/TR/lib/python3.8/site-packages (from tiktoken==0.3.3->openai-whisper==20230918) (2.31.0)
Collecting cmake (from triton==2.0.0->openai-whisper==20230918)
  Downloading cmake-3.27.7-py2.py3-none-manylinux2014_x86_64.manylinux_2_17_x86_64.whl.metadata (6.7 kB)
Requirement already satisfied: filelock in /home/niley-dev/miniconda3/envs/TR/lib/python3.8/site-packages (from triton==2.0.0->openai-whisper==20230918) (3.9.0)
Collecting lit (from triton==2.0.0->openai-whisper==20230918)
  Downloading lit-17.0.3.tar.gz (154 kB)
     ━━━━━━━━━━━━━━━━━━━━━━━━━━━━━━━━━━━━━━━━ 154.7/154.7 kB 8.7 MB/s eta 0:00:00
  Installing build dependencies ... done
  Getting requirements to build wheel ... done
  Installing backend dependencies ... done
  Preparing metadata (pyproject.toml) ... done
Requirement already satisfied: llvmlite<0.42,>=0.41.0dev0 in /home/niley-dev/miniconda3/envs/TR/lib/python3.8/site-packages (from numba->openai-whisper==20230918) (0.41.1)
Requirement already satisfied: importlib-metadata in /home/niley-dev/miniconda3/envs/TR/lib/python3.8/site-packages (from numba->openai-whisper==20230918) (6.8.0)
Requirement already satisfied: typing-extensions in /home/niley-dev/miniconda3/envs/TR/lib/python3.8/site-packages (from torch->openai-whisper==20230918) (4.7.1)
Requirement already satisfied: sympy in /home/niley-dev/miniconda3/envs/TR/lib/python3.8/site-packages (from torch->openai-whisper==20230918) (1.11.1)
Requirement already satisfied: networkx in /home/niley-dev/miniconda3/envs/TR/lib/python3.8/site-packages (from torch->openai-whisper==20230918) (3.1)
Requirement already satisfied: jinja2 in /home/niley-dev/miniconda3/envs/TR/lib/python3.8/site-packages (from torch->openai-whisper==20230918) (3.1.2)
Requirement already satisfied: fsspec in /home/niley-dev/miniconda3/envs/TR/lib/python3.8/site-packages (from torch->openai-whisper==20230918) (2023.10.0)
Requirement already satisfied: charset-normalizer<4,>=2 in /home/niley-dev/miniconda3/envs/TR/lib/python3.8/site-packages (from requests>=2.26.0->tiktoken==0.3.3->openai-whisper==20230918) (2.0.4)
Requirement already satisfied: idna<4,>=2.5 in /home/niley-dev/miniconda3/envs/TR/lib/python3.8/site-packages (from requests>=2.26.0->tiktoken==0.3.3->openai-whisper==20230918) (2.10)
Requirement already satisfied: urllib3<3,>=1.21.1 in /home/niley-dev/miniconda3/envs/TR/lib/python3.8/site-packages (from requests>=2.26.0->tiktoken==0.3.3->openai-whisper==20230918) (1.26.16)
Requirement already satisfied: certifi>=2017.4.17 in /home/niley-dev/miniconda3/envs/TR/lib/python3.8/site-packages (from requests>=2.26.0->tiktoken==0.3.3->openai-whisper==20230918) (2023.7.22)
Requirement already satisfied: zipp>=0.5 in /home/niley-dev/miniconda3/envs/TR/lib/python3.8/site-packages (from importlib-metadata->numba->openai-whisper==20230918) (3.17.0)
Requirement already satisfied: MarkupSafe>=2.0 in /home/niley-dev/miniconda3/envs/TR/lib/python3.8/site-packages (from jinja2->torch->openai-whisper==20230918) (2.1.1)
Requirement already satisfied: mpmath>=0.19 in /home/niley-dev/miniconda3/envs/TR/lib/python3.8/site-packages (from sympy->torch->openai-whisper==20230918) (1.3.0)
Downloading more_itertools-10.1.0-py3-none-any.whl (55 kB)
   ━━━━━━━━━━━━━━━━━━━━━━━━━━━━━━━━━━━━━━━━ 55.8/55.8 kB 5.9 MB/s eta 0:00:00
Downloading cmake-3.27.7-py2.py3-none-manylinux2014_x86_64.manylinux_2_17_x86_64.whl (26.0 MB)
   ━━━━━━━━━━━━━━━━━━━━━━━━━━━━━━━━━━━━━━━━ 26.0/26.0 MB 9.9 MB/s eta 0:00:00
Building wheels for collected packages: openai-whisper, lit
  Building wheel for openai-whisper (pyproject.toml) ... done
  Created wheel for openai-whisper: filename=openai_whisper-20230918-py3-none-any.whl size=798405 sha256=43c17e402035b71bfdd6e43770acf43ffe7239abf80ae10fc37703df871cb5d4
  Stored in directory: /tmp/pip-ephem-wheel-cache-ztjupukq/wheels/a7/70/18/b7693c07b1d18b3dafb328f5d0496aa0d41a9c09ef332fd8e6
  Building wheel for lit (pyproject.toml) ... done
  Created wheel for lit: filename=lit-17.0.3-py3-none-any.whl size=93257 sha256=d906e157c1877a285cb42475f49a4f9ad4ac532846b8ca9cad972cf0e57d8949
  Stored in directory: /home/niley-dev/.cache/pip/wheels/07/c6/86/00df846947621e28614e15065450896d2fe35cd87bc79242cf
Successfully built openai-whisper lit
Installing collected packages: lit, cmake, more-itertools, tiktoken, triton, openai-whisper
  Attempting uninstall: triton
    Found existing installation: triton 2.1.0
    Uninstalling triton-2.1.0:
      Successfully uninstalled triton-2.1.0
Successfully installed cmake-3.27.7 lit-17.0.3 more-itertools-10.1.0 openai-whisper-20230918 tiktoken-0.3.3 triton-2.0.0
(TR) niley-dev@A1server:~/TranlatorIA/src/app$ python3 manage.py runserver 108.181.193.15:8000
Watching for file changes with StatReloader
Exception in thread django-main-thread:
Traceback (most recent call last):
  File "/home/niley-dev/miniconda3/envs/TR/lib/python3.8/threading.py", line 932, in _bootstrap_inner
    self.run()
  File "/home/niley-dev/miniconda3/envs/TR/lib/python3.8/threading.py", line 870, in run
    self._target(*self._args, **self._kwargs)
  File "/home/niley-dev/miniconda3/envs/TR/lib/python3.8/site-packages/django/utils/autoreload.py", line 64, in wrapper
    fn(*args, **kwargs)
  File "/home/niley-dev/miniconda3/envs/TR/lib/python3.8/site-packages/django/core/management/commands/runserver.py", line 125, in inner_run
    autoreload.raise_last_exception()
  File "/home/niley-dev/miniconda3/envs/TR/lib/python3.8/site-packages/django/utils/autoreload.py", line 87, in raise_last_exception
    raise _exception[1]
  File "/home/niley-dev/miniconda3/envs/TR/lib/python3.8/site-packages/django/core/management/__init__.py", line 394, in execute
    autoreload.check_errors(django.setup)()
  File "/home/niley-dev/miniconda3/envs/TR/lib/python3.8/site-packages/django/utils/autoreload.py", line 64, in wrapper
    fn(*args, **kwargs)
  File "/home/niley-dev/miniconda3/envs/TR/lib/python3.8/site-packages/django/__init__.py", line 24, in setup
    apps.populate(settings.INSTALLED_APPS)
  File "/home/niley-dev/miniconda3/envs/TR/lib/python3.8/site-packages/django/apps/registry.py", line 93, in populate
    raise ImproperlyConfigured(
django.core.exceptions.ImproperlyConfigured: Application labels aren't unique, duplicates: sessions
^C(TR) niley-dev@A1server:~/TranlatorIA/src/app$ython manage.py migrate
Traceback (most recent call last):
  File "manage.py", line 22, in <module>
    main()
  File "manage.py", line 18, in main
    execute_from_command_line(sys.argv)
  File "/home/niley-dev/miniconda3/envs/TR/lib/python3.8/site-packages/django/core/management/__init__.py", line 442, in execute_from_command_line
    utility.execute()
  File "/home/niley-dev/miniconda3/envs/TR/lib/python3.8/site-packages/django/core/management/__init__.py", line 416, in execute
    django.setup()
  File "/home/niley-dev/miniconda3/envs/TR/lib/python3.8/site-packages/django/__init__.py", line 24, in setup
    apps.populate(settings.INSTALLED_APPS)
  File "/home/niley-dev/miniconda3/envs/TR/lib/python3.8/site-packages/django/apps/registry.py", line 93, in populate
    raise ImproperlyConfigured(
django.core.exceptions.ImproperlyConfigured: Application labels aren't unique, duplicates: sessions
(TR) niley-dev@A1server:~/TranlatorIA/src/app$ python3 manage.py runserver 108.181.193.15:8000
Watching for file changes with StatReloader
Performing system checks...

System check identified no issues (0 silenced).
October 24, 2023 - 22:34:55
Django version 4.2.6, using settings 'web_base.settings'
Starting development server at http://108.181.193.15:8000/
Quit the server with CONTROL-C.

[24/Oct/2023 22:35:09] "GET / HTTP/1.1" 200 20023
[24/Oct/2023 22:35:10] "GET /static/assets/css/material-dashboard.css HTTP/1.1" 304 0
[24/Oct/2023 22:35:10] "GET /static/assets/img/upload-video-card.jpg HTTP/1.1" 304 0
[24/Oct/2023 22:35:10] "GET /static/assets/img/flags_chat.png HTTP/1.1" 304 0
[24/Oct/2023 22:35:10] "GET /static/assets/js/core/jquery.min.js HTTP/1.1" 304 0
[24/Oct/2023 22:35:10] "GET /static/assets/js/core/bootstrap-material-design.min.js HTTP/1.1" 304 0
[24/Oct/2023 22:35:10] "GET /static/assets/js/core/popper.min.js HTTP/1.1" 304 0
[24/Oct/2023 22:35:10] "GET /static/assets/js/plugins/perfect-scrollbar.jquery.min.js HTTP/1.1" 304 0
[24/Oct/2023 22:35:10] "GET /static/assets/js/plugins/moment.min.js HTTP/1.1" 304 0
[24/Oct/2023 22:35:10] "GET /static/assets/js/plugins/sweetalert2.js HTTP/1.1" 304 0
[24/Oct/2023 22:35:10] "GET /static/assets/js/plugins/jquery.validate.min.js HTTP/1.1" 304 0
[24/Oct/2023 22:35:10] "GET /static/assets/js/plugins/jquery.bootstrap-wizard.js HTTP/1.1" 304 0
[24/Oct/2023 22:35:10] "GET /static/assets/js/plugins/bootstrap-datetimepicker.min.js HTTP/1.1" 304 0
[24/Oct/2023 22:35:10] "GET /static/assets/js/plugins/jquery.dataTables.min.js HTTP/1.1" 304 0
[24/Oct/2023 22:35:10] "GET /static/assets/js/plugins/bootstrap-tagsinput.js HTTP/1.1" 304 0
[24/Oct/2023 22:35:10] "GET /static/assets/js/plugins/bootstrap-selectpicker.js HTTP/1.1" 304 0
[24/Oct/2023 22:35:11] "GET /static/assets/js/plugins/jasny-bootstrap.min.js HTTP/1.1" 304 0
[24/Oct/2023 22:35:11] "GET /static/assets/js/plugins/fullcalendar.min.js HTTP/1.1" 304 0
[24/Oct/2023 22:35:11] "GET /static/assets/js/plugins/nouislider.min.js HTTP/1.1" 304 0
[24/Oct/2023 22:35:11] "GET /static/assets/js/plugins/arrive.min.js HTTP/1.1" 304 0
[24/Oct/2023 22:35:11] "GET /static/assets/js/plugins/jquery-jvectormap.js HTTP/1.1" 304 0
[24/Oct/2023 22:35:11] "GET /static/assets/js/plugins/chartist.min.js HTTP/1.1" 304 0
[24/Oct/2023 22:35:11] "GET /static/assets/js/plugins/bootstrap-notify.js HTTP/1.1" 304 0
[24/Oct/2023 22:35:11] "GET /static/assets/js/material-dashboard.js?v=2.1.2 HTTP/1.1" 304 0
[24/Oct/2023 22:35:11] "GET /static/assets/demo/demo.js HTTP/1.1" 304 0
[24/Oct/2023 22:35:11] "GET /static/assets/img/favicon.png HTTP/1.1" 304 0
[24/Oct/2023 22:35:23] "POST / HTTP/1.1" 302 0
[24/Oct/2023 22:35:24] "GET /vidtranslation/ HTTP/1.1" 200 24647
[24/Oct/2023 22:35:26] "GET /static/videos/cU6uE1uMnL0T9XSv.mp4 HTTP/1.1" 200 9441383
Lightning automatically upgraded your loaded checkpoint from v1.5.4 to v2.1.0. To apply the upgrade to your files permanently, run `python -m pytorch_lightning.utilities.upgrade_checkpoint ../../../.cache/torch/pyannote/models--pyannote--segmentation/snapshots/c4c8ceafcbb3a7a280c2d357aee9fbc9b0be7f9b/pytorch_model.bin`
Model was trained with pyannote.audio 0.0.1, yours is 3.0.1. Bad things might happen unless you revert pyannote.audio to 0.x.
Model was trained with torch 1.10.0+cu102, yours is 2.1.0. Bad things might happen unless you revert torch to 1.x.
[W NNPACK.cpp:64] Could not initialize NNPACK! Reason: Unsupported hardware.
Lightning automatically upgraded your loaded checkpoint from v1.5.4 to v2.1.0. To apply the upgrade to your files permanently, run `python -m pytorch_lightning.utilities.upgrade_checkpoint ../../../.cache/torch/pyannote/models--pyannote--segmentation/snapshots/c4c8ceafcbb3a7a280c2d357aee9fbc9b0be7f9b/pytorch_model.bin`
Model was trained with pyannote.audio 0.0.1, yours is 3.0.1. Bad things might happen unless you revert pyannote.audio to 0.x.
Model was trained with torch 1.10.0+cu102, yours is 2.1.0. Bad things might happen unless you revert torch to 1.x.
100%|█████████████████████████████████████| 72.1M/72.1M [00:06<00:00, 11.7MiB/s]
[24/Oct/2023 22:40:01] "POST /vidtranslation/ HTTP/1.1" 200 50019
[24/Oct/2023 22:40:29] "POST /vidtranslation/ HTTP/1.1" 200 50019
[24/Oct/2023 22:40:30] "GET /static/videos/cU6uE1uMnL0T9XSv.mp4 HTTP/1.1" 200 9441383
[24/Oct/2023 22:40:48] "POST /vidtranslation/ HTTP/1.1" 200 81369
